../../../../../../../../Drivers/STM32WBxx_HAL_Driver/Inc/stm32wbxx_ll_bus.h:539:22:LL_AHB2_GRP1_EnableClock	8	static
/home/petar/seminar/x-cube-memsmic1/Drivers/BSP/P-NUCLEO-WB55.Nucleo/stm32wbxx_nucleo.c:470:13:SPIx_Init	40	static
/home/petar/seminar/x-cube-memsmic1/Drivers/BSP/P-NUCLEO-WB55.Nucleo/stm32wbxx_nucleo.c:510:13:SPIx_WriteReadData	16	static
/home/petar/seminar/x-cube-memsmic1/Drivers/BSP/P-NUCLEO-WB55.Nucleo/stm32wbxx_nucleo.c:528:13:SPIx_Write	32	static
/home/petar/seminar/x-cube-memsmic1/Drivers/BSP/P-NUCLEO-WB55.Nucleo/stm32wbxx_nucleo.c:133:10:BSP_GetVersion	0	static
/home/petar/seminar/x-cube-memsmic1/Drivers/BSP/P-NUCLEO-WB55.Nucleo/stm32wbxx_nucleo.c:151:6:BSP_LED_Init	40	static
/home/petar/seminar/x-cube-memsmic1/Drivers/BSP/P-NUCLEO-WB55.Nucleo/stm32wbxx_nucleo.c:179:6:BSP_LED_DeInit	16	static
/home/petar/seminar/x-cube-memsmic1/Drivers/BSP/P-NUCLEO-WB55.Nucleo/stm32wbxx_nucleo.c:199:6:BSP_LED_On	0	static
/home/petar/seminar/x-cube-memsmic1/Drivers/BSP/P-NUCLEO-WB55.Nucleo/stm32wbxx_nucleo.c:213:6:BSP_LED_Off	0	static
/home/petar/seminar/x-cube-memsmic1/Drivers/BSP/P-NUCLEO-WB55.Nucleo/stm32wbxx_nucleo.c:227:6:BSP_LED_Toggle	0	static
/home/petar/seminar/x-cube-memsmic1/Drivers/BSP/P-NUCLEO-WB55.Nucleo/stm32wbxx_nucleo.c:254:6:BSP_PB_Init	48	static
/home/petar/seminar/x-cube-memsmic1/Drivers/BSP/P-NUCLEO-WB55.Nucleo/stm32wbxx_nucleo.c:298:6:BSP_PB_DeInit	16	static
/home/petar/seminar/x-cube-memsmic1/Drivers/BSP/P-NUCLEO-WB55.Nucleo/stm32wbxx_nucleo.c:316:10:BSP_PB_GetState	8	static
/home/petar/seminar/x-cube-memsmic1/Drivers/BSP/P-NUCLEO-WB55.Nucleo/stm32wbxx_nucleo.c:336:9:BSP_JOY_Init	120	static
/home/petar/seminar/x-cube-memsmic1/Drivers/BSP/P-NUCLEO-WB55.Nucleo/stm32wbxx_nucleo.c:366:18:BSP_JOY_GetState	8	static
/home/petar/seminar/x-cube-memsmic1/Drivers/BSP/P-NUCLEO-WB55.Nucleo/stm32wbxx_nucleo.c:610:6:SD_IO_CSState	0	static
/home/petar/seminar/x-cube-memsmic1/Drivers/BSP/P-NUCLEO-WB55.Nucleo/stm32wbxx_nucleo.c:629:6:SD_IO_WriteReadData	0	static
/home/petar/seminar/x-cube-memsmic1/Drivers/BSP/P-NUCLEO-WB55.Nucleo/stm32wbxx_nucleo.c:640:9:SD_IO_WriteByte	24	static
/home/petar/seminar/x-cube-memsmic1/Drivers/BSP/P-NUCLEO-WB55.Nucleo/stm32wbxx_nucleo.c:566:6:SD_IO_Init	48	static
/home/petar/seminar/x-cube-memsmic1/Drivers/BSP/P-NUCLEO-WB55.Nucleo/stm32wbxx_nucleo.c:654:6:LCD_IO_Init	40	static
/home/petar/seminar/x-cube-memsmic1/Drivers/BSP/P-NUCLEO-WB55.Nucleo/stm32wbxx_nucleo.c:685:6:LCD_IO_WriteReg	8	static
/home/petar/seminar/x-cube-memsmic1/Drivers/BSP/P-NUCLEO-WB55.Nucleo/stm32wbxx_nucleo.c:706:6:LCD_IO_WriteMultipleData	24	static
/home/petar/seminar/x-cube-memsmic1/Drivers/BSP/P-NUCLEO-WB55.Nucleo/stm32wbxx_nucleo.c:762:6:LCD_Delay	0	static
