/home/petar/seminar/x-cube-memsmic1/Drivers/STM32WBxx_HAL_Driver/Src/stm32wbxx_hal_sai.c:2259:13:SAI_FillFifo	16	static
/home/petar/seminar/x-cube-memsmic1/Drivers/STM32WBxx_HAL_Driver/Src/stm32wbxx_hal_sai.c:2302:17:SAI_InterruptFlag	0	static
/home/petar/seminar/x-cube-memsmic1/Drivers/STM32WBxx_HAL_Driver/Src/stm32wbxx_hal_sai.c:2335:26:SAI_Disable	0	static
/home/petar/seminar/x-cube-memsmic1/Drivers/STM32WBxx_HAL_Driver/Src/stm32wbxx_hal_sai.c:690:13:HAL_SAI_MspInit	0	static
/home/petar/seminar/x-cube-memsmic1/Drivers/STM32WBxx_HAL_Driver/Src/stm32wbxx_hal_sai.c:370:19:HAL_SAI_Init	24	static
/home/petar/seminar/x-cube-memsmic1/Drivers/STM32WBxx_HAL_Driver/Src/stm32wbxx_hal_sai.c:331:19:HAL_SAI_InitProtocol	8	static
/home/petar/seminar/x-cube-memsmic1/Drivers/STM32WBxx_HAL_Driver/Src/stm32wbxx_hal_sai.c:706:13:HAL_SAI_MspDeInit	0	static
/home/petar/seminar/x-cube-memsmic1/Drivers/STM32WBxx_HAL_Driver/Src/stm32wbxx_hal_sai.c:622:19:HAL_SAI_DeInit	16	static
/home/petar/seminar/x-cube-memsmic1/Drivers/STM32WBxx_HAL_Driver/Src/stm32wbxx_hal_sai.c:947:19:HAL_SAI_Transmit	32	static
/home/petar/seminar/x-cube-memsmic1/Drivers/STM32WBxx_HAL_Driver/Src/stm32wbxx_hal_sai.c:1060:19:HAL_SAI_Receive	32	static
/home/petar/seminar/x-cube-memsmic1/Drivers/STM32WBxx_HAL_Driver/Src/stm32wbxx_hal_sai.c:1170:19:HAL_SAI_Transmit_IT	8	static
/home/petar/seminar/x-cube-memsmic1/Drivers/STM32WBxx_HAL_Driver/Src/stm32wbxx_hal_sai.c:1232:19:HAL_SAI_Receive_IT	8	static
/home/petar/seminar/x-cube-memsmic1/Drivers/STM32WBxx_HAL_Driver/Src/stm32wbxx_hal_sai.c:1290:19:HAL_SAI_DMAPause	0	static
/home/petar/seminar/x-cube-memsmic1/Drivers/STM32WBxx_HAL_Driver/Src/stm32wbxx_hal_sai.c:1310:19:HAL_SAI_DMAResume	0	static
/home/petar/seminar/x-cube-memsmic1/Drivers/STM32WBxx_HAL_Driver/Src/stm32wbxx_hal_sai.c:1337:19:HAL_SAI_DMAStop	8	static
/home/petar/seminar/x-cube-memsmic1/Drivers/STM32WBxx_HAL_Driver/Src/stm32wbxx_hal_sai.c:1387:19:HAL_SAI_Abort	16	static
/home/petar/seminar/x-cube-memsmic1/Drivers/STM32WBxx_HAL_Driver/Src/stm32wbxx_hal_sai.c:1447:19:HAL_SAI_Transmit_DMA	32	static
/home/petar/seminar/x-cube-memsmic1/Drivers/STM32WBxx_HAL_Driver/Src/stm32wbxx_hal_sai.c:1534:19:HAL_SAI_Receive_DMA	16	static
/home/petar/seminar/x-cube-memsmic1/Drivers/STM32WBxx_HAL_Driver/Src/stm32wbxx_hal_sai.c:1603:19:HAL_SAI_EnableTxMuteMode	0	static
/home/petar/seminar/x-cube-memsmic1/Drivers/STM32WBxx_HAL_Driver/Src/stm32wbxx_hal_sai.c:1622:19:HAL_SAI_DisableTxMuteMode	0	static
/home/petar/seminar/x-cube-memsmic1/Drivers/STM32WBxx_HAL_Driver/Src/stm32wbxx_hal_sai.c:1640:19:HAL_SAI_EnableRxMuteMode	8	static
/home/petar/seminar/x-cube-memsmic1/Drivers/STM32WBxx_HAL_Driver/Src/stm32wbxx_hal_sai.c:1663:19:HAL_SAI_DisableRxMuteMode	0	static
/home/petar/seminar/x-cube-memsmic1/Drivers/STM32WBxx_HAL_Driver/Src/stm32wbxx_hal_sai.c:1955:13:HAL_SAI_TxCpltCallback	0	static
/home/petar/seminar/x-cube-memsmic1/Drivers/STM32WBxx_HAL_Driver/Src/stm32wbxx_hal_sai.c:2428:13:SAI_Transmit_IT32Bit	16	static
/home/petar/seminar/x-cube-memsmic1/Drivers/STM32WBxx_HAL_Driver/Src/stm32wbxx_hal_sai.c:2395:13:SAI_Transmit_IT16Bit.part.0	8	static
/home/petar/seminar/x-cube-memsmic1/Drivers/STM32WBxx_HAL_Driver/Src/stm32wbxx_hal_sai.c:2366:13:SAI_Transmit_IT8Bit	4	static
/home/petar/seminar/x-cube-memsmic1/Drivers/STM32WBxx_HAL_Driver/Src/stm32wbxx_hal_sai.c:2395:13:SAI_Transmit_IT16Bit	4	static
/home/petar/seminar/x-cube-memsmic1/Drivers/STM32WBxx_HAL_Driver/Src/stm32wbxx_hal_sai.c:2572:13:SAI_DMATxCplt	16	static
/home/petar/seminar/x-cube-memsmic1/Drivers/STM32WBxx_HAL_Driver/Src/stm32wbxx_hal_sai.c:1971:13:HAL_SAI_TxHalfCpltCallback	0	static
/home/petar/seminar/x-cube-memsmic1/Drivers/STM32WBxx_HAL_Driver/Src/stm32wbxx_hal_sai.c:2601:13:SAI_DMATxHalfCplt	8	static
/home/petar/seminar/x-cube-memsmic1/Drivers/STM32WBxx_HAL_Driver/Src/stm32wbxx_hal_sai.c:1987:13:HAL_SAI_RxCpltCallback	0	static
/home/petar/seminar/x-cube-memsmic1/Drivers/STM32WBxx_HAL_Driver/Src/stm32wbxx_hal_sai.c:2532:13:SAI_Receive_IT32Bit	8	static
/home/petar/seminar/x-cube-memsmic1/Drivers/STM32WBxx_HAL_Driver/Src/stm32wbxx_hal_sai.c:2496:13:SAI_Receive_IT16Bit.part.0	8	static
/home/petar/seminar/x-cube-memsmic1/Drivers/STM32WBxx_HAL_Driver/Src/stm32wbxx_hal_sai.c:2465:13:SAI_Receive_IT8Bit	0	static
/home/petar/seminar/x-cube-memsmic1/Drivers/STM32WBxx_HAL_Driver/Src/stm32wbxx_hal_sai.c:2496:13:SAI_Receive_IT16Bit	4	static
/home/petar/seminar/x-cube-memsmic1/Drivers/STM32WBxx_HAL_Driver/Src/stm32wbxx_hal_sai.c:2618:13:SAI_DMARxCplt	16	static
/home/petar/seminar/x-cube-memsmic1/Drivers/STM32WBxx_HAL_Driver/Src/stm32wbxx_hal_sai.c:2003:13:HAL_SAI_RxHalfCpltCallback	0	static
/home/petar/seminar/x-cube-memsmic1/Drivers/STM32WBxx_HAL_Driver/Src/stm32wbxx_hal_sai.c:2646:13:SAI_DMARxHalfCplt	8	static
/home/petar/seminar/x-cube-memsmic1/Drivers/STM32WBxx_HAL_Driver/Src/stm32wbxx_hal_sai.c:2019:13:HAL_SAI_ErrorCallback	0	static
/home/petar/seminar/x-cube-memsmic1/Drivers/STM32WBxx_HAL_Driver/Src/stm32wbxx_hal_sai.c:2663:13:SAI_DMAError	8	static
/home/petar/seminar/x-cube-memsmic1/Drivers/STM32WBxx_HAL_Driver/Src/stm32wbxx_hal_sai.c:1682:6:HAL_SAI_IRQHandler	16	static
/home/petar/seminar/x-cube-memsmic1/Drivers/STM32WBxx_HAL_Driver/Src/stm32wbxx_hal_sai.c:2697:13:SAI_DMAAbort	8	static
/home/petar/seminar/x-cube-memsmic1/Drivers/STM32WBxx_HAL_Driver/Src/stm32wbxx_hal_sai.c:2054:22:HAL_SAI_GetState	0	static
/home/petar/seminar/x-cube-memsmic1/Drivers/STM32WBxx_HAL_Driver/Src/stm32wbxx_hal_sai.c:2065:10:HAL_SAI_GetError	0	static
