/home/petar/seminar/x-cube-memsmic1/Drivers/STM32WBxx_HAL_Driver/Src/stm32wbxx_hal_pcd.c:262:13:HAL_PCD_MspInit	0	static
/home/petar/seminar/x-cube-memsmic1/Drivers/STM32WBxx_HAL_Driver/Src/stm32wbxx_hal_pcd.c:124:19:HAL_PCD_Init	48	static
/home/petar/seminar/x-cube-memsmic1/Drivers/STM32WBxx_HAL_Driver/Src/stm32wbxx_hal_pcd.c:277:13:HAL_PCD_MspDeInit	0	static
/home/petar/seminar/x-cube-memsmic1/Drivers/STM32WBxx_HAL_Driver/Src/stm32wbxx_hal_pcd.c:223:19:HAL_PCD_DeInit	16	static
/home/petar/seminar/x-cube-memsmic1/Drivers/STM32WBxx_HAL_Driver/Src/stm32wbxx_hal_pcd.c:980:19:HAL_PCD_Start	8	static
/home/petar/seminar/x-cube-memsmic1/Drivers/STM32WBxx_HAL_Driver/Src/stm32wbxx_hal_pcd.c:995:19:HAL_PCD_Stop	8	static
/home/petar/seminar/x-cube-memsmic1/Drivers/STM32WBxx_HAL_Driver/Src/stm32wbxx_hal_pcd.c:1157:13:HAL_PCD_DataOutStageCallback	0	static
/home/petar/seminar/x-cube-memsmic1/Drivers/STM32WBxx_HAL_Driver/Src/stm32wbxx_hal_pcd.c:1174:13:HAL_PCD_DataInStageCallback	0	static
/home/petar/seminar/x-cube-memsmic1/Drivers/STM32WBxx_HAL_Driver/Src/stm32wbxx_hal_pcd.c:1189:13:HAL_PCD_SetupStageCallback	0	static
/home/petar/seminar/x-cube-memsmic1/Drivers/STM32WBxx_HAL_Driver/Src/stm32wbxx_hal_pcd.c:1204:13:HAL_PCD_SOFCallback	0	static
/home/petar/seminar/x-cube-memsmic1/Drivers/STM32WBxx_HAL_Driver/Src/stm32wbxx_hal_pcd.c:1219:13:HAL_PCD_ResetCallback	0	static
/home/petar/seminar/x-cube-memsmic1/Drivers/STM32WBxx_HAL_Driver/Src/stm32wbxx_hal_pcd.c:1234:13:HAL_PCD_SuspendCallback	0	static
/home/petar/seminar/x-cube-memsmic1/Drivers/STM32WBxx_HAL_Driver/Src/stm32wbxx_hal_pcd.c:1249:13:HAL_PCD_ResumeCallback	0	static
/home/petar/seminar/x-cube-memsmic1/Drivers/STM32WBxx_HAL_Driver/Src/stm32wbxx_hal_pcd.c:1265:13:HAL_PCD_ISOOUTIncompleteCallback	0	static
/home/petar/seminar/x-cube-memsmic1/Drivers/STM32WBxx_HAL_Driver/Src/stm32wbxx_hal_pcd.c:1282:13:HAL_PCD_ISOINIncompleteCallback	0	static
/home/petar/seminar/x-cube-memsmic1/Drivers/STM32WBxx_HAL_Driver/Src/stm32wbxx_hal_pcd.c:1298:13:HAL_PCD_ConnectCallback	0	static
/home/petar/seminar/x-cube-memsmic1/Drivers/STM32WBxx_HAL_Driver/Src/stm32wbxx_hal_pcd.c:1313:13:HAL_PCD_DisconnectCallback	0	static
/home/petar/seminar/x-cube-memsmic1/Drivers/STM32WBxx_HAL_Driver/Src/stm32wbxx_hal_pcd.c:1347:19:HAL_PCD_DevConnect	8	static
/home/petar/seminar/x-cube-memsmic1/Drivers/STM32WBxx_HAL_Driver/Src/stm32wbxx_hal_pcd.c:1361:19:HAL_PCD_DevDisconnect	8	static
/home/petar/seminar/x-cube-memsmic1/Drivers/STM32WBxx_HAL_Driver/Src/stm32wbxx_hal_pcd.c:1376:19:HAL_PCD_SetAddress	8	static
/home/petar/seminar/x-cube-memsmic1/Drivers/STM32WBxx_HAL_Driver/Src/stm32wbxx_hal_pcd.c:1011:6:HAL_PCD_IRQHandler	48	static
/home/petar/seminar/x-cube-memsmic1/Drivers/STM32WBxx_HAL_Driver/Src/stm32wbxx_hal_pcd.c:1393:19:HAL_PCD_EP_Open	16	static
/home/petar/seminar/x-cube-memsmic1/Drivers/STM32WBxx_HAL_Driver/Src/stm32wbxx_hal_pcd.c:1438:19:HAL_PCD_EP_Close	8	static
/home/petar/seminar/x-cube-memsmic1/Drivers/STM32WBxx_HAL_Driver/Src/stm32wbxx_hal_pcd.c:1469:19:HAL_PCD_EP_Receive	16	static
/home/petar/seminar/x-cube-memsmic1/Drivers/STM32WBxx_HAL_Driver/Src/stm32wbxx_hal_pcd.c:1500:10:HAL_PCD_EP_GetRxCount	0	static
/home/petar/seminar/x-cube-memsmic1/Drivers/STM32WBxx_HAL_Driver/Src/stm32wbxx_hal_pcd.c:1512:19:HAL_PCD_EP_Transmit	16	static
/home/petar/seminar/x-cube-memsmic1/Drivers/STM32WBxx_HAL_Driver/Src/stm32wbxx_hal_pcd.c:1545:19:HAL_PCD_EP_SetStall	16	static
/home/petar/seminar/x-cube-memsmic1/Drivers/STM32WBxx_HAL_Driver/Src/stm32wbxx_hal_pcd.c:1583:19:HAL_PCD_EP_ClrStall	16	static
/home/petar/seminar/x-cube-memsmic1/Drivers/STM32WBxx_HAL_Driver/Src/stm32wbxx_hal_pcd.c:1619:19:HAL_PCD_EP_Abort	0	static
/home/petar/seminar/x-cube-memsmic1/Drivers/STM32WBxx_HAL_Driver/Src/stm32wbxx_hal_pcd.c:1645:19:HAL_PCD_EP_Flush	0	static
/home/petar/seminar/x-cube-memsmic1/Drivers/STM32WBxx_HAL_Driver/Src/stm32wbxx_hal_pcd.c:1659:19:HAL_PCD_ActivateRemoteWakeup	0	static
/home/petar/seminar/x-cube-memsmic1/Drivers/STM32WBxx_HAL_Driver/Src/stm32wbxx_hal_pcd.c:1669:19:HAL_PCD_DeActivateRemoteWakeup	0	static
/home/petar/seminar/x-cube-memsmic1/Drivers/STM32WBxx_HAL_Driver/Src/stm32wbxx_hal_pcd.c:1698:18:HAL_PCD_GetState	0	static
