/home/petar/seminar/x-cube-memsmic1/Drivers/STM32WBxx_HAL_Driver/Src/stm32wbxx_hal_uart.c:3642:13:UART_EndTxTransfer	0	static,ignoring_inline_asm
/home/petar/seminar/x-cube-memsmic1/Drivers/STM32WBxx_HAL_Driver/Src/stm32wbxx_hal_uart.c:3658:13:UART_EndRxTransfer	8	static,ignoring_inline_asm
/home/petar/seminar/x-cube-memsmic1/Drivers/STM32WBxx_HAL_Driver/Src/stm32wbxx_hal_uart.c:4063:13:UART_TxISR_8BIT.part.0	0	static,ignoring_inline_asm
/home/petar/seminar/x-cube-memsmic1/Drivers/STM32WBxx_HAL_Driver/Src/stm32wbxx_hal_uart.c:4063:13:UART_TxISR_8BIT	0	static
/home/petar/seminar/x-cube-memsmic1/Drivers/STM32WBxx_HAL_Driver/Src/stm32wbxx_hal_uart.c:4092:13:UART_TxISR_16BIT	0	static
/home/petar/seminar/x-cube-memsmic1/Drivers/STM32WBxx_HAL_Driver/Src/stm32wbxx_hal_uart.c:4124:13:UART_TxISR_8BIT_FIFOEN	8	static,ignoring_inline_asm
/home/petar/seminar/x-cube-memsmic1/Drivers/STM32WBxx_HAL_Driver/Src/stm32wbxx_hal_uart.c:4164:13:UART_TxISR_16BIT_FIFOEN	8	static,ignoring_inline_asm
/home/petar/seminar/x-cube-memsmic1/Drivers/STM32WBxx_HAL_Driver/Src/stm32wbxx_hal_uart.c:675:13:HAL_UART_MspInit	0	static
/home/petar/seminar/x-cube-memsmic1/Drivers/STM32WBxx_HAL_Driver/Src/stm32wbxx_hal_uart.c:690:13:HAL_UART_MspDeInit	0	static
/home/petar/seminar/x-cube-memsmic1/Drivers/STM32WBxx_HAL_Driver/Src/stm32wbxx_hal_uart.c:625:19:HAL_UART_DeInit	16	static
/home/petar/seminar/x-cube-memsmic1/Drivers/STM32WBxx_HAL_Driver/Src/stm32wbxx_hal_uart.c:1300:19:HAL_UART_Transmit_IT	8	static,ignoring_inline_asm
/home/petar/seminar/x-cube-memsmic1/Drivers/STM32WBxx_HAL_Driver/Src/stm32wbxx_hal_uart.c:1426:19:HAL_UART_Transmit_DMA	24	static,ignoring_inline_asm
/home/petar/seminar/x-cube-memsmic1/Drivers/STM32WBxx_HAL_Driver/Src/stm32wbxx_hal_uart.c:1549:19:HAL_UART_DMAPause	8	static,ignoring_inline_asm
/home/petar/seminar/x-cube-memsmic1/Drivers/STM32WBxx_HAL_Driver/Src/stm32wbxx_hal_uart.c:1583:19:HAL_UART_DMAResume	0	static,ignoring_inline_asm
/home/petar/seminar/x-cube-memsmic1/Drivers/STM32WBxx_HAL_Driver/Src/stm32wbxx_hal_uart.c:1618:19:HAL_UART_DMAStop	16	static,ignoring_inline_asm
/home/petar/seminar/x-cube-memsmic1/Drivers/STM32WBxx_HAL_Driver/Src/stm32wbxx_hal_uart.c:1693:19:HAL_UART_Abort	8	static,ignoring_inline_asm
/home/petar/seminar/x-cube-memsmic1/Drivers/STM32WBxx_HAL_Driver/Src/stm32wbxx_hal_uart.c:1794:19:HAL_UART_AbortTransmit	8	static,ignoring_inline_asm
/home/petar/seminar/x-cube-memsmic1/Drivers/STM32WBxx_HAL_Driver/Src/stm32wbxx_hal_uart.c:1852:19:HAL_UART_AbortReceive	8	static,ignoring_inline_asm
/home/petar/seminar/x-cube-memsmic1/Drivers/STM32WBxx_HAL_Driver/Src/stm32wbxx_hal_uart.c:2572:13:HAL_UART_TxCpltCallback	0	static
/home/petar/seminar/x-cube-memsmic1/Drivers/STM32WBxx_HAL_Driver/Src/stm32wbxx_hal_uart.c:3684:13:UART_DMATransmitCplt	8	static,ignoring_inline_asm
/home/petar/seminar/x-cube-memsmic1/Drivers/STM32WBxx_HAL_Driver/Src/stm32wbxx_hal_uart.c:2587:13:HAL_UART_TxHalfCpltCallback	0	static
/home/petar/seminar/x-cube-memsmic1/Drivers/STM32WBxx_HAL_Driver/Src/stm32wbxx_hal_uart.c:3718:13:UART_DMATxHalfCplt	8	static
/home/petar/seminar/x-cube-memsmic1/Drivers/STM32WBxx_HAL_Driver/Src/stm32wbxx_hal_uart.c:2602:13:HAL_UART_RxCpltCallback	0	static
/home/petar/seminar/x-cube-memsmic1/Drivers/STM32WBxx_HAL_Driver/Src/stm32wbxx_hal_uart.c:2617:13:HAL_UART_RxHalfCpltCallback	0	static
/home/petar/seminar/x-cube-memsmic1/Drivers/STM32WBxx_HAL_Driver/Src/stm32wbxx_hal_uart.c:2632:13:HAL_UART_ErrorCallback	0	static
/home/petar/seminar/x-cube-memsmic1/Drivers/STM32WBxx_HAL_Driver/Src/stm32wbxx_hal_uart.c:3827:13:UART_DMAError	8	static
/home/petar/seminar/x-cube-memsmic1/Drivers/STM32WBxx_HAL_Driver/Src/stm32wbxx_hal_uart.c:3867:13:UART_DMAAbortOnError	8	static
/home/petar/seminar/x-cube-memsmic1/Drivers/STM32WBxx_HAL_Driver/Src/stm32wbxx_hal_uart.c:2647:13:HAL_UART_AbortCpltCallback	0	static
/home/petar/seminar/x-cube-memsmic1/Drivers/STM32WBxx_HAL_Driver/Src/stm32wbxx_hal_uart.c:1919:19:HAL_UART_Abort_IT	16	static,ignoring_inline_asm
/home/petar/seminar/x-cube-memsmic1/Drivers/STM32WBxx_HAL_Driver/Src/stm32wbxx_hal_uart.c:3945:13:UART_DMARxAbortCallback	8	static
/home/petar/seminar/x-cube-memsmic1/Drivers/STM32WBxx_HAL_Driver/Src/stm32wbxx_hal_uart.c:3890:13:UART_DMATxAbortCallback	8	static
/home/petar/seminar/x-cube-memsmic1/Drivers/STM32WBxx_HAL_Driver/Src/stm32wbxx_hal_uart.c:2662:13:HAL_UART_AbortTransmitCpltCallback	0	static
/home/petar/seminar/x-cube-memsmic1/Drivers/STM32WBxx_HAL_Driver/Src/stm32wbxx_hal_uart.c:2071:19:HAL_UART_AbortTransmit_IT	8	static,ignoring_inline_asm
/home/petar/seminar/x-cube-memsmic1/Drivers/STM32WBxx_HAL_Driver/Src/stm32wbxx_hal_uart.c:3997:13:UART_DMATxOnlyAbortCallback	8	static
/home/petar/seminar/x-cube-memsmic1/Drivers/STM32WBxx_HAL_Driver/Src/stm32wbxx_hal_uart.c:2677:13:HAL_UART_AbortReceiveCpltCallback	0	static
/home/petar/seminar/x-cube-memsmic1/Drivers/STM32WBxx_HAL_Driver/Src/stm32wbxx_hal_uart.c:2161:19:HAL_UART_AbortReceive_IT	8	static,ignoring_inline_asm
/home/petar/seminar/x-cube-memsmic1/Drivers/STM32WBxx_HAL_Driver/Src/stm32wbxx_hal_uart.c:4030:13:UART_DMARxOnlyAbortCallback	8	static
/home/petar/seminar/x-cube-memsmic1/Drivers/STM32WBxx_HAL_Driver/Src/stm32wbxx_hal_uart.c:2694:13:HAL_UARTEx_RxEventCallback	0	static
/home/petar/seminar/x-cube-memsmic1/Drivers/STM32WBxx_HAL_Driver/Src/stm32wbxx_hal_uart.c:2253:6:HAL_UART_IRQHandler	24	static,ignoring_inline_asm
/home/petar/seminar/x-cube-memsmic1/Drivers/STM32WBxx_HAL_Driver/Src/stm32wbxx_hal_uart.c:4230:13:UART_RxISR_8BIT	8	static,ignoring_inline_asm
/home/petar/seminar/x-cube-memsmic1/Drivers/STM32WBxx_HAL_Driver/Src/stm32wbxx_hal_uart.c:4307:13:UART_RxISR_16BIT	8	static,ignoring_inline_asm
/home/petar/seminar/x-cube-memsmic1/Drivers/STM32WBxx_HAL_Driver/Src/stm32wbxx_hal_uart.c:4386:13:UART_RxISR_8BIT_FIFOEN	40	static,ignoring_inline_asm
/home/petar/seminar/x-cube-memsmic1/Drivers/STM32WBxx_HAL_Driver/Src/stm32wbxx_hal_uart.c:4534:13:UART_RxISR_16BIT_FIFOEN	40	static,ignoring_inline_asm
/home/petar/seminar/x-cube-memsmic1/Drivers/STM32WBxx_HAL_Driver/Src/stm32wbxx_hal_uart.c:3793:13:UART_DMARxHalfCplt	8	static
/home/petar/seminar/x-cube-memsmic1/Drivers/STM32WBxx_HAL_Driver/Src/stm32wbxx_hal_uart.c:3736:13:UART_DMAReceiveCplt	8	static,ignoring_inline_asm
/home/petar/seminar/x-cube-memsmic1/Drivers/STM32WBxx_HAL_Driver/Src/stm32wbxx_hal_uart.c:2742:6:HAL_UART_ReceiverTimeout_Config	0	static
/home/petar/seminar/x-cube-memsmic1/Drivers/STM32WBxx_HAL_Driver/Src/stm32wbxx_hal_uart.c:2762:19:HAL_UART_EnableReceiverTimeout	0	static
/home/petar/seminar/x-cube-memsmic1/Drivers/STM32WBxx_HAL_Driver/Src/stm32wbxx_hal_uart.c:2824:19:HAL_UART_DisableReceiverTimeout	0	static
/home/petar/seminar/x-cube-memsmic1/Drivers/STM32WBxx_HAL_Driver/Src/stm32wbxx_hal_uart.c:2926:6:HAL_MultiProcessor_EnterMuteMode	0	static
/home/petar/seminar/x-cube-memsmic1/Drivers/STM32WBxx_HAL_Driver/Src/stm32wbxx_hal_uart.c:2936:19:HAL_HalfDuplex_EnableTransmitter	8	static,ignoring_inline_asm
/home/petar/seminar/x-cube-memsmic1/Drivers/STM32WBxx_HAL_Driver/Src/stm32wbxx_hal_uart.c:2959:19:HAL_HalfDuplex_EnableReceiver	8	static,ignoring_inline_asm
/home/petar/seminar/x-cube-memsmic1/Drivers/STM32WBxx_HAL_Driver/Src/stm32wbxx_hal_uart.c:2983:19:HAL_LIN_SendBreak	0	static
/home/petar/seminar/x-cube-memsmic1/Drivers/STM32WBxx_HAL_Driver/Src/stm32wbxx_hal_uart.c:3028:23:HAL_UART_GetState	0	static
/home/petar/seminar/x-cube-memsmic1/Drivers/STM32WBxx_HAL_Driver/Src/stm32wbxx_hal_uart.c:3044:10:HAL_UART_GetError	0	static
/home/petar/seminar/x-cube-memsmic1/Drivers/STM32WBxx_HAL_Driver/Src/stm32wbxx_hal_uart.c:3090:19:UART_SetConfig	16	static
/home/petar/seminar/x-cube-memsmic1/Drivers/STM32WBxx_HAL_Driver/Src/stm32wbxx_hal_uart.c:3316:6:UART_AdvFeatureConfig	8	static
/home/petar/seminar/x-cube-memsmic1/Drivers/STM32WBxx_HAL_Driver/Src/stm32wbxx_hal_uart.c:3442:19:UART_WaitOnFlagUntilTimeout	24	static,ignoring_inline_asm
/home/petar/seminar/x-cube-memsmic1/Drivers/STM32WBxx_HAL_Driver/Src/stm32wbxx_hal_uart.c:1125:19:HAL_UART_Transmit	40	static
/home/petar/seminar/x-cube-memsmic1/Drivers/STM32WBxx_HAL_Driver/Src/stm32wbxx_hal_uart.c:1214:19:HAL_UART_Receive	40	static
/home/petar/seminar/x-cube-memsmic1/Drivers/STM32WBxx_HAL_Driver/Src/stm32wbxx_hal_uart.c:3390:19:UART_CheckIdleState	32	static
/home/petar/seminar/x-cube-memsmic1/Drivers/STM32WBxx_HAL_Driver/Src/stm32wbxx_hal_uart.c:304:19:HAL_UART_Init	8	static
/home/petar/seminar/x-cube-memsmic1/Drivers/STM32WBxx_HAL_Driver/Src/stm32wbxx_hal_uart.c:381:19:HAL_HalfDuplex_Init	8	static
/home/petar/seminar/x-cube-memsmic1/Drivers/STM32WBxx_HAL_Driver/Src/stm32wbxx_hal_uart.c:454:19:HAL_LIN_Init	16	static
/home/petar/seminar/x-cube-memsmic1/Drivers/STM32WBxx_HAL_Driver/Src/stm32wbxx_hal_uart.c:551:19:HAL_MultiProcessor_Init	16	static
/home/petar/seminar/x-cube-memsmic1/Drivers/STM32WBxx_HAL_Driver/Src/stm32wbxx_hal_uart.c:2886:19:HAL_MultiProcessor_EnableMuteMode	0	static,ignoring_inline_asm
/home/petar/seminar/x-cube-memsmic1/Drivers/STM32WBxx_HAL_Driver/Src/stm32wbxx_hal_uart.c:2906:19:HAL_MultiProcessor_DisableMuteMode	0	static,ignoring_inline_asm
/home/petar/seminar/x-cube-memsmic1/Drivers/STM32WBxx_HAL_Driver/Src/stm32wbxx_hal_uart.c:3506:19:UART_Start_Receive_IT	12	static,ignoring_inline_asm
/home/petar/seminar/x-cube-memsmic1/Drivers/STM32WBxx_HAL_Driver/Src/stm32wbxx_hal_uart.c:1374:19:HAL_UART_Receive_IT	8	static,ignoring_inline_asm
/home/petar/seminar/x-cube-memsmic1/Drivers/STM32WBxx_HAL_Driver/Src/stm32wbxx_hal_uart.c:3582:19:UART_Start_Receive_DMA	16	static,ignoring_inline_asm
/home/petar/seminar/x-cube-memsmic1/Drivers/STM32WBxx_HAL_Driver/Src/stm32wbxx_hal_uart.c:1502:19:HAL_UART_Receive_DMA	8	static,ignoring_inline_asm
