/home/petar/seminar/x-cube-memsmic1/Middlewares/ST/STM32_USB_Device_Library/Class/HP_AUDIO/Src/usbd_audio_in.c:319:18:USBD_AUDIO_GetCfgDesc	0	static
/home/petar/seminar/x-cube-memsmic1/Middlewares/ST/STM32_USB_Device_Library/Class/HP_AUDIO/Src/usbd_audio_in.c:396:17:USBD_AUDIO_EP0_RxReady	8	static
/home/petar/seminar/x-cube-memsmic1/Middlewares/ST/STM32_USB_Device_Library/Class/HP_AUDIO/Src/usbd_audio_in.c:421:17:USBD_AUDIO_EP0_TxReady	0	static
/home/petar/seminar/x-cube-memsmic1/Middlewares/ST/STM32_USB_Device_Library/Class/HP_AUDIO/Src/usbd_audio_in.c:467:17:USBD_AUDIO_DataOut	0	static
/home/petar/seminar/x-cube-memsmic1/Middlewares/ST/STM32_USB_Device_Library/Class/HP_AUDIO/Src/usbd_audio_in.c:479:18:USBD_AUDIO_GetDeviceQualifierDesc	0	static
/home/petar/seminar/x-cube-memsmic1/Middlewares/ST/STM32_USB_Device_Library/Class/HP_AUDIO/Src/usbd_audio_in.c:332:16:USBD_AUDIO_DataIn	32	static
/home/petar/seminar/x-cube-memsmic1/Middlewares/ST/STM32_USB_Device_Library/Class/HP_AUDIO/Src/usbd_audio_in.c:212:17:USBD_AUDIO_DeInit	8	static
/home/petar/seminar/x-cube-memsmic1/Middlewares/ST/STM32_USB_Device_Library/Class/HP_AUDIO/Src/usbd_audio_in.c:170:17:USBD_AUDIO_Init	24	static
/home/petar/seminar/x-cube-memsmic1/Middlewares/ST/STM32_USB_Device_Library/Class/HP_AUDIO/Src/usbd_audio_in.c:445:17:USBD_AUDIO_IsoINIncomplete	0	static
/home/petar/seminar/x-cube-memsmic1/Middlewares/ST/STM32_USB_Device_Library/Class/HP_AUDIO/Src/usbd_audio_in.c:233:17:USBD_AUDIO_Setup	24	static
/home/petar/seminar/x-cube-memsmic1/Middlewares/ST/STM32_USB_Device_Library/Class/HP_AUDIO/Src/usbd_audio_in.c:456:17:USBD_AUDIO_IsoOutIncomplete	0	static
/home/petar/seminar/x-cube-memsmic1/Middlewares/ST/STM32_USB_Device_Library/Class/HP_AUDIO/Src/usbd_audio_in.c:432:17:USBD_AUDIO_SOF	0	static
/home/petar/seminar/x-cube-memsmic1/Middlewares/ST/STM32_USB_Device_Library/Class/HP_AUDIO/Src/usbd_audio_in.c:607:10:USBD_AUDIO_Data_Transfer	24	static
/home/petar/seminar/x-cube-memsmic1/Middlewares/ST/STM32_USB_Device_Library/Class/HP_AUDIO/Src/usbd_audio_in.c:668:10:USBD_AUDIO_RegisterInterface	0	static
/home/petar/seminar/x-cube-memsmic1/Middlewares/ST/STM32_USB_Device_Library/Class/HP_AUDIO/Src/usbd_audio_in.c:685:6:USBD_AUDIO_Init_Microphone_Descriptor	32	static
