../../../../../../../../Drivers/STM32WBxx_HAL_Driver/Inc/stm32wbxx_ll_bus.h:539:22:LL_AHB2_GRP1_EnableClock	8	static
/home/petar/seminar/x-cube-memsmic1/Drivers/BSP/AMICAM1/amicam1_audio.c:1647:16:BSP_AD1974_WriteReg	40	static
/home/petar/seminar/x-cube-memsmic1/Drivers/BSP/AMICAM1/amicam1_audio.c:1618:16:BSP_AD1974_ReadReg	40	static
/home/petar/seminar/x-cube-memsmic1/Drivers/BSP/AMICAM1/amicam1_audio.c:1612:16:BSP_AD1974_DeInit	8	static
/home/petar/seminar/x-cube-memsmic1/Drivers/BSP/AMICAM1/amicam1_audio.c:1594:16:BSP_AD1974_Init	32	static
/home/petar/seminar/x-cube-memsmic1/Drivers/BSP/AMICAM1/amicam1_audio.c:306:16:AMICAM1_AUDIO_IN_DeInit	16	static
/home/petar/seminar/x-cube-memsmic1/Drivers/BSP/AMICAM1/amicam1_audio.c:348:9:AMICAM1_AUDIO_IN_Record	16	static
/home/petar/seminar/x-cube-memsmic1/Drivers/BSP/AMICAM1/amicam1_audio.c:427:9:AMICAM1_AUDIO_IN_Stop	16	static
/home/petar/seminar/x-cube-memsmic1/Drivers/BSP/AMICAM1/amicam1_audio.c:466:9:AMICAM1_AUDIO_IN_Pause	16	static
/home/petar/seminar/x-cube-memsmic1/Drivers/BSP/AMICAM1/amicam1_audio.c:505:9:AMICAM1_AUDIO_IN_Resume	24	static
/home/petar/seminar/x-cube-memsmic1/Drivers/BSP/AMICAM1/amicam1_audio.c:544:9:AMICAM1_AUDIO_IN_RecordChannels	0	static
/home/petar/seminar/x-cube-memsmic1/Drivers/BSP/AMICAM1/amicam1_audio.c:559:9:AMICAM1_AUDIO_IN_StopChannels	0	static
/home/petar/seminar/x-cube-memsmic1/Drivers/BSP/AMICAM1/amicam1_audio.c:573:9:AMICAM1_AUDIO_IN_PauseChannels	0	static
/home/petar/seminar/x-cube-memsmic1/Drivers/BSP/AMICAM1/amicam1_audio.c:587:9:AMICAM1_AUDIO_IN_ResumeChannels	0	static
/home/petar/seminar/x-cube-memsmic1/Drivers/BSP/AMICAM1/amicam1_audio.c:638:9:AMICAM1_AUDIO_IN_GetDevice	0	static
/home/petar/seminar/x-cube-memsmic1/Drivers/BSP/AMICAM1/amicam1_audio.c:698:9:AMICAM1_AUDIO_IN_GetSampleRate	0	static
/home/petar/seminar/x-cube-memsmic1/Drivers/BSP/AMICAM1/amicam1_audio.c:760:9:AMICAM1_AUDIO_IN_GetBitsPerSample	0	static
/home/petar/seminar/x-cube-memsmic1/Drivers/BSP/AMICAM1/amicam1_audio.c:820:9:AMICAM1_AUDIO_IN_GetChannelsNbr	0	static
/home/petar/seminar/x-cube-memsmic1/Drivers/BSP/AMICAM1/amicam1_audio.c:843:9:AMICAM1_AUDIO_IN_SetVolume	0	static
/home/petar/seminar/x-cube-memsmic1/Drivers/BSP/AMICAM1/amicam1_audio.c:870:9:AMICAM1_AUDIO_IN_GetVolume	0	static
/home/petar/seminar/x-cube-memsmic1/Drivers/BSP/AMICAM1/amicam1_audio.c:894:9:AMICAM1_AUDIO_IN_GetState	0	static
/home/petar/seminar/x-cube-memsmic1/Drivers/BSP/AMICAM1/amicam1_audio.c:957:6:HAL_SAI_ErrorCallback	0	static
/home/petar/seminar/x-cube-memsmic1/Drivers/BSP/AMICAM1/amicam1_audio.c:1017:13:AMICAM1_AUDIO_IN_TransferComplete_CallBack	0	static
/home/petar/seminar/x-cube-memsmic1/Drivers/BSP/AMICAM1/amicam1_audio.c:916:6:HAL_SAI_RxCpltCallback	8	static
/home/petar/seminar/x-cube-memsmic1/Drivers/BSP/AMICAM1/amicam1_audio.c:1031:13:AMICAM1_AUDIO_IN_HalfTransfer_CallBack	0	static
/home/petar/seminar/x-cube-memsmic1/Drivers/BSP/AMICAM1/amicam1_audio.c:936:6:HAL_SAI_RxHalfCpltCallback	8	static
/home/petar/seminar/x-cube-memsmic1/Drivers/BSP/AMICAM1/amicam1_audio.c:1045:13:AMICAM1_AUDIO_IN_Error_CallBack	0	static
/home/petar/seminar/x-cube-memsmic1/Drivers/BSP/AMICAM1/amicam1_audio.c:1062:26:MX_SAI_ClockConfig	88	static
/home/petar/seminar/x-cube-memsmic1/Drivers/BSP/AMICAM1/amicam1_audio.c:1402:26:MX_SAI_Init	8	static
/home/petar/seminar/x-cube-memsmic1/Drivers/BSP/AMICAM1/amicam1_audio.c:124:16:AMICAM1_AUDIO_IN_Init	144	static
/home/petar/seminar/x-cube-memsmic1/Drivers/BSP/AMICAM1/amicam1_audio.c:601:9:AMICAM1_AUDIO_IN_SetDevice	40	static
/home/petar/seminar/x-cube-memsmic1/Drivers/BSP/AMICAM1/amicam1_audio.c:661:9:AMICAM1_AUDIO_IN_SetSampleRate	40	static
/home/petar/seminar/x-cube-memsmic1/Drivers/BSP/AMICAM1/amicam1_audio.c:723:9:AMICAM1_AUDIO_IN_SetBitsPerSample	40	static
/home/petar/seminar/x-cube-memsmic1/Drivers/BSP/AMICAM1/amicam1_audio.c:783:9:AMICAM1_AUDIO_IN_SetChannelsNbr	40	static
