/home/petar/seminar/x-cube-memsmic1/Drivers/BSP/Components/ad1974/ad1974.c:234:9:AD1974_ReadID	0	static
/home/petar/seminar/x-cube-memsmic1/Drivers/BSP/Components/ad1974/ad1974.c:335:9:AD1974_SetVolume	0	static
/home/petar/seminar/x-cube-memsmic1/Drivers/BSP/Components/ad1974/ad1974.c:370:9:AD1974_SetOutputMode	0	static
/home/petar/seminar/x-cube-memsmic1/Drivers/BSP/Components/ad1974/ad1974.c:481:9:AD1974_SetProtocol	0	static
/home/petar/seminar/x-cube-memsmic1/Drivers/BSP/Components/ad1974/ad1974.c:488:9:AD1974_GetProtocol	0	static
/home/petar/seminar/x-cube-memsmic1/Drivers/BSP/Components/ad1974/ad1974.c:495:9:AD1974_GetVolume	0	static
/home/petar/seminar/x-cube-memsmic1/Drivers/BSP/Components/ad1974/ad1974.c:505:9:AD1974_GetFrequency	0	static
/home/petar/seminar/x-cube-memsmic1/Drivers/BSP/Components/ad1974/ad1974.c:520:16:ReadRegWrap	4	static
/home/petar/seminar/x-cube-memsmic1/Drivers/BSP/Components/ad1974/ad1974.c:535:16:WriteRegWrap	4	static
/home/petar/seminar/x-cube-memsmic1/Drivers/BSP/Components/ad1974/ad1974.c:421:9:AD1974_Reset	16	static
/home/petar/seminar/x-cube-memsmic1/Drivers/BSP/Components/ad1974/ad1974.c:347:9:AD1974_SetMute	16	static
/home/petar/seminar/x-cube-memsmic1/Drivers/BSP/Components/ad1974/ad1974.c:242:9:AD1974_Play	24	static
/home/petar/seminar/x-cube-memsmic1/Drivers/BSP/Components/ad1974/ad1974.c:274:9:AD1974_Pause	8	static
/home/petar/seminar/x-cube-memsmic1/Drivers/BSP/Components/ad1974/ad1974.c:295:9:AD1974_Resume	8	static
/home/petar/seminar/x-cube-memsmic1/Drivers/BSP/Components/ad1974/ad1974.c:314:9:AD1974_Stop	8	static
/home/petar/seminar/x-cube-memsmic1/Drivers/BSP/Components/ad1974/ad1974.c:437:9:AD1974_SetResolution	8	static
/home/petar/seminar/x-cube-memsmic1/Drivers/BSP/Components/ad1974/ad1974.c:469:9:AD1974_GetResolution	16	static
/home/petar/seminar/x-cube-memsmic1/Drivers/BSP/Components/ad1974/ad1974.c:213:9:AD1974_DeInit	8	static
/home/petar/seminar/x-cube-memsmic1/Drivers/BSP/Components/ad1974/ad1974.c:379:9:AD1974_SetFrequency	8	static
/home/petar/seminar/x-cube-memsmic1/Drivers/BSP/Components/ad1974/ad1974.c:128:9:AD1974_Init	32	static
/home/petar/seminar/x-cube-memsmic1/Drivers/BSP/Components/ad1974/ad1974.c:88:9:AD1974_RegisterBusIO	0	static
