/home/petar/seminar/x-cube-memsmic1/Drivers/BSP/Components/ad1974/ad1974_reg.c:49:9:ad1974_read_reg	4	static
/home/petar/seminar/x-cube-memsmic1/Drivers/BSP/Components/ad1974/ad1974_reg.c:65:9:ad1974_write_reg	4	static
/home/petar/seminar/x-cube-memsmic1/Drivers/BSP/Components/ad1974/ad1974_reg.c:89:9:ad1974_pll_power_down_set	24	static
/home/petar/seminar/x-cube-memsmic1/Drivers/BSP/Components/ad1974/ad1974_reg.c:112:9:ad1974_pll_power_down_get	16	static
/home/petar/seminar/x-cube-memsmic1/Drivers/BSP/Components/ad1974/ad1974_reg.c:130:9:ad1974_pll_mclk_in_rate_set	24	static
/home/petar/seminar/x-cube-memsmic1/Drivers/BSP/Components/ad1974/ad1974_reg.c:153:9:ad1974_pll_mclk_in_rate_get	16	static
/home/petar/seminar/x-cube-memsmic1/Drivers/BSP/Components/ad1974/ad1974_reg.c:189:9:ad1974_pll_mclk_out_rate_set	24	static
/home/petar/seminar/x-cube-memsmic1/Drivers/BSP/Components/ad1974/ad1974_reg.c:212:9:ad1974_pll_mclk_out_rate_get	16	static
/home/petar/seminar/x-cube-memsmic1/Drivers/BSP/Components/ad1974/ad1974_reg.c:248:9:ad1974_pll_input_set	24	static
/home/petar/seminar/x-cube-memsmic1/Drivers/BSP/Components/ad1974/ad1974_reg.c:271:9:ad1974_pll_input_get	16	static
/home/petar/seminar/x-cube-memsmic1/Drivers/BSP/Components/ad1974/ad1974_reg.c:306:9:ad1974_internal_mclk_enable_set	24	static
/home/petar/seminar/x-cube-memsmic1/Drivers/BSP/Components/ad1974/ad1974_reg.c:329:9:ad1974_internal_mclk_enable_get	16	static
/home/petar/seminar/x-cube-memsmic1/Drivers/BSP/Components/ad1974/ad1974_reg.c:347:9:ad1974_auxport_clk_sel_set	24	static
/home/petar/seminar/x-cube-memsmic1/Drivers/BSP/Components/ad1974/ad1974_reg.c:370:9:ad1974_auxport_clk_sel_get	16	static
/home/petar/seminar/x-cube-memsmic1/Drivers/BSP/Components/ad1974/ad1974_reg.c:398:9:ad1974_adc_clk_sel_set	24	static
/home/petar/seminar/x-cube-memsmic1/Drivers/BSP/Components/ad1974/ad1974_reg.c:421:9:ad1974_adc_clk_sel_get	16	static
/home/petar/seminar/x-cube-memsmic1/Drivers/BSP/Components/ad1974/ad1974_reg.c:449:9:ad1974_internal_onchip_vref_enable_set	24	static
/home/petar/seminar/x-cube-memsmic1/Drivers/BSP/Components/ad1974/ad1974_reg.c:472:9:ad1974_internal_onchip_vref_enable_get	16	static
/home/petar/seminar/x-cube-memsmic1/Drivers/BSP/Components/ad1974/ad1974_reg.c:490:9:ad1974_pll_lock_get	16	static
/home/petar/seminar/x-cube-memsmic1/Drivers/BSP/Components/ad1974/ad1974_reg.c:508:9:ad1974_power_down_set	24	static
/home/petar/seminar/x-cube-memsmic1/Drivers/BSP/Components/ad1974/ad1974_reg.c:531:9:ad1974_power_down_get	16	static
/home/petar/seminar/x-cube-memsmic1/Drivers/BSP/Components/ad1974/ad1974_reg.c:549:9:ad1974_hpf_enable_set	24	static
/home/petar/seminar/x-cube-memsmic1/Drivers/BSP/Components/ad1974/ad1974_reg.c:572:9:ad1974_hpf_enable_get	16	static
/home/petar/seminar/x-cube-memsmic1/Drivers/BSP/Components/ad1974/ad1974_reg.c:590:9:ad1974_adc1l_mute_set	24	static
/home/petar/seminar/x-cube-memsmic1/Drivers/BSP/Components/ad1974/ad1974_reg.c:613:9:ad1974_adc1l_mute_get	16	static
/home/petar/seminar/x-cube-memsmic1/Drivers/BSP/Components/ad1974/ad1974_reg.c:631:9:ad1974_adc1r_mute_set	24	static
/home/petar/seminar/x-cube-memsmic1/Drivers/BSP/Components/ad1974/ad1974_reg.c:654:9:ad1974_adc1r_mute_get	16	static
/home/petar/seminar/x-cube-memsmic1/Drivers/BSP/Components/ad1974/ad1974_reg.c:672:9:ad1974_adc2l_mute_set	24	static
/home/petar/seminar/x-cube-memsmic1/Drivers/BSP/Components/ad1974/ad1974_reg.c:695:9:ad1974_adc2l_mute_get	16	static
/home/petar/seminar/x-cube-memsmic1/Drivers/BSP/Components/ad1974/ad1974_reg.c:713:9:ad1974_adc2r_mute_set	24	static
/home/petar/seminar/x-cube-memsmic1/Drivers/BSP/Components/ad1974/ad1974_reg.c:736:9:ad1974_adc2r_mute_get	16	static
/home/petar/seminar/x-cube-memsmic1/Drivers/BSP/Components/ad1974/ad1974_reg.c:754:9:ad1974_out_rate_set	24	static
/home/petar/seminar/x-cube-memsmic1/Drivers/BSP/Components/ad1974/ad1974_reg.c:777:9:ad1974_out_rate_get	16	static
/home/petar/seminar/x-cube-memsmic1/Drivers/BSP/Components/ad1974/ad1974_reg.c:811:9:ad1974_word_width_set	24	static
/home/petar/seminar/x-cube-memsmic1/Drivers/BSP/Components/ad1974/ad1974_reg.c:834:9:ad1974_word_width_get	16	static
/home/petar/seminar/x-cube-memsmic1/Drivers/BSP/Components/ad1974/ad1974_reg.c:868:9:ad1974_sdata_delay_set	24	static
/home/petar/seminar/x-cube-memsmic1/Drivers/BSP/Components/ad1974/ad1974_reg.c:891:9:ad1974_sdata_delay_get	16	static
/home/petar/seminar/x-cube-memsmic1/Drivers/BSP/Components/ad1974/ad1974_reg.c:937:9:ad1974_serial_format_set	24	static
/home/petar/seminar/x-cube-memsmic1/Drivers/BSP/Components/ad1974/ad1974_reg.c:960:9:ad1974_serial_format_get	16	static
/home/petar/seminar/x-cube-memsmic1/Drivers/BSP/Components/ad1974/ad1974_reg.c:994:9:ad1974_bclk_active_edge_set	24	static
/home/petar/seminar/x-cube-memsmic1/Drivers/BSP/Components/ad1974/ad1974_reg.c:1017:9:ad1974_bclk_active_edge_get	16	static
/home/petar/seminar/x-cube-memsmic1/Drivers/BSP/Components/ad1974/ad1974_reg.c:1045:9:ad1974_lrclk_format_set	24	static
/home/petar/seminar/x-cube-memsmic1/Drivers/BSP/Components/ad1974/ad1974_reg.c:1068:9:ad1974_lrclk_format_get	16	static
/home/petar/seminar/x-cube-memsmic1/Drivers/BSP/Components/ad1974/ad1974_reg.c:1097:9:ad1974_bclk_polarity_set	24	static
/home/petar/seminar/x-cube-memsmic1/Drivers/BSP/Components/ad1974/ad1974_reg.c:1120:9:ad1974_bclk_polarity_get	16	static
/home/petar/seminar/x-cube-memsmic1/Drivers/BSP/Components/ad1974/ad1974_reg.c:1148:9:ad1974_lrclk_polarity_set	24	static
/home/petar/seminar/x-cube-memsmic1/Drivers/BSP/Components/ad1974/ad1974_reg.c:1171:9:ad1974_lrclk_polarity_get	16	static
/home/petar/seminar/x-cube-memsmic1/Drivers/BSP/Components/ad1974/ad1974_reg.c:1199:9:ad1974_lrclk_master_slave_set	24	static
/home/petar/seminar/x-cube-memsmic1/Drivers/BSP/Components/ad1974/ad1974_reg.c:1222:9:ad1974_lrclk_master_slave_get	16	static
/home/petar/seminar/x-cube-memsmic1/Drivers/BSP/Components/ad1974/ad1974_reg.c:1250:9:ad1974_bclk_per_frame_set	24	static
/home/petar/seminar/x-cube-memsmic1/Drivers/BSP/Components/ad1974/ad1974_reg.c:1273:9:ad1974_bclk_per_frame_get	16	static
/home/petar/seminar/x-cube-memsmic1/Drivers/BSP/Components/ad1974/ad1974_reg.c:1307:9:ad1974_bclk_master_slave_set	24	static
/home/petar/seminar/x-cube-memsmic1/Drivers/BSP/Components/ad1974/ad1974_reg.c:1330:9:ad1974_bclk_master_slave_get	16	static
/home/petar/seminar/x-cube-memsmic1/Drivers/BSP/Components/ad1974/ad1974_reg.c:1358:9:ad1974_bclk_source_set	24	static
/home/petar/seminar/x-cube-memsmic1/Drivers/BSP/Components/ad1974/ad1974_reg.c:1381:9:ad1974_bclk_source_get	16	static
