/home/petar/seminar/x-cube-memsmic1/Projects/STM32WB55RG-Nucleo/Demonstration/CCA02M2/HP_Microphones_Streaming/Src/usbd_audio_if.c:83:15:Audio_Init	0	static
/home/petar/seminar/x-cube-memsmic1/Projects/STM32WB55RG-Nucleo/Demonstration/CCA02M2/HP_Microphones_Streaming/Src/usbd_audio_if.c:97:15:Audio_DeInit	0	static
/home/petar/seminar/x-cube-memsmic1/Projects/STM32WB55RG-Nucleo/Demonstration/CCA02M2/HP_Microphones_Streaming/Src/usbd_audio_if.c:106:15:Audio_Record	0	static
/home/petar/seminar/x-cube-memsmic1/Projects/STM32WB55RG-Nucleo/Demonstration/CCA02M2/HP_Microphones_Streaming/Src/usbd_audio_if.c:141:15:Audio_MuteCtl	0	static
/home/petar/seminar/x-cube-memsmic1/Projects/STM32WB55RG-Nucleo/Demonstration/CCA02M2/HP_Microphones_Streaming/Src/usbd_audio_if.c:120:15:Audio_VolumeCtl	16	static
/home/petar/seminar/x-cube-memsmic1/Projects/STM32WB55RG-Nucleo/Demonstration/CCA02M2/HP_Microphones_Streaming/Src/usbd_audio_if.c:189:15:Audio_CommandMgr	0	static
/home/petar/seminar/x-cube-memsmic1/Projects/STM32WB55RG-Nucleo/Demonstration/CCA02M2/HP_Microphones_Streaming/Src/usbd_audio_if.c:152:15:Audio_Stop	0	static
/home/petar/seminar/x-cube-memsmic1/Projects/STM32WB55RG-Nucleo/Demonstration/CCA02M2/HP_Microphones_Streaming/Src/usbd_audio_if.c:167:15:Audio_Pause	0	static
/home/petar/seminar/x-cube-memsmic1/Projects/STM32WB55RG-Nucleo/Demonstration/CCA02M2/HP_Microphones_Streaming/Src/usbd_audio_if.c:178:15:Audio_Resume	0	static
/home/petar/seminar/x-cube-memsmic1/Projects/STM32WB55RG-Nucleo/Demonstration/CCA02M2/HP_Microphones_Streaming/Src/usbd_audio_if.c:203:6:Send_Audio_to_USB	0	static
