/home/petar/seminar/x-cube-memsmic1/Drivers/STM32L4xx_HAL_Driver/Src/stm32l4xx_hal_sai.c:2367:13:SAI_FillFifo	16	static
/home/petar/seminar/x-cube-memsmic1/Drivers/STM32L4xx_HAL_Driver/Src/stm32l4xx_hal_sai.c:798:13:HAL_SAI_MspInit	0	static
/home/petar/seminar/x-cube-memsmic1/Drivers/STM32L4xx_HAL_Driver/Src/stm32l4xx_hal_sai.c:368:19:HAL_SAI_Init	32	static
/home/petar/seminar/x-cube-memsmic1/Drivers/STM32L4xx_HAL_Driver/Src/stm32l4xx_hal_sai.c:329:19:HAL_SAI_InitProtocol	4	static
/home/petar/seminar/x-cube-memsmic1/Drivers/STM32L4xx_HAL_Driver/Src/stm32l4xx_hal_sai.c:814:13:HAL_SAI_MspDeInit	0	static
/home/petar/seminar/x-cube-memsmic1/Drivers/STM32L4xx_HAL_Driver/Src/stm32l4xx_hal_sai.c:726:19:HAL_SAI_DeInit	8	static
/home/petar/seminar/x-cube-memsmic1/Drivers/STM32L4xx_HAL_Driver/Src/stm32l4xx_hal_sai.c:1055:19:HAL_SAI_Transmit	32	static
/home/petar/seminar/x-cube-memsmic1/Drivers/STM32L4xx_HAL_Driver/Src/stm32l4xx_hal_sai.c:1168:19:HAL_SAI_Receive	32	static
/home/petar/seminar/x-cube-memsmic1/Drivers/STM32L4xx_HAL_Driver/Src/stm32l4xx_hal_sai.c:1278:19:HAL_SAI_Transmit_IT	8	static
/home/petar/seminar/x-cube-memsmic1/Drivers/STM32L4xx_HAL_Driver/Src/stm32l4xx_hal_sai.c:1340:19:HAL_SAI_Receive_IT	4	static
/home/petar/seminar/x-cube-memsmic1/Drivers/STM32L4xx_HAL_Driver/Src/stm32l4xx_hal_sai.c:1398:19:HAL_SAI_DMAPause	4	static
/home/petar/seminar/x-cube-memsmic1/Drivers/STM32L4xx_HAL_Driver/Src/stm32l4xx_hal_sai.c:1418:19:HAL_SAI_DMAResume	0	static
/home/petar/seminar/x-cube-memsmic1/Drivers/STM32L4xx_HAL_Driver/Src/stm32l4xx_hal_sai.c:1445:19:HAL_SAI_DMAStop	8	static
/home/petar/seminar/x-cube-memsmic1/Drivers/STM32L4xx_HAL_Driver/Src/stm32l4xx_hal_sai.c:1495:19:HAL_SAI_Abort	8	static
/home/petar/seminar/x-cube-memsmic1/Drivers/STM32L4xx_HAL_Driver/Src/stm32l4xx_hal_sai.c:1555:19:HAL_SAI_Transmit_DMA	32	static
/home/petar/seminar/x-cube-memsmic1/Drivers/STM32L4xx_HAL_Driver/Src/stm32l4xx_hal_sai.c:1642:19:HAL_SAI_Receive_DMA	24	static
/home/petar/seminar/x-cube-memsmic1/Drivers/STM32L4xx_HAL_Driver/Src/stm32l4xx_hal_sai.c:1711:19:HAL_SAI_EnableTxMuteMode	0	static
/home/petar/seminar/x-cube-memsmic1/Drivers/STM32L4xx_HAL_Driver/Src/stm32l4xx_hal_sai.c:1730:19:HAL_SAI_DisableTxMuteMode	0	static
/home/petar/seminar/x-cube-memsmic1/Drivers/STM32L4xx_HAL_Driver/Src/stm32l4xx_hal_sai.c:1748:19:HAL_SAI_EnableRxMuteMode	4	static
/home/petar/seminar/x-cube-memsmic1/Drivers/STM32L4xx_HAL_Driver/Src/stm32l4xx_hal_sai.c:1771:19:HAL_SAI_DisableRxMuteMode	0	static
/home/petar/seminar/x-cube-memsmic1/Drivers/STM32L4xx_HAL_Driver/Src/stm32l4xx_hal_sai.c:2063:13:HAL_SAI_TxCpltCallback	0	static
/home/petar/seminar/x-cube-memsmic1/Drivers/STM32L4xx_HAL_Driver/Src/stm32l4xx_hal_sai.c:2536:13:SAI_Transmit_IT32Bit	8	static
/home/petar/seminar/x-cube-memsmic1/Drivers/STM32L4xx_HAL_Driver/Src/stm32l4xx_hal_sai.c:2680:13:SAI_DMATxCplt	8	static
/home/petar/seminar/x-cube-memsmic1/Drivers/STM32L4xx_HAL_Driver/Src/stm32l4xx_hal_sai.c:2474:13:SAI_Transmit_IT8Bit	8	static
/home/petar/seminar/x-cube-memsmic1/Drivers/STM32L4xx_HAL_Driver/Src/stm32l4xx_hal_sai.c:2503:13:SAI_Transmit_IT16Bit	8	static
/home/petar/seminar/x-cube-memsmic1/Drivers/STM32L4xx_HAL_Driver/Src/stm32l4xx_hal_sai.c:2079:13:HAL_SAI_TxHalfCpltCallback	0	static
/home/petar/seminar/x-cube-memsmic1/Drivers/STM32L4xx_HAL_Driver/Src/stm32l4xx_hal_sai.c:2709:13:SAI_DMATxHalfCplt	8	static
/home/petar/seminar/x-cube-memsmic1/Drivers/STM32L4xx_HAL_Driver/Src/stm32l4xx_hal_sai.c:2095:13:HAL_SAI_RxCpltCallback	0	static
/home/petar/seminar/x-cube-memsmic1/Drivers/STM32L4xx_HAL_Driver/Src/stm32l4xx_hal_sai.c:2640:13:SAI_Receive_IT32Bit	8	static
/home/petar/seminar/x-cube-memsmic1/Drivers/STM32L4xx_HAL_Driver/Src/stm32l4xx_hal_sai.c:2726:13:SAI_DMARxCplt	8	static
/home/petar/seminar/x-cube-memsmic1/Drivers/STM32L4xx_HAL_Driver/Src/stm32l4xx_hal_sai.c:2573:13:SAI_Receive_IT8Bit	8	static
/home/petar/seminar/x-cube-memsmic1/Drivers/STM32L4xx_HAL_Driver/Src/stm32l4xx_hal_sai.c:2604:13:SAI_Receive_IT16Bit	8	static
/home/petar/seminar/x-cube-memsmic1/Drivers/STM32L4xx_HAL_Driver/Src/stm32l4xx_hal_sai.c:2111:13:HAL_SAI_RxHalfCpltCallback	0	static
/home/petar/seminar/x-cube-memsmic1/Drivers/STM32L4xx_HAL_Driver/Src/stm32l4xx_hal_sai.c:2754:13:SAI_DMARxHalfCplt	8	static
/home/petar/seminar/x-cube-memsmic1/Drivers/STM32L4xx_HAL_Driver/Src/stm32l4xx_hal_sai.c:2127:13:HAL_SAI_ErrorCallback	0	static
/home/petar/seminar/x-cube-memsmic1/Drivers/STM32L4xx_HAL_Driver/Src/stm32l4xx_hal_sai.c:2771:13:SAI_DMAError	8	static
/home/petar/seminar/x-cube-memsmic1/Drivers/STM32L4xx_HAL_Driver/Src/stm32l4xx_hal_sai.c:1790:6:HAL_SAI_IRQHandler	16	static
/home/petar/seminar/x-cube-memsmic1/Drivers/STM32L4xx_HAL_Driver/Src/stm32l4xx_hal_sai.c:2805:13:SAI_DMAAbort	8	static
/home/petar/seminar/x-cube-memsmic1/Drivers/STM32L4xx_HAL_Driver/Src/stm32l4xx_hal_sai.c:2162:22:HAL_SAI_GetState	0	static
/home/petar/seminar/x-cube-memsmic1/Drivers/STM32L4xx_HAL_Driver/Src/stm32l4xx_hal_sai.c:2173:10:HAL_SAI_GetError	0	static
