/home/petar/seminar/x-cube-memsmic1/Projects/STM32WB55RG-Nucleo/Demonstration/AMICAM1_demo/Microphones_Streaming/Src/usbd_desc.c:118:10:USBD_AUDIO_DeviceDescriptor	0	static
/home/petar/seminar/x-cube-memsmic1/Projects/STM32WB55RG-Nucleo/Demonstration/AMICAM1_demo/Microphones_Streaming/Src/usbd_desc.c:130:10:USBD_AUDIO_LangIDStrDescriptor	0	static
/home/petar/seminar/x-cube-memsmic1/Projects/STM32WB55RG-Nucleo/Demonstration/AMICAM1_demo/Microphones_Streaming/Src/usbd_desc.c:161:10:USBD_AUDIO_ManufacturerStrDescriptor	8	static
/home/petar/seminar/x-cube-memsmic1/Projects/STM32WB55RG-Nucleo/Demonstration/AMICAM1_demo/Microphones_Streaming/Src/usbd_desc.c:142:10:USBD_AUDIO_ProductStrDescriptor	8	static
/home/petar/seminar/x-cube-memsmic1/Projects/STM32WB55RG-Nucleo/Demonstration/AMICAM1_demo/Microphones_Streaming/Src/usbd_desc.c:173:10:USBD_AUDIO_SerialStrDescriptor	8	static
/home/petar/seminar/x-cube-memsmic1/Projects/STM32WB55RG-Nucleo/Demonstration/AMICAM1_demo/Microphones_Streaming/Src/usbd_desc.c:192:10:USBD_AUDIO_ConfigStrDescriptor	8	static
/home/petar/seminar/x-cube-memsmic1/Projects/STM32WB55RG-Nucleo/Demonstration/AMICAM1_demo/Microphones_Streaming/Src/usbd_desc.c:211:10:USBD_AUDIO_InterfaceStrDescriptor	8	static
