/home/petar/seminar/x-cube-memsmic1/Projects/STM32WB55RG-Nucleo/Demonstration/AMICAM1_demo/Microphones_Streaming/Src/usbd_audio_if.c:84:15:Audio_Init	0	static
/home/petar/seminar/x-cube-memsmic1/Projects/STM32WB55RG-Nucleo/Demonstration/AMICAM1_demo/Microphones_Streaming/Src/usbd_audio_if.c:98:15:Audio_DeInit	0	static
/home/petar/seminar/x-cube-memsmic1/Projects/STM32WB55RG-Nucleo/Demonstration/AMICAM1_demo/Microphones_Streaming/Src/usbd_audio_if.c:107:15:Audio_Record	0	static
/home/petar/seminar/x-cube-memsmic1/Projects/STM32WB55RG-Nucleo/Demonstration/AMICAM1_demo/Microphones_Streaming/Src/usbd_audio_if.c:142:15:Audio_MuteCtl	0	static
/home/petar/seminar/x-cube-memsmic1/Projects/STM32WB55RG-Nucleo/Demonstration/AMICAM1_demo/Microphones_Streaming/Src/usbd_audio_if.c:121:15:Audio_VolumeCtl	16	static
/home/petar/seminar/x-cube-memsmic1/Projects/STM32WB55RG-Nucleo/Demonstration/AMICAM1_demo/Microphones_Streaming/Src/usbd_audio_if.c:190:15:Audio_CommandMgr	0	static
/home/petar/seminar/x-cube-memsmic1/Projects/STM32WB55RG-Nucleo/Demonstration/AMICAM1_demo/Microphones_Streaming/Src/usbd_audio_if.c:153:15:Audio_Stop	0	static
/home/petar/seminar/x-cube-memsmic1/Projects/STM32WB55RG-Nucleo/Demonstration/AMICAM1_demo/Microphones_Streaming/Src/usbd_audio_if.c:168:15:Audio_Pause	0	static
/home/petar/seminar/x-cube-memsmic1/Projects/STM32WB55RG-Nucleo/Demonstration/AMICAM1_demo/Microphones_Streaming/Src/usbd_audio_if.c:179:15:Audio_Resume	0	static
/home/petar/seminar/x-cube-memsmic1/Projects/STM32WB55RG-Nucleo/Demonstration/AMICAM1_demo/Microphones_Streaming/Src/usbd_audio_if.c:204:6:Send_Audio_to_USB	0	static
