Archive member included to satisfy reference by file (symbol)

../../../../../../../../Middlewares/ST/STM32_Audio/Addons/PDM/Lib/libPDMFilter_CM4_GCC_wc32_softfp.a(pdm_filter.o)
                              ./Drivers/BSP/X-NUCLEO-CCA02M2/cca02m2_audio.o (PDM_Filter_Init)
../../../../../../../../Drivers/CMSIS/DSP/Lib/GCC/libarm_cortexM4l_math.a(arm_fir_decimate_q15.o)
                              ./Drivers/BSP/X-NUCLEO-CCA02M2/cca02m2_audio.o (arm_fir_decimate_q15)
../../../../../../../../Drivers/CMSIS/DSP/Lib/GCC/libarm_cortexM4l_math.a(arm_fir_decimate_init_q15.o)
                              ./Drivers/BSP/X-NUCLEO-CCA02M2/cca02m2_audio.o (arm_fir_decimate_init_q15)
/opt/st/stm32cubeide_1.10.1/plugins/com.st.stm32cube.ide.mcu.externaltools.gnu-tools-for-stm32.10.3-2021.10.linux64_1.0.0.202111181127/tools/bin/../lib/gcc/arm-none-eabi/10.3.1/../../../../arm-none-eabi/lib/thumb/v7e-m+fp/softfp/libc_nano.a(lib_a-errno.o)
                              ./Application/User/syscalls.o (__errno)
/opt/st/stm32cubeide_1.10.1/plugins/com.st.stm32cube.ide.mcu.externaltools.gnu-tools-for-stm32.10.3-2021.10.linux64_1.0.0.202111181127/tools/bin/../lib/gcc/arm-none-eabi/10.3.1/../../../../arm-none-eabi/lib/thumb/v7e-m+fp/softfp/libc_nano.a(lib_a-exit.o)
                              /opt/st/stm32cubeide_1.10.1/plugins/com.st.stm32cube.ide.mcu.externaltools.gnu-tools-for-stm32.10.3-2021.10.linux64_1.0.0.202111181127/tools/bin/../lib/gcc/arm-none-eabi/10.3.1/../../../../arm-none-eabi/lib/thumb/v7e-m+fp/softfp/crt0.o (exit)
/opt/st/stm32cubeide_1.10.1/plugins/com.st.stm32cube.ide.mcu.externaltools.gnu-tools-for-stm32.10.3-2021.10.linux64_1.0.0.202111181127/tools/bin/../lib/gcc/arm-none-eabi/10.3.1/../../../../arm-none-eabi/lib/thumb/v7e-m+fp/softfp/libc_nano.a(lib_a-impure.o)
                              /opt/st/stm32cubeide_1.10.1/plugins/com.st.stm32cube.ide.mcu.externaltools.gnu-tools-for-stm32.10.3-2021.10.linux64_1.0.0.202111181127/tools/bin/../lib/gcc/arm-none-eabi/10.3.1/../../../../arm-none-eabi/lib/thumb/v7e-m+fp/softfp/libc_nano.a(lib_a-exit.o) (_global_impure_ptr)
/opt/st/stm32cubeide_1.10.1/plugins/com.st.stm32cube.ide.mcu.externaltools.gnu-tools-for-stm32.10.3-2021.10.linux64_1.0.0.202111181127/tools/bin/../lib/gcc/arm-none-eabi/10.3.1/../../../../arm-none-eabi/lib/thumb/v7e-m+fp/softfp/libc_nano.a(lib_a-init.o)
                              /opt/st/stm32cubeide_1.10.1/plugins/com.st.stm32cube.ide.mcu.externaltools.gnu-tools-for-stm32.10.3-2021.10.linux64_1.0.0.202111181127/tools/bin/../lib/gcc/arm-none-eabi/10.3.1/../../../../arm-none-eabi/lib/thumb/v7e-m+fp/softfp/crt0.o (__libc_init_array)
/opt/st/stm32cubeide_1.10.1/plugins/com.st.stm32cube.ide.mcu.externaltools.gnu-tools-for-stm32.10.3-2021.10.linux64_1.0.0.202111181127/tools/bin/../lib/gcc/arm-none-eabi/10.3.1/../../../../arm-none-eabi/lib/thumb/v7e-m+fp/softfp/libc_nano.a(lib_a-malloc.o)
                              ./Middlewares/ST/STM32_USB_Device_Library/Class/usbd_audio_in.o (malloc)
/opt/st/stm32cubeide_1.10.1/plugins/com.st.stm32cube.ide.mcu.externaltools.gnu-tools-for-stm32.10.3-2021.10.linux64_1.0.0.202111181127/tools/bin/../lib/gcc/arm-none-eabi/10.3.1/../../../../arm-none-eabi/lib/thumb/v7e-m+fp/softfp/libc_nano.a(lib_a-memcpy-stub.o)
                              ./Middlewares/ST/STM32_USB_Device_Library/Class/usbd_audio_in.o (memcpy)
/opt/st/stm32cubeide_1.10.1/plugins/com.st.stm32cube.ide.mcu.externaltools.gnu-tools-for-stm32.10.3-2021.10.linux64_1.0.0.202111181127/tools/bin/../lib/gcc/arm-none-eabi/10.3.1/../../../../arm-none-eabi/lib/thumb/v7e-m+fp/softfp/libc_nano.a(lib_a-memset.o)
                              /opt/st/stm32cubeide_1.10.1/plugins/com.st.stm32cube.ide.mcu.externaltools.gnu-tools-for-stm32.10.3-2021.10.linux64_1.0.0.202111181127/tools/bin/../lib/gcc/arm-none-eabi/10.3.1/../../../../arm-none-eabi/lib/thumb/v7e-m+fp/softfp/crt0.o (memset)
/opt/st/stm32cubeide_1.10.1/plugins/com.st.stm32cube.ide.mcu.externaltools.gnu-tools-for-stm32.10.3-2021.10.linux64_1.0.0.202111181127/tools/bin/../lib/gcc/arm-none-eabi/10.3.1/../../../../arm-none-eabi/lib/thumb/v7e-m+fp/softfp/libc_nano.a(lib_a-nano-freer.o)
                              /opt/st/stm32cubeide_1.10.1/plugins/com.st.stm32cube.ide.mcu.externaltools.gnu-tools-for-stm32.10.3-2021.10.linux64_1.0.0.202111181127/tools/bin/../lib/gcc/arm-none-eabi/10.3.1/../../../../arm-none-eabi/lib/thumb/v7e-m+fp/softfp/libc_nano.a(lib_a-malloc.o) (_free_r)
/opt/st/stm32cubeide_1.10.1/plugins/com.st.stm32cube.ide.mcu.externaltools.gnu-tools-for-stm32.10.3-2021.10.linux64_1.0.0.202111181127/tools/bin/../lib/gcc/arm-none-eabi/10.3.1/../../../../arm-none-eabi/lib/thumb/v7e-m+fp/softfp/libc_nano.a(lib_a-nano-mallocr.o)
[...]
Memory Configuration

Name             Origin             Length             Attributes
ROM              0x0000000008000000 0x0000000000080000 xr
RAM              0x0000000020000000 0x0000000000018000 xrw
*default*        0x0000000000000000 0xffffffffffffffff

Linker script and memory map

LOAD /opt/st/stm32cubeide_1.10.1/plugins/com.st.stm32cube.ide.mcu.externaltools.gnu-tools-for-stm32.10.3-2021.10.linux64_1.0.0.202111181127/tools/bin/../lib/gcc/arm-none-eabi/10.3.1/thumb/v7e-m+fp/softfp/crti.o
LOAD /opt/st/stm32cubeide_1.10.1/plugins/com.st.stm32cube.ide.mcu.externaltools.gnu-tools-for-stm32.10.3-2021.10.linux64_1.0.0.202111181127/tools/bin/../lib/gcc/arm-none-eabi/10.3.1/thumb/v7e-m+fp/softfp/crtbegin.o
LOAD /opt/st/stm32cubeide_1.10.1/plugins/com.st.stm32cube.ide.mcu.externaltools.gnu-tools-for-stm32.10.3-2021.10.linux64_1.0.0.202111181127/tools/bin/../lib/gcc/arm-none-eabi/10.3.1/../../../../arm-none-eabi/lib/thumb/v7e-m+fp/softfp/crt0.o
LOAD ./Application/Patch/stm32f4xx_hal_pcd_patch.o
LOAD ./Application/STM4STM32/startup_stm32f401xe.o
LOAD ./Application/User/audio_application.o
LOAD ./Application/User/cube_hal_f4.o
LOAD ./Application/User/main.o
LOAD ./Application/User/stm32xx_it.o
LOAD ./Application/User/syscalls.o
LOAD ./Application/User/usbd_audio_if.o
LOAD ./Application/User/usbd_conf_f4.o
LOAD ./Application/User/usbd_desc.o
LOAD ./Drivers/BSP/STM32F4xx_Nucleo/stm32f4xx_nucleo.o
LOAD ./Drivers/BSP/X-NUCLEO-CCA02M2/cca02m2_audio.o
LOAD ./Drivers/CMSIS/system_stm32f4xx.o
LOAD ./Drivers/STM32F4xx_HAL_Driver/stm32f4xx_hal.o
LOAD ./Drivers/STM32F4xx_HAL_Driver/stm32f4xx_hal_adc.o
LOAD ./Drivers/STM32F4xx_HAL_Driver/stm32f4xx_hal_adc_ex.o
LOAD ./Drivers/STM32F4xx_HAL_Driver/stm32f4xx_hal_cortex.o
LOAD ./Drivers/STM32F4xx_HAL_Driver/stm32f4xx_hal_dma.o
LOAD ./Drivers/STM32F4xx_HAL_Driver/stm32f4xx_hal_dma_ex.o
LOAD ./Drivers/STM32F4xx_HAL_Driver/stm32f4xx_hal_flash.o
LOAD ./Drivers/STM32F4xx_HAL_Driver/stm32f4xx_hal_flash_ex.o
LOAD ./Drivers/STM32F4xx_HAL_Driver/stm32f4xx_hal_gpio.o
LOAD ./Drivers/STM32F4xx_HAL_Driver/stm32f4xx_hal_i2s.o
LOAD ./Drivers/STM32F4xx_HAL_Driver/stm32f4xx_hal_i2s_ex.o
LOAD ./Drivers/STM32F4xx_HAL_Driver/stm32f4xx_hal_pcd_ex.o
LOAD ./Drivers/STM32F4xx_HAL_Driver/stm32f4xx_hal_rcc.o
LOAD ./Drivers/STM32F4xx_HAL_Driver/stm32f4xx_hal_rcc_ex.o
LOAD ./Drivers/STM32F4xx_HAL_Driver/stm32f4xx_hal_spi.o
LOAD ./Drivers/STM32F4xx_HAL_Driver/stm32f4xx_hal_tim.o
LOAD ./Drivers/STM32F4xx_HAL_Driver/stm32f4xx_hal_tim_ex.o
LOAD ./Drivers/STM32F4xx_HAL_Driver/stm32f4xx_ll_usb.o
LOAD ./Middlewares/ST/STM32_USB_Device_Library/Class/usbd_audio_in.o
LOAD ./Middlewares/ST/STM32_USB_Device_Library/Core/usbd_core.o
LOAD ./Middlewares/ST/STM32_USB_Device_Library/Core/usbd_ctlreq.o
LOAD ./Middlewares/ST/STM32_USB_Device_Library/Core/usbd_ioreq.o
LOAD ../../../../../../../../Middlewares/ST/STM32_Audio/Addons/PDM/Lib/libPDMFilter_CM4_GCC_wc32_softfp.a
LOAD ../../../../../../../../Drivers/CMSIS/DSP/Lib/GCC/libarm_cortexM4l_math.a
START GROUP
LOAD /opt/st/stm32cubeide_1.10.1/plugins/com.st.stm32cube.ide.mcu.externaltools.gnu-tools-for-stm32.10.3-2021.10.linux64_1.0.0.202111181127/tools/bin/../lib/gcc/arm-none-eabi/10.3.1/../../../../arm-none-eabi/lib/thumb/v7e-m+fp/softfp/libc_nano.a
LOAD /opt/st/stm32cubeide_1.10.1/plugins/com.st.stm32cube.ide.mcu.externaltools.gnu-tools-for-stm32.10.3-2021.10.linux64_1.0.0.202111181127/tools/bin/../lib/gcc/arm-none-eabi/10.3.1/../../../../arm-none-eabi/lib/thumb/v7e-m+fp/softfp/libm.a
END GROUP
START GROUP
LOAD /opt/st/stm32cubeide_1.10.1/plugins/com.st.stm32cube.ide.mcu.externaltools.gnu-tools-for-stm32.10.3-2021.10.linux64_1.0.0.202111181127/tools/bin/../lib/gcc/arm-none-eabi/10.3.1/thumb/v7e-m+fp/softfp/libgcc.a
LOAD /opt/st/stm32cubeide_1.10.1/plugins/com.st.stm32cube.ide.mcu.externaltools.gnu-tools-for-stm32.10.3-2021.10.linux64_1.0.0.202111181127/tools/bin/../lib/gcc/arm-none-eabi/10.3.1/../../../../arm-none-eabi/lib/thumb/v7e-m+fp/softfp/libc_nano.a
END GROUP
START GROUP
LOAD /opt/st/stm32cubeide_1.10.1/plugins/com.st.stm32cube.ide.mcu.externaltools.gnu-tools-for-stm32.10.3-2021.10.linux64_1.0.0.202111181127/tools/bin/../lib/gcc/arm-none-eabi/10.3.1/thumb/v7e-m+fp/softfp/libgcc.a
LOAD /opt/st/stm32cubeide_1.10.1/plugins/com.st.stm32cube.ide.mcu.externaltools.gnu-tools-for-stm32.10.3-2021.10.linux64_1.0.0.202111181127/tools/bin/../lib/gcc/arm-none-eabi/10.3.1/../../../../arm-none-eabi/lib/thumb/v7e-m+fp/softfp/libc_nano.a
LOAD /opt/st/stm32cubeide_1.10.1/plugins/com.st.stm32cube.ide.mcu.externaltools.gnu-tools-for-stm32.10.3-2021.10.linux64_1.0.0.202111181127/tools/bin/../lib/gcc/arm-none-eabi/10.3.1/../../../../arm-none-eabi/lib/thumb/v7e-m+fp/softfp/libnosys.a
END GROUP
START GROUP
LOAD /opt/st/stm32cubeide_1.10.1/plugins/com.st.stm32cube.ide.mcu.externaltools.gnu-tools-for-stm32.10.3-2021.10.linux64_1.0.0.202111181127/tools/bin/../lib/gcc/arm-none-eabi/10.3.1/thumb/v7e-m+fp/softfp/libgcc.a
LOAD /opt/st/stm32cubeide_1.10.1/plugins/com.st.stm32cube.ide.mcu.externaltools.gnu-tools-for-stm32.10.3-2021.10.linux64_1.0.0.202111181127/tools/bin/../lib/gcc/arm-none-eabi/10.3.1/../../../../arm-none-eabi/lib/thumb/v7e-m+fp/softfp/libc_nano.a
LOAD /opt/st/stm32cubeide_1.10.1/plugins/com.st.stm32cube.ide.mcu.externaltools.gnu-tools-for-stm32.10.3-2021.10.linux64_1.0.0.202111181127/tools/bin/../lib/gcc/arm-none-eabi/10.3.1/../../../../arm-none-eabi/lib/thumb/v7e-m+fp/softfp/libnosys.a
END GROUP
LOAD /opt/st/stm32cubeide_1.10.1/plugins/com.st.stm32cube.ide.mcu.externaltools.gnu-tools-for-stm32.10.3-2021.10.linux64_1.0.0.202111181127/tools/bin/../lib/gcc/arm-none-eabi/10.3.1/thumb/v7e-m+fp/softfp/crtend.o
LOAD /opt/st/stm32cubeide_1.10.1/plugins/com.st.stm32cube.ide.mcu.externaltools.gnu-tools-for-stm32.10.3-2021.10.linux64_1.0.0.202111181127/tools/bin/../lib/gcc/arm-none-eabi/10.3.1/thumb/v7e-m+fp/softfp/crtn.o
                0x0000000020018000                _estack = 0x20018000
                0x0000000000002000                _Min_Heap_Size = 0x2000
                0x0000000000002000                _Min_Stack_Size = 0x2000

.isr_vector     0x0000000008000000      0x194
                0x0000000008000000                . = ALIGN (0x4)
 *(.isr_vector)
 .isr_vector    0x0000000008000000      0x194 ./Application/STM4STM32/startup_stm32f401xe.o
                0x0000000008000000                g_pfnVectors
                0x0000000008000194                . = ALIGN (0x4)

.text           0x0000000008000198     0x989c
                0x0000000008000198                . = ALIGN (0x4)
 *(.text)
 .text          0x0000000008000198       0x40 /opt/st/stm32cubeide_1.10.1/plugins/com.st.stm32cube.ide.mcu.externaltools.gnu-tools-for-stm32.10.3-2021.10.linux64_1.0.0.202111181127/tools/bin/../lib/gcc/arm-none-eabi/10.3.1/thumb/v7e-m+fp/softfp/crtbegin.o
 .text          0x00000000080001d8       0x30 /opt/st/stm32cubeide_1.10.1/plugins/com.st.stm32cube.ide.mcu.externaltools.gnu-tools-for-stm32.10.3-2021.10.linux64_1.0.0.202111181127/tools/bin/../lib/gcc/arm-none-eabi/10.3.1/thumb/v7e-m+fp/softfp/libgcc.a(_aeabi_uldivmod.o)
                0x00000000080001d8                __aeabi_uldivmod
 .text          0x0000000008000208      0x2d0 /opt/st/stm32cubeide_1.10.1/plugins/com.st.stm32cube.ide.mcu.externaltools.gnu-tools-for-stm32.10.3-2021.10.linux64_1.0.0.202111181127/tools/bin/../lib/gcc/arm-none-eabi/10.3.1/thumb/v7e-m+fp/softfp/libgcc.a(_udivmoddi4.o)
                0x0000000008000208                __udivmoddi4
 .text          0x00000000080004d8        0x4 /opt/st/stm32cubeide_1.10.1/plugins/com.st.stm32cube.ide.mcu.externaltools.gnu-tools-for-stm32.10.3-2021.10.linux64_1.0.0.202111181127/tools/bin/../lib/gcc/arm-none-eabi/10.3.1/thumb/v7e-m+fp/softfp/libgcc.a(_dvmd_tls.o)
                0x00000000080004d8                __aeabi_ldiv0
                0x00000000080004d8                __aeabi_idiv0
 *(.text*)
 .text.HAL_PCD_Init
                0x00000000080004dc      0x11c ./Application/Patch/stm32f4xx_hal_pcd_patch.o
                0x00000000080004dc                HAL_PCD_Init
 .text.HAL_PCD_Start
                0x00000000080005f8       0x40 ./Application/Patch/stm32f4xx_hal_pcd_patch.o
                0x00000000080005f8                HAL_PCD_Start
 .text.HAL_PCD_IRQHandler
                0x0000000008000638      0xa08 ./Application/Patch/stm32f4xx_hal_pcd_patch.o
                0x0000000008000638                HAL_PCD_IRQHandler
 .text.HAL_PCD_SetAddress
                0x0000000008001040       0x28 ./Application/Patch/stm32f4xx_hal_pcd_patch.o
                0x0000000008001040                HAL_PCD_SetAddress
 .text.HAL_PCD_EP_Open
                0x0000000008001068       0x7c ./Application/Patch/stm32f4xx_hal_pcd_patch.o
                0x0000000008001068                HAL_PCD_EP_Open
 .text.HAL_PCD_EP_Close
                0x00000000080010e4       0x5c ./Application/Patch/stm32f4xx_hal_pcd_patch.o
                0x00000000080010e4                HAL_PCD_EP_Close
 .text.HAL_PCD_EP_Receive
                0x0000000008001140       0x50 ./Application/Patch/stm32f4xx_hal_pcd_patch.o
                0x0000000008001140                HAL_PCD_EP_Receive
 .text.HAL_PCD_EP_Transmit
                0x0000000008001190       0x50 ./Application/Patch/stm32f4xx_hal_pcd_patch.o
                0x0000000008001190                HAL_PCD_EP_Transmit
 .text.HAL_PCD_EP_SetStall
                0x00000000080011e0       0x88 ./Application/Patch/stm32f4xx_hal_pcd_patch.o
                0x00000000080011e0                HAL_PCD_EP_SetStall
 .text.HAL_PCD_EP_ClrStall
                0x0000000008001268       0x70 ./Application/Patch/stm32f4xx_hal_pcd_patch.o
                0x0000000008001268                HAL_PCD_EP_ClrStall
 .text.HAL_PCD_EP_Flush
                0x00000000080012d8       0x38 ./Application/Patch/stm32f4xx_hal_pcd_patch.o
                0x00000000080012d8                HAL_PCD_EP_Flush
 .text.Reset_Handler
                0x0000000008001310       0x50 ./Application/STM4STM32/startup_stm32f401xe.o
                0x0000000008001310                Reset_Handler
 .text.Default_Handler
                0x0000000008001360        0x2 ./Application/STM4STM32/startup_stm32f401xe.o
                0x0000000008001360                RTC_Alarm_IRQHandler
                0x0000000008001360                EXTI2_IRQHandler
                0x0000000008001360                SPI4_IRQHandler
                0x0000000008001360                TIM1_CC_IRQHandler
                0x0000000008001360                DMA2_Stream5_IRQHandler
                0x0000000008001360                DMA1_Stream5_IRQHandler
                0x0000000008001360                PVD_IRQHandler
                0x0000000008001360                SDIO_IRQHandler
                0x0000000008001360                TAMP_STAMP_IRQHandler
                0x0000000008001360                EXTI3_IRQHandler
                0x0000000008001360                TIM1_UP_TIM10_IRQHandler
                0x0000000008001360                I2C3_ER_IRQHandler
                0x0000000008001360                EXTI0_IRQHandler
                0x0000000008001360                I2C2_EV_IRQHandler
                0x0000000008001360                DMA1_Stream2_IRQHandler
                0x0000000008001360                FPU_IRQHandler
                0x0000000008001360                UsageFault_Handler
                0x0000000008001360                DMA2_Stream2_IRQHandler
                0x0000000008001360                SPI1_IRQHandler
                0x0000000008001360                TIM1_BRK_TIM9_IRQHandler
                0x0000000008001360                DMA2_Stream3_IRQHandler
                0x0000000008001360                USART6_IRQHandler
                0x0000000008001360                DMA2_Stream0_IRQHandler
                0x0000000008001360                TIM4_IRQHandler
                0x0000000008001360                I2C1_EV_IRQHandler
                0x0000000008001360                DMA1_Stream6_IRQHandler
                0x0000000008001360                DMA1_Stream1_IRQHandler
                0x0000000008001360                TIM3_IRQHandler
                0x0000000008001360                RCC_IRQHandler
                0x0000000008001360                Default_Handler
                0x0000000008001360                EXTI15_10_IRQHandler
                0x0000000008001360                ADC_IRQHandler
                0x0000000008001360                DMA1_Stream7_IRQHandler
                0x0000000008001360                TIM5_IRQHandler
                0x0000000008001360                DMA2_Stream7_IRQHandler
                0x0000000008001360                I2C3_EV_IRQHandler
                0x0000000008001360                EXTI9_5_IRQHandler
                0x0000000008001360                RTC_WKUP_IRQHandler
                0x0000000008001360                SPI2_IRQHandler
                0x0000000008001360                MemManage_Handler
                0x0000000008001360                DMA1_Stream0_IRQHandler
                0x0000000008001360                EXTI4_IRQHandler
                0x0000000008001360                WWDG_IRQHandler
                0x0000000008001360                TIM2_IRQHandler
                0x0000000008001360                OTG_FS_WKUP_IRQHandler
                0x0000000008001360                TIM1_TRG_COM_TIM11_IRQHandler
                0x0000000008001360                EXTI1_IRQHandler
                0x0000000008001360                USART2_IRQHandler
                0x0000000008001360                I2C2_ER_IRQHandler
                0x0000000008001360                DMA2_Stream1_IRQHandler
                0x0000000008001360                FLASH_IRQHandler
                0x0000000008001360                DMA2_Stream4_IRQHandler
                0x0000000008001360                BusFault_Handler
                0x0000000008001360                USART1_IRQHandler
                0x0000000008001360                SPI3_IRQHandler
                0x0000000008001360                DMA1_Stream4_IRQHandler
                0x0000000008001360                I2C1_ER_IRQHandler
                0x0000000008001360                DMA2_Stream6_IRQHandler
 *fill*         0x0000000008001362        0x2 
 .text.CCA02M2_AUDIO_IN_HalfTransfer_CallBack
                0x0000000008001364       0x24 ./Application/User/audio_application.o
                0x0000000008001364                CCA02M2_AUDIO_IN_HalfTransfer_CallBack
 .text.CCA02M2_AUDIO_IN_TransferComplete_CallBack
                0x0000000008001388       0x24 ./Application/User/audio_application.o
                0x0000000008001388                CCA02M2_AUDIO_IN_TransferComplete_CallBack
 .text.Init_Acquisition_Peripherals
                0x00000000080013ac       0x34 ./Application/User/audio_application.o
                0x00000000080013ac                Init_Acquisition_Peripherals
 .text.Start_Acquisition
                0x00000000080013e0       0x18 ./Application/User/audio_application.o
                0x00000000080013e0                Start_Acquisition
 .text.SystemClock_Config
                0x00000000080013f8       0x8c ./Application/User/cube_hal_f4.o
                0x00000000080013f8                SystemClock_Config
 .text.startup.main
                0x0000000008001484       0x58 ./Application/User/main.o
                0x0000000008001484                main
 .text.NMI_Handler
                0x00000000080014dc        0x4 ./Application/User/stm32xx_it.o
                0x00000000080014dc                NMI_Handler
 .text.HardFault_Handler
                0x00000000080014e0        0x4 ./Application/User/stm32xx_it.o
                0x00000000080014e0                HardFault_Handler
 .text.SVC_Handler
                0x00000000080014e4        0x4 ./Application/User/stm32xx_it.o
                0x00000000080014e4                SVC_Handler
 .text.DebugMon_Handler
                0x00000000080014e8        0x4 ./Application/User/stm32xx_it.o
                0x00000000080014e8                DebugMon_Handler
 .text.PendSV_Handler
                0x00000000080014ec        0x4 ./Application/User/stm32xx_it.o
                0x00000000080014ec                PendSV_Handler
 .text.SysTick_Handler
                0x00000000080014f0        0x4 ./Application/User/stm32xx_it.o
                0x00000000080014f0                SysTick_Handler
 .text.OTG_FS_IRQHandler
                0x00000000080014f4        0xc ./Application/User/stm32xx_it.o
                0x00000000080014f4                OTG_FS_IRQHandler
 .text.DMA1_Stream3_IRQHandler
                0x0000000008001500        0xc ./Application/User/stm32xx_it.o
                0x0000000008001500                DMA1_Stream3_IRQHandler
 .text._sbrk    0x000000000800150c       0x38 ./Application/User/syscalls.o
                0x000000000800150c                _sbrk
 .text.Audio_Init
                0x0000000008001544        0x4 ./Application/User/usbd_audio_if.o
 .text.Audio_DeInit
                0x0000000008001548        0x4 ./Application/User/usbd_audio_if.o
 .text.Audio_Record
                0x000000000800154c        0x4 ./Application/User/usbd_audio_if.o
 .text.Audio_MuteCtl
                0x0000000008001550        0x4 ./Application/User/usbd_audio_if.o
 .text.Audio_VolumeCtl
                0x0000000008001554       0x4c ./Application/User/usbd_audio_if.o
 .text.Audio_CommandMgr
                0x00000000080015a0        0x4 ./Application/User/usbd_audio_if.o
 .text.Audio_Stop
                0x00000000080015a4        0x4 ./Application/User/usbd_audio_if.o
 .text.Audio_Pause
                0x00000000080015a8        0x4 ./Application/User/usbd_audio_if.o
 .text.Audio_Resume
                0x00000000080015ac        0x4 ./Application/User/usbd_audio_if.o
 .text.Send_Audio_to_USB
                0x00000000080015b0       0x10 ./Application/User/usbd_audio_if.o
                0x00000000080015b0                Send_Audio_to_USB
 .text.HAL_PCD_MspInit
                0x00000000080015c0       0x7c ./Application/User/usbd_conf_f4.o
                0x00000000080015c0                HAL_PCD_MspInit
 .text.HAL_PCD_SetupStageCallback
                0x000000000800163c        0xc ./Application/User/usbd_conf_f4.o
                0x000000000800163c                HAL_PCD_SetupStageCallback
 .text.HAL_PCD_DataOutStageCallback
                0x0000000008001648       0x14 ./Application/User/usbd_conf_f4.o
                0x0000000008001648                HAL_PCD_DataOutStageCallback
 .text.HAL_PCD_DataInStageCallback
                0x000000000800165c       0x14 ./Application/User/usbd_conf_f4.o
                0x000000000800165c                HAL_PCD_DataInStageCallback
 .text.HAL_PCD_SOFCallback
                0x0000000008001670        0x8 ./Application/User/usbd_conf_f4.o
                0x0000000008001670                HAL_PCD_SOFCallback
 .text.HAL_PCD_ResetCallback
                0x0000000008001678       0x20 ./Application/User/usbd_conf_f4.o
                0x0000000008001678                HAL_PCD_ResetCallback
 .text.HAL_PCD_SuspendCallback
                0x0000000008001698        0x8 ./Application/User/usbd_conf_f4.o
                0x0000000008001698                HAL_PCD_SuspendCallback
 .text.HAL_PCD_ResumeCallback
                0x00000000080016a0        0x8 ./Application/User/usbd_conf_f4.o
                0x00000000080016a0                HAL_PCD_ResumeCallback
 .text.HAL_PCD_ISOOUTIncompleteCallback
                0x00000000080016a8        0x8 ./Application/User/usbd_conf_f4.o
                0x00000000080016a8                HAL_PCD_ISOOUTIncompleteCallback
 .text.HAL_PCD_ISOINIncompleteCallback
                0x00000000080016b0        0x8 ./Application/User/usbd_conf_f4.o
                0x00000000080016b0                HAL_PCD_ISOINIncompleteCallback
 .text.HAL_PCD_ConnectCallback
                0x00000000080016b8        0x8 ./Application/User/usbd_conf_f4.o
                0x00000000080016b8                HAL_PCD_ConnectCallback
 .text.HAL_PCD_DisconnectCallback
                0x00000000080016c0        0x8 ./Application/User/usbd_conf_f4.o
                0x00000000080016c0                HAL_PCD_DisconnectCallback
 .text.USBD_LL_Init
                0x00000000080016c8       0x60 ./Application/User/usbd_conf_f4.o
                0x00000000080016c8                USBD_LL_Init
 .text.USBD_LL_Start
                0x0000000008001728       0x10 ./Application/User/usbd_conf_f4.o
                0x0000000008001728                USBD_LL_Start
 .text.USBD_LL_OpenEP
                0x0000000008001738       0x14 ./Application/User/usbd_conf_f4.o
                0x0000000008001738                USBD_LL_OpenEP
 .text.USBD_LL_CloseEP
                0x000000000800174c       0x10 ./Application/User/usbd_conf_f4.o
                0x000000000800174c                USBD_LL_CloseEP
 .text.USBD_LL_FlushEP
                0x000000000800175c       0x10 ./Application/User/usbd_conf_f4.o
                0x000000000800175c                USBD_LL_FlushEP
 .text.USBD_LL_StallEP
                0x000000000800176c       0x10 ./Application/User/usbd_conf_f4.o
                0x000000000800176c                USBD_LL_StallEP
 .text.USBD_LL_ClearStallEP
                0x000000000800177c       0x10 ./Application/User/usbd_conf_f4.o
                0x000000000800177c                USBD_LL_ClearStallEP
 .text.USBD_LL_IsStallEP
                0x000000000800178c       0x28 ./Application/User/usbd_conf_f4.o
                0x000000000800178c                USBD_LL_IsStallEP
 .text.USBD_LL_SetUSBAddress
                0x00000000080017b4       0x10 ./Application/User/usbd_conf_f4.o
                0x00000000080017b4                USBD_LL_SetUSBAddress
 .text.USBD_LL_Transmit
                0x00000000080017c4       0x10 ./Application/User/usbd_conf_f4.o
                0x00000000080017c4                USBD_LL_Transmit
 .text.USBD_LL_PrepareReceive
                0x00000000080017d4       0x10 ./Application/User/usbd_conf_f4.o
                0x00000000080017d4                USBD_LL_PrepareReceive
 .text.USBD_AUDIO_DeviceDescriptor
                0x00000000080017e4        0xc ./Application/User/usbd_desc.o
                0x00000000080017e4                USBD_AUDIO_DeviceDescriptor
 .text.USBD_AUDIO_LangIDStrDescriptor
                0x00000000080017f0        0xc ./Application/User/usbd_desc.o
                0x00000000080017f0                USBD_AUDIO_LangIDStrDescriptor
 .text.USBD_AUDIO_ManufacturerStrDescriptor
                0x00000000080017fc       0x1c ./Application/User/usbd_desc.o
                0x00000000080017fc                USBD_AUDIO_ManufacturerStrDescriptor
 .text.USBD_AUDIO_ProductStrDescriptor
                0x0000000008001818       0x28 ./Application/User/usbd_desc.o
                0x0000000008001818                USBD_AUDIO_ProductStrDescriptor
 .text.USBD_AUDIO_SerialStrDescriptor
                0x0000000008001840       0x28 ./Application/User/usbd_desc.o
                0x0000000008001840                USBD_AUDIO_SerialStrDescriptor
 .text.USBD_AUDIO_ConfigStrDescriptor
                0x0000000008001868       0x1c ./Application/User/usbd_desc.o
                0x0000000008001868                USBD_AUDIO_ConfigStrDescriptor
 .text.USBD_AUDIO_InterfaceStrDescriptor
                0x0000000008001884       0x1c ./Application/User/usbd_desc.o
                0x0000000008001884                USBD_AUDIO_InterfaceStrDescriptor
 .text.MX_I2S_IN_ClockConfig
                0x00000000080018a0       0x48 ./Drivers/BSP/X-NUCLEO-CCA02M2/cca02m2_audio.o
                0x00000000080018a0                MX_I2S_IN_ClockConfig
 .text.MX_SPI_Init
                0x00000000080018e8       0xa0 ./Drivers/BSP/X-NUCLEO-CCA02M2/cca02m2_audio.o
                0x00000000080018e8                MX_SPI_Init
 .text.MX_I2S_IN_Init
                0x0000000008001988       0xd0 ./Drivers/BSP/X-NUCLEO-CCA02M2/cca02m2_audio.o
                0x0000000008001988                MX_I2S_IN_Init
 .text.CCA02M2_AUDIO_IN_PDMToPCM_Init
                0x0000000008001a58      0x168 ./Drivers/BSP/X-NUCLEO-CCA02M2/cca02m2_audio.o
                0x0000000008001a58                CCA02M2_AUDIO_IN_PDMToPCM_Init
 .text.CCA02M2_AUDIO_IN_Init
                0x0000000008001bc0      0x42c ./Drivers/BSP/X-NUCLEO-CCA02M2/cca02m2_audio.o
                0x0000000008001bc0                CCA02M2_AUDIO_IN_Init
 .text.CCA02M2_AUDIO_IN_PDMToPCM
                0x0000000008001fec       0xf8 ./Drivers/BSP/X-NUCLEO-CCA02M2/cca02m2_audio.o
                0x0000000008001fec                CCA02M2_AUDIO_IN_PDMToPCM
 .text.CCA02M2_AUDIO_IN_Record
                0x00000000080020e4       0x88 ./Drivers/BSP/X-NUCLEO-CCA02M2/cca02m2_audio.o
                0x00000000080020e4                CCA02M2_AUDIO_IN_Record
 .text.CCA02M2_AUDIO_IN_SetVolume
                0x000000000800216c       0xb4 ./Drivers/BSP/X-NUCLEO-CCA02M2/cca02m2_audio.o
                0x000000000800216c                CCA02M2_AUDIO_IN_SetVolume
 .text.HAL_I2S_RxCpltCallback
                0x0000000008002220      0x1c4 ./Drivers/BSP/X-NUCLEO-CCA02M2/cca02m2_audio.o
                0x0000000008002220                HAL_I2S_RxCpltCallback
 .text.HAL_I2S_RxHalfCpltCallback
                0x00000000080023e4      0x1c0 ./Drivers/BSP/X-NUCLEO-CCA02M2/cca02m2_audio.o
                0x00000000080023e4                HAL_I2S_RxHalfCpltCallback
 .text.SystemInit
                0x00000000080025a4       0x50 ./Drivers/CMSIS/system_stm32f4xx.o
                0x00000000080025a4                SystemInit
 .text.HAL_MspInit
                0x00000000080025f4        0x4 ./Drivers/STM32F4xx_HAL_Driver/stm32f4xx_hal.o
                0x00000000080025f4                HAL_MspInit
 .text.HAL_InitTick
                0x00000000080025f8       0x44 ./Drivers/STM32F4xx_HAL_Driver/stm32f4xx_hal.o
                0x00000000080025f8                HAL_InitTick
 .text.HAL_Init
                0x000000000800263c       0x34 ./Drivers/STM32F4xx_HAL_Driver/stm32f4xx_hal.o
                0x000000000800263c                HAL_Init
 .text.HAL_IncTick
                0x0000000008002670       0x18 ./Drivers/STM32F4xx_HAL_Driver/stm32f4xx_hal.o
                0x0000000008002670                HAL_IncTick
 .text.HAL_GetTick
                0x0000000008002688        0xc ./Drivers/STM32F4xx_HAL_Driver/stm32f4xx_hal.o
                0x0000000008002688                HAL_GetTick
 .text.HAL_Delay
                0x0000000008002694       0x24 ./Drivers/STM32F4xx_HAL_Driver/stm32f4xx_hal.o
                0x0000000008002694                HAL_Delay
 .text.HAL_NVIC_SetPriorityGrouping
                0x00000000080026b8       0x24 ./Drivers/STM32F4xx_HAL_Driver/stm32f4xx_hal_cortex.o
                0x00000000080026b8                HAL_NVIC_SetPriorityGrouping
 .text.HAL_NVIC_SetPriority
                0x00000000080026dc       0x7c ./Drivers/STM32F4xx_HAL_Driver/stm32f4xx_hal_cortex.o
                0x00000000080026dc                HAL_NVIC_SetPriority
 .text.HAL_NVIC_EnableIRQ
                0x0000000008002758       0x1c ./Drivers/STM32F4xx_HAL_Driver/stm32f4xx_hal_cortex.o
                0x0000000008002758                HAL_NVIC_EnableIRQ
 .text.HAL_SYSTICK_Config
                0x0000000008002774       0x34 ./Drivers/STM32F4xx_HAL_Driver/stm32f4xx_hal_cortex.o
                0x0000000008002774                HAL_SYSTICK_Config
 .text.HAL_DMA_Init
                0x00000000080027a8      0x130 ./Drivers/STM32F4xx_HAL_Driver/stm32f4xx_hal_dma.o
                0x00000000080027a8                HAL_DMA_Init
 .text.HAL_DMA_DeInit
                0x00000000080028d8       0x84 ./Drivers/STM32F4xx_HAL_Driver/stm32f4xx_hal_dma.o
                0x00000000080028d8                HAL_DMA_DeInit
 .text.HAL_DMA_Start_IT
                0x000000000800295c       0x80 ./Drivers/STM32F4xx_HAL_Driver/stm32f4xx_hal_dma.o
                0x000000000800295c                HAL_DMA_Start_IT
 .text.HAL_DMA_IRQHandler
                0x00000000080029dc      0x1e0 ./Drivers/STM32F4xx_HAL_Driver/stm32f4xx_hal_dma.o
                0x00000000080029dc                HAL_DMA_IRQHandler
 .text.HAL_GPIO_Init
                0x0000000008002bbc      0x1e4 ./Drivers/STM32F4xx_HAL_Driver/stm32f4xx_hal_gpio.o
                0x0000000008002bbc                HAL_GPIO_Init
 .text.HAL_I2S_MspInit
                0x0000000008002da0        0x4 ./Drivers/STM32F4xx_HAL_Driver/stm32f4xx_hal_i2s.o
                0x0000000008002da0                HAL_I2S_MspInit
 .text.HAL_I2S_Init
                0x0000000008002da4      0x138 ./Drivers/STM32F4xx_HAL_Driver/stm32f4xx_hal_i2s.o
                0x0000000008002da4                HAL_I2S_Init
 .text.HAL_I2S_Receive_DMA
                0x0000000008002edc       0xe8 ./Drivers/STM32F4xx_HAL_Driver/stm32f4xx_hal_i2s.o
                0x0000000008002edc                HAL_I2S_Receive_DMA
 .text.HAL_I2S_TxCpltCallback
                0x0000000008002fc4        0x4 ./Drivers/STM32F4xx_HAL_Driver/stm32f4xx_hal_i2s.o
                0x0000000008002fc4                HAL_I2S_TxCpltCallback
 .text.I2S_DMARxHalfCplt
                0x0000000008002fc8        0xc ./Drivers/STM32F4xx_HAL_Driver/stm32f4xx_hal_i2s.o
 .text.I2S_DMARxCplt
                0x0000000008002fd4       0x24 ./Drivers/STM32F4xx_HAL_Driver/stm32f4xx_hal_i2s.o
 .text.HAL_I2S_ErrorCallback
                0x0000000008002ff8        0x4 ./Drivers/STM32F4xx_HAL_Driver/stm32f4xx_hal_i2s.o
                0x0000000008002ff8                HAL_I2S_ErrorCallback
 .text.I2S_IRQHandler
                0x0000000008002ffc      0x108 ./Drivers/STM32F4xx_HAL_Driver/stm32f4xx_hal_i2s.o
 .text.I2S_DMAError
                0x0000000008003104       0x2c ./Drivers/STM32F4xx_HAL_Driver/stm32f4xx_hal_i2s.o
 .text.HAL_I2SEx_TxRxCpltCallback
                0x0000000008003130        0x4 ./Drivers/STM32F4xx_HAL_Driver/stm32f4xx_hal_i2s_ex.o
                0x0000000008003130                HAL_I2SEx_TxRxCpltCallback
 .text.HAL_I2SEx_FullDuplex_IRQHandler
                0x0000000008003134      0x25c ./Drivers/STM32F4xx_HAL_Driver/stm32f4xx_hal_i2s_ex.o
                0x0000000008003134                HAL_I2SEx_FullDuplex_IRQHandler
 .text.HAL_PCDEx_SetTxFiFo
                0x0000000008003390       0x54 ./Drivers/STM32F4xx_HAL_Driver/stm32f4xx_hal_pcd_ex.o
                0x0000000008003390                HAL_PCDEx_SetTxFiFo
 .text.HAL_PCDEx_SetRxFiFo
                0x00000000080033e4        0x8 ./Drivers/STM32F4xx_HAL_Driver/stm32f4xx_hal_pcd_ex.o
                0x00000000080033e4                HAL_PCDEx_SetRxFiFo
 .text.HAL_PCDEx_LPM_Callback
                0x00000000080033ec        0x4 ./Drivers/STM32F4xx_HAL_Driver/stm32f4xx_hal_pcd_ex.o
                0x00000000080033ec                HAL_PCDEx_LPM_Callback
 .text.HAL_RCC_OscConfig
                0x00000000080033f0      0x3d0 ./Drivers/STM32F4xx_HAL_Driver/stm32f4xx_hal_rcc.o
                0x00000000080033f0                HAL_RCC_OscConfig
 .text.HAL_RCC_GetSysClockFreq
                0x00000000080037c0       0x68 ./Drivers/STM32F4xx_HAL_Driver/stm32f4xx_hal_rcc.o
                0x00000000080037c0                HAL_RCC_GetSysClockFreq
 .text.HAL_RCC_ClockConfig
                0x0000000008003828      0x13c ./Drivers/STM32F4xx_HAL_Driver/stm32f4xx_hal_rcc.o
                0x0000000008003828                HAL_RCC_ClockConfig
 .text.HAL_RCC_GetHCLKFreq
                0x0000000008003964        0xc ./Drivers/STM32F4xx_HAL_Driver/stm32f4xx_hal_rcc.o
                0x0000000008003964                HAL_RCC_GetHCLKFreq
 .text.HAL_RCCEx_PeriphCLKConfig
                0x0000000008003970      0x154 ./Drivers/STM32F4xx_HAL_Driver/stm32f4xx_hal_rcc_ex.o
                0x0000000008003970                HAL_RCCEx_PeriphCLKConfig
 .text.HAL_RCCEx_GetPeriphCLKConfig
                0x0000000008003ac4       0x3c ./Drivers/STM32F4xx_HAL_Driver/stm32f4xx_hal_rcc_ex.o
                0x0000000008003ac4                HAL_RCCEx_GetPeriphCLKConfig
 .text.HAL_RCCEx_GetPeriphCLKFreq
                0x0000000008003b00       0x50 ./Drivers/STM32F4xx_HAL_Driver/stm32f4xx_hal_rcc_ex.o
                0x0000000008003b00                HAL_RCCEx_GetPeriphCLKFreq
 .text.SPI_WaitFlagStateUntilTimeout.constprop.0
                0x0000000008003b50       0xc0 ./Drivers/STM32F4xx_HAL_Driver/stm32f4xx_hal_spi.o
 .text.HAL_SPI_MspInit
                0x0000000008003c10        0x4 ./Drivers/STM32F4xx_HAL_Driver/stm32f4xx_hal_spi.o
                0x0000000008003c10                HAL_SPI_MspInit
 .text.HAL_SPI_Init
                0x0000000008003c14       0xc4 ./Drivers/STM32F4xx_HAL_Driver/stm32f4xx_hal_spi.o
                0x0000000008003c14                HAL_SPI_Init
 .text.HAL_SPI_TransmitReceive_DMA
                0x0000000008003cd8      0x10c ./Drivers/STM32F4xx_HAL_Driver/stm32f4xx_hal_spi.o
                0x0000000008003cd8                HAL_SPI_TransmitReceive_DMA
 .text.HAL_SPI_Receive_DMA
                0x0000000008003de4       0xf0 ./Drivers/STM32F4xx_HAL_Driver/stm32f4xx_hal_spi.o
                0x0000000008003de4                HAL_SPI_Receive_DMA
 .text.HAL_SPI_RxCpltCallback
                0x0000000008003ed4        0x4 ./Drivers/STM32F4xx_HAL_Driver/stm32f4xx_hal_spi.o
                0x0000000008003ed4                HAL_SPI_RxCpltCallback
 .text.HAL_SPI_TxRxCpltCallback
                0x0000000008003ed8        0x4 ./Drivers/STM32F4xx_HAL_Driver/stm32f4xx_hal_spi.o
                0x0000000008003ed8                HAL_SPI_TxRxCpltCallback
 .text.HAL_SPI_RxHalfCpltCallback
                0x0000000008003edc        0x4 ./Drivers/STM32F4xx_HAL_Driver/stm32f4xx_hal_spi.o
                0x0000000008003edc                HAL_SPI_RxHalfCpltCallback
 .text.SPI_DMAHalfReceiveCplt
                0x0000000008003ee0        0xc ./Drivers/STM32F4xx_HAL_Driver/stm32f4xx_hal_spi.o
 .text.HAL_SPI_TxRxHalfCpltCallback
                0x0000000008003eec        0x4 ./Drivers/STM32F4xx_HAL_Driver/stm32f4xx_hal_spi.o
                0x0000000008003eec                HAL_SPI_TxRxHalfCpltCallback
 .text.SPI_DMAHalfTransmitReceiveCplt
                0x0000000008003ef0        0xc ./Drivers/STM32F4xx_HAL_Driver/stm32f4xx_hal_spi.o
 .text.HAL_SPI_ErrorCallback
                0x0000000008003efc        0x4 ./Drivers/STM32F4xx_HAL_Driver/stm32f4xx_hal_spi.o
                0x0000000008003efc                HAL_SPI_ErrorCallback
 .text.SPI_DMAError
                0x0000000008003f00       0x24 ./Drivers/STM32F4xx_HAL_Driver/stm32f4xx_hal_spi.o
 .text.SPI_DMAReceiveCplt
                0x0000000008003f24      0x160 ./Drivers/STM32F4xx_HAL_Driver/stm32f4xx_hal_spi.o
 .text.SPI_DMATransmitReceiveCplt
                0x0000000008004084       0xa8 ./Drivers/STM32F4xx_HAL_Driver/stm32f4xx_hal_spi.o
 .text.HAL_TIM_OC_Start
                0x000000000800412c       0xcc ./Drivers/STM32F4xx_HAL_Driver/stm32f4xx_hal_tim.o
                0x000000000800412c                HAL_TIM_OC_Start
 .text.HAL_TIM_PWM_MspInit
                0x00000000080041f8        0x4 ./Drivers/STM32F4xx_HAL_Driver/stm32f4xx_hal_tim.o
                0x00000000080041f8                HAL_TIM_PWM_MspInit
 .text.HAL_TIM_PWM_Init
                0x00000000080041fc       0xfc ./Drivers/STM32F4xx_HAL_Driver/stm32f4xx_hal_tim.o
                0x00000000080041fc                HAL_TIM_PWM_Init
 .text.HAL_TIM_IC_Start
                0x00000000080042f8       0xe4 ./Drivers/STM32F4xx_HAL_Driver/stm32f4xx_hal_tim.o
                0x00000000080042f8                HAL_TIM_IC_Start
 .text.HAL_TIM_IC_ConfigChannel
                0x00000000080043dc      0x1ac ./Drivers/STM32F4xx_HAL_Driver/stm32f4xx_hal_tim.o
                0x00000000080043dc                HAL_TIM_IC_ConfigChannel
 .text.HAL_TIM_PWM_ConfigChannel
                0x0000000008004588      0x20c ./Drivers/STM32F4xx_HAL_Driver/stm32f4xx_hal_tim.o
                0x0000000008004588                HAL_TIM_PWM_ConfigChannel
 .text.HAL_TIM_SlaveConfigSynchro
                0x0000000008004794      0x118 ./Drivers/STM32F4xx_HAL_Driver/stm32f4xx_hal_tim.o
                0x0000000008004794                HAL_TIM_SlaveConfigSynchro
 .text.USB_CoreInit
                0x00000000080048ac      0x104 ./Drivers/STM32F4xx_HAL_Driver/stm32f4xx_ll_usb.o
                0x00000000080048ac                USB_CoreInit
 .text.USB_SetTurnaroundTime
                0x00000000080049b0       0xf4 ./Drivers/STM32F4xx_HAL_Driver/stm32f4xx_ll_usb.o
                0x00000000080049b0                USB_SetTurnaroundTime
 .text.USB_EnableGlobalInt
                0x0000000008004aa4       0x10 ./Drivers/STM32F4xx_HAL_Driver/stm32f4xx_ll_usb.o
                0x0000000008004aa4                USB_EnableGlobalInt
 .text.USB_DisableGlobalInt
                0x0000000008004ab4       0x10 ./Drivers/STM32F4xx_HAL_Driver/stm32f4xx_ll_usb.o
                0x0000000008004ab4                USB_DisableGlobalInt
 .text.USB_SetCurrentMode
                0x0000000008004ac4       0x70 ./Drivers/STM32F4xx_HAL_Driver/stm32f4xx_ll_usb.o
                0x0000000008004ac4                USB_SetCurrentMode
 .text.USB_DevInit
                0x0000000008004b34      0x234 ./Drivers/STM32F4xx_HAL_Driver/stm32f4xx_ll_usb.o
                0x0000000008004b34                USB_DevInit
 .text.USB_FlushTxFifo
                0x0000000008004d68       0x54 ./Drivers/STM32F4xx_HAL_Driver/stm32f4xx_ll_usb.o
                0x0000000008004d68                USB_FlushTxFifo
 .text.USB_FlushRxFifo
                0x0000000008004dbc       0x50 ./Drivers/STM32F4xx_HAL_Driver/stm32f4xx_ll_usb.o
                0x0000000008004dbc                USB_FlushRxFifo
 .text.USB_GetDevSpeed
                0x0000000008004e0c       0x18 ./Drivers/STM32F4xx_HAL_Driver/stm32f4xx_ll_usb.o
                0x0000000008004e0c                USB_GetDevSpeed
 .text.USB_ActivateEndpoint
                0x0000000008004e24       0x98 ./Drivers/STM32F4xx_HAL_Driver/stm32f4xx_ll_usb.o
                0x0000000008004e24                USB_ActivateEndpoint
 .text.USB_DeactivateEndpoint
                0x0000000008004ebc       0xc4 ./Drivers/STM32F4xx_HAL_Driver/stm32f4xx_ll_usb.o
                0x0000000008004ebc                USB_DeactivateEndpoint
 .text.USB_EPStartXfer
                0x0000000008004f80      0x218 ./Drivers/STM32F4xx_HAL_Driver/stm32f4xx_ll_usb.o
                0x0000000008004f80                USB_EPStartXfer
 .text.USB_EP0StartXfer
                0x0000000008005198      0x158 ./Drivers/STM32F4xx_HAL_Driver/stm32f4xx_ll_usb.o
                0x0000000008005198                USB_EP0StartXfer
 .text.USB_EPStopXfer
                0x00000000080052f0       0x88 ./Drivers/STM32F4xx_HAL_Driver/stm32f4xx_ll_usb.o
                0x00000000080052f0                USB_EPStopXfer
 .text.USB_WritePacket
                0x0000000008005378       0x2c ./Drivers/STM32F4xx_HAL_Driver/stm32f4xx_ll_usb.o
                0x0000000008005378                USB_WritePacket
 .text.USB_ReadPacket
                0x00000000080053a4       0x50 ./Drivers/STM32F4xx_HAL_Driver/stm32f4xx_ll_usb.o
                0x00000000080053a4                USB_ReadPacket
 .text.USB_EPSetStall
                0x00000000080053f4       0x5c ./Drivers/STM32F4xx_HAL_Driver/stm32f4xx_ll_usb.o
                0x00000000080053f4                USB_EPSetStall
 .text.USB_EPClearStall
                0x0000000008005450       0x58 ./Drivers/STM32F4xx_HAL_Driver/stm32f4xx_ll_usb.o
                0x0000000008005450                USB_EPClearStall
 .text.USB_SetDevAddress
                0x00000000080054a8       0x20 ./Drivers/STM32F4xx_HAL_Driver/stm32f4xx_ll_usb.o
                0x00000000080054a8                USB_SetDevAddress
 .text.USB_DevConnect
                0x00000000080054c8       0x20 ./Drivers/STM32F4xx_HAL_Driver/stm32f4xx_ll_usb.o
                0x00000000080054c8                USB_DevConnect
 .text.USB_DevDisconnect
                0x00000000080054e8       0x20 ./Drivers/STM32F4xx_HAL_Driver/stm32f4xx_ll_usb.o
                0x00000000080054e8                USB_DevDisconnect
 .text.USB_ReadInterrupts
                0x0000000008005508        0x8 ./Drivers/STM32F4xx_HAL_Driver/stm32f4xx_ll_usb.o
                0x0000000008005508                USB_ReadInterrupts
 .text.USB_ReadDevAllOutEpInterrupt
                0x0000000008005510       0x10 ./Drivers/STM32F4xx_HAL_Driver/stm32f4xx_ll_usb.o
                0x0000000008005510                USB_ReadDevAllOutEpInterrupt
 .text.USB_ReadDevAllInEpInterrupt
                0x0000000008005520       0x10 ./Drivers/STM32F4xx_HAL_Driver/stm32f4xx_ll_usb.o
                0x0000000008005520                USB_ReadDevAllInEpInterrupt
 .text.USB_ReadDevOutEPInterrupt
                0x0000000008005530       0x14 ./Drivers/STM32F4xx_HAL_Driver/stm32f4xx_ll_usb.o
                0x0000000008005530                USB_ReadDevOutEPInterrupt
 .text.USB_ReadDevInEPInterrupt
                0x0000000008005544       0x20 ./Drivers/STM32F4xx_HAL_Driver/stm32f4xx_ll_usb.o
                0x0000000008005544                USB_ReadDevInEPInterrupt
 .text.USB_GetMode
                0x0000000008005564        0x8 ./Drivers/STM32F4xx_HAL_Driver/stm32f4xx_ll_usb.o
                0x0000000008005564                USB_GetMode
 .text.USB_ActivateSetup
                0x000000000800556c       0x24 ./Drivers/STM32F4xx_HAL_Driver/stm32f4xx_ll_usb.o
                0x000000000800556c                USB_ActivateSetup
 .text.USB_EP0_OutStart
                0x0000000008005590       0x58 ./Drivers/STM32F4xx_HAL_Driver/stm32f4xx_ll_usb.o
                0x0000000008005590                USB_EP0_OutStart
 .text.USBD_AUDIO_GetCfgDesc
                0x00000000080055e8        0xc ./Middlewares/ST/STM32_USB_Device_Library/Class/usbd_audio_in.o
 .text.USBD_AUDIO_EP0_RxReady
                0x00000000080055f4       0x40 ./Middlewares/ST/STM32_USB_Device_Library/Class/usbd_audio_in.o
 .text.USBD_AUDIO_EP0_TxReady
                0x0000000008005634        0x4 ./Middlewares/ST/STM32_USB_Device_Library/Class/usbd_audio_in.o
 .text.USBD_AUDIO_DataOut
                0x0000000008005638        0x4 ./Middlewares/ST/STM32_USB_Device_Library/Class/usbd_audio_in.o
 .text.USBD_AUDIO_GetDeviceQualifierDesc
                0x000000000800563c        0xc ./Middlewares/ST/STM32_USB_Device_Library/Class/usbd_audio_in.o
 .text.USBD_AUDIO_DataIn
                0x0000000008005648       0xe0 ./Middlewares/ST/STM32_USB_Device_Library/Class/usbd_audio_in.o
 .text.USBD_AUDIO_Setup
                0x0000000008005728      0x100 ./Middlewares/ST/STM32_USB_Device_Library/Class/usbd_audio_in.o
 .text.USBD_AUDIO_DeInit
                0x0000000008005828       0x34 ./Middlewares/ST/STM32_USB_Device_Library/Class/usbd_audio_in.o
 .text.USBD_AUDIO_Init
                0x000000000800585c       0x88 ./Middlewares/ST/STM32_USB_Device_Library/Class/usbd_audio_in.o
 .text.USBD_AUDIO_IsoINIncomplete
                0x00000000080058e4        0x4 ./Middlewares/ST/STM32_USB_Device_Library/Class/usbd_audio_in.o
 .text.USBD_AUDIO_SOF
                0x00000000080058e8        0x4 ./Middlewares/ST/STM32_USB_Device_Library/Class/usbd_audio_in.o
 .text.USBD_AUDIO_IsoOutIncomplete
                0x00000000080058ec        0x4 ./Middlewares/ST/STM32_USB_Device_Library/Class/usbd_audio_in.o
 .text.USBD_AUDIO_Data_Transfer
                0x00000000080058f0       0xf8 ./Middlewares/ST/STM32_USB_Device_Library/Class/usbd_audio_in.o
                0x00000000080058f0                USBD_AUDIO_Data_Transfer
 .text.USBD_AUDIO_RegisterInterface
                0x00000000080059e8        0xc ./Middlewares/ST/STM32_USB_Device_Library/Class/usbd_audio_in.o
                0x00000000080059e8                USBD_AUDIO_RegisterInterface
 .text.USBD_AUDIO_Init_Microphone_Descriptor
                0x00000000080059f4      0xac0 ./Middlewares/ST/STM32_USB_Device_Library/Class/usbd_audio_in.o
                0x00000000080059f4                USBD_AUDIO_Init_Microphone_Descriptor
 .text.USBD_Init
                0x00000000080064b4       0x28 ./Middlewares/ST/STM32_USB_Device_Library/Core/usbd_core.o
                0x00000000080064b4                USBD_Init
 .text.USBD_RegisterClass
                0x00000000080064dc       0x38 ./Middlewares/ST/STM32_USB_Device_Library/Core/usbd_core.o
                0x00000000080064dc                USBD_RegisterClass
 .text.USBD_Start
                0x0000000008006514        0x4 ./Middlewares/ST/STM32_USB_Device_Library/Core/usbd_core.o
                0x0000000008006514                USBD_Start
 .text.USBD_SetClassConfig
                0x0000000008006518       0x10 ./Middlewares/ST/STM32_USB_Device_Library/Core/usbd_core.o
                0x0000000008006518                USBD_SetClassConfig
 .text.USBD_ClrClassConfig
                0x0000000008006528       0x14 ./Middlewares/ST/STM32_USB_Device_Library/Core/usbd_core.o
                0x0000000008006528                USBD_ClrClassConfig
 .text.USBD_LL_SetupStage
                0x000000000800653c       0x60 ./Middlewares/ST/STM32_USB_Device_Library/Core/usbd_core.o
                0x000000000800653c                USBD_LL_SetupStage
 .text.USBD_LL_DataOutStage
                0x000000000800659c       0x74 ./Middlewares/ST/STM32_USB_Device_Library/Core/usbd_core.o
                0x000000000800659c                USBD_LL_DataOutStage
 .text.USBD_LL_DataInStage
                0x0000000008006610       0xb4 ./Middlewares/ST/STM32_USB_Device_Library/Core/usbd_core.o
                0x0000000008006610                USBD_LL_DataInStage
 .text.USBD_LL_Reset
                0x00000000080066c4       0x5c ./Middlewares/ST/STM32_USB_Device_Library/Core/usbd_core.o
                0x00000000080066c4                USBD_LL_Reset
 .text.USBD_LL_SetSpeed
                0x0000000008006720        0x8 ./Middlewares/ST/STM32_USB_Device_Library/Core/usbd_core.o
                0x0000000008006720                USBD_LL_SetSpeed
 .text.USBD_LL_Suspend
                0x0000000008006728       0x18 ./Middlewares/ST/STM32_USB_Device_Library/Core/usbd_core.o
                0x0000000008006728                USBD_LL_Suspend
 .text.USBD_LL_Resume
                0x0000000008006740       0x18 ./Middlewares/ST/STM32_USB_Device_Library/Core/usbd_core.o
                0x0000000008006740                USBD_LL_Resume
 .text.USBD_LL_SOF
                0x0000000008006758       0x20 ./Middlewares/ST/STM32_USB_Device_Library/Core/usbd_core.o
                0x0000000008006758                USBD_LL_SOF
 .text.USBD_LL_IsoINIncomplete
                0x0000000008006778       0x2c ./Middlewares/ST/STM32_USB_Device_Library/Core/usbd_core.o
                0x0000000008006778                USBD_LL_IsoINIncomplete
 .text.USBD_LL_IsoOUTIncomplete
                0x00000000080067a4       0x2c ./Middlewares/ST/STM32_USB_Device_Library/Core/usbd_core.o
                0x00000000080067a4                USBD_LL_IsoOUTIncomplete
 .text.USBD_LL_DevConnected
                0x00000000080067d0        0x4 ./Middlewares/ST/STM32_USB_Device_Library/Core/usbd_core.o
                0x00000000080067d0                USBD_LL_DevConnected
 .text.USBD_LL_DevDisconnected
                0x00000000080067d4       0x24 ./Middlewares/ST/STM32_USB_Device_Library/Core/usbd_core.o
                0x00000000080067d4                USBD_LL_DevDisconnected
 .text.USBD_CoreFindIF
                0x00000000080067f8        0x4 ./Middlewares/ST/STM32_USB_Device_Library/Core/usbd_core.o
                0x00000000080067f8                USBD_CoreFindIF
 .text.USBD_CoreFindEP
                0x00000000080067fc        0x4 ./Middlewares/ST/STM32_USB_Device_Library/Core/usbd_core.o
                0x00000000080067fc                USBD_CoreFindEP
 .text.USBD_StdDevReq
                0x0000000008006800      0x374 ./Middlewares/ST/STM32_USB_Device_Library/Core/usbd_ctlreq.o
                0x0000000008006800                USBD_StdDevReq
 .text.USBD_StdItfReq
                0x0000000008006b74       0x74 ./Middlewares/ST/STM32_USB_Device_Library/Core/usbd_ctlreq.o
                0x0000000008006b74                USBD_StdItfReq
 .text.USBD_StdEPReq
                0x0000000008006be8      0x158 ./Middlewares/ST/STM32_USB_Device_Library/Core/usbd_ctlreq.o
                0x0000000008006be8                USBD_StdEPReq
 .text.USBD_ParseSetupRequest
                0x0000000008006d40       0x18 ./Middlewares/ST/STM32_USB_Device_Library/Core/usbd_ctlreq.o
                0x0000000008006d40                USBD_ParseSetupRequest
 .text.USBD_CtlError
                0x0000000008006d58       0x18 ./Middlewares/ST/STM32_USB_Device_Library/Core/usbd_ctlreq.o
                0x0000000008006d58                USBD_CtlError
 .text.USBD_GetString
                0x0000000008006d70       0x54 ./Middlewares/ST/STM32_USB_Device_Library/Core/usbd_ctlreq.o
                0x0000000008006d70                USBD_GetString
 .text.USBD_CtlSendData
                0x0000000008006dc4       0x1c ./Middlewares/ST/STM32_USB_Device_Library/Core/usbd_ioreq.o
                0x0000000008006dc4                USBD_CtlSendData
 .text.USBD_CtlContinueSendData
                0x0000000008006de0       0x10 ./Middlewares/ST/STM32_USB_Device_Library/Core/usbd_ioreq.o
                0x0000000008006de0                USBD_CtlContinueSendData
 .text.USBD_CtlPrepareRx
                0x0000000008006df0       0x1c ./Middlewares/ST/STM32_USB_Device_Library/Core/usbd_ioreq.o
                0x0000000008006df0                USBD_CtlPrepareRx
 .text.USBD_CtlContinueRx
                0x0000000008006e0c       0x10 ./Middlewares/ST/STM32_USB_Device_Library/Core/usbd_ioreq.o
                0x0000000008006e0c                USBD_CtlContinueRx
 .text.USBD_CtlSendStatus
                0x0000000008006e1c       0x18 ./Middlewares/ST/STM32_USB_Device_Library/Core/usbd_ioreq.o
                0x0000000008006e1c                USBD_CtlSendStatus
 .text.USBD_CtlReceiveStatus
                0x0000000008006e34       0x18 ./Middlewares/ST/STM32_USB_Device_Library/Core/usbd_ioreq.o
                0x0000000008006e34                USBD_CtlReceiveStatus
 .text.D16_GENERIC
                0x0000000008006e4c      0x120 ../../../../../../../../Middlewares/ST/STM32_Audio/Addons/PDM/Lib/libPDMFilter_CM4_GCC_wc32_softfp.a(pdm_filter.o)
 .text.D24_GENERIC
                0x0000000008006f6c      0x190 ../../../../../../../../Middlewares/ST/STM32_Audio/Addons/PDM/Lib/libPDMFilter_CM4_GCC_wc32_softfp.a(pdm_filter.o)
 .text.D32_GENERIC
                0x00000000080070fc      0x198 ../../../../../../../../Middlewares/ST/STM32_Audio/Addons/PDM/Lib/libPDMFilter_CM4_GCC_wc32_softfp.a(pdm_filter.o)
 .text.D48_GENERIC
                0x0000000008007294      0x1ec ../../../../../../../../Middlewares/ST/STM32_Audio/Addons/PDM/Lib/libPDMFilter_CM4_GCC_wc32_softfp.a(pdm_filter.o)
 .text.D64_GENERIC
                0x0000000008007480      0x220 ../../../../../../../../Middlewares/ST/STM32_Audio/Addons/PDM/Lib/libPDMFilter_CM4_GCC_wc32_softfp.a(pdm_filter.o)
 .text.D80_GENERIC
                0x00000000080076a0      0x2a0 ../../../../../../../../Middlewares/ST/STM32_Audio/Addons/PDM/Lib/libPDMFilter_CM4_GCC_wc32_softfp.a(pdm_filter.o)
 .text.D128_GENERIC
                0x0000000008007940      0x3f0 ../../../../../../../../Middlewares/ST/STM32_Audio/Addons/PDM/Lib/libPDMFilter_CM4_GCC_wc32_softfp.a(pdm_filter.o)
 .text.D16_1CH_HTONS_VOL_HP
                0x0000000008007d30       0xe4 ../../../../../../../../Middlewares/ST/STM32_Audio/Addons/PDM/Lib/libPDMFilter_CM4_GCC_wc32_softfp.a(pdm_filter.o)
 .text.D24_1CH_HTONS_VOL_HP
                0x0000000008007e14      0x138 ../../../../../../../../Middlewares/ST/STM32_Audio/Addons/PDM/Lib/libPDMFilter_CM4_GCC_wc32_softfp.a(pdm_filter.o)
 .text.D32_1CH_HTONS_VOL_HP
                0x0000000008007f4c      0x144 ../../../../../../../../Middlewares/ST/STM32_Audio/Addons/PDM/Lib/libPDMFilter_CM4_GCC_wc32_softfp.a(pdm_filter.o)
 .text.D48_1CH_HTONS_VOL_HP
                0x0000000008008090      0x16c ../../../../../../../../Middlewares/ST/STM32_Audio/Addons/PDM/Lib/libPDMFilter_CM4_GCC_wc32_softfp.a(pdm_filter.o)
 .text.D64_1CH_HTONS_VOL_HP
                0x00000000080081fc      0x1b8 ../../../../../../../../Middlewares/ST/STM32_Audio/Addons/PDM/Lib/libPDMFilter_CM4_GCC_wc32_softfp.a(pdm_filter.o)
 .text.D80_1CH_HTONS_VOL_HP
                0x00000000080083b4      0x214 ../../../../../../../../Middlewares/ST/STM32_Audio/Addons/PDM/Lib/libPDMFilter_CM4_GCC_wc32_softfp.a(pdm_filter.o)
 .text.D128_1CH_HTONS_VOL_HP
                0x00000000080085c8      0x324 ../../../../../../../../Middlewares/ST/STM32_Audio/Addons/PDM/Lib/libPDMFilter_CM4_GCC_wc32_softfp.a(pdm_filter.o)
 .text.PDM_Filter_Init
                0x00000000080088ec      0x168 ../../../../../../../../Middlewares/ST/STM32_Audio/Addons/PDM/Lib/libPDMFilter_CM4_GCC_wc32_softfp.a(pdm_filter.o)
                0x00000000080088ec                PDM_Filter_Init
 .text.PDM_Filter_setConfig
                0x0000000008008a54      0x1f8 ../../../../../../../../Middlewares/ST/STM32_Audio/Addons/PDM/Lib/libPDMFilter_CM4_GCC_wc32_softfp.a(pdm_filter.o)
                0x0000000008008a54                PDM_Filter_setConfig
 .text.PDM_Filter
                0x0000000008008c4c       0x1c ../../../../../../../../Middlewares/ST/STM32_Audio/Addons/PDM/Lib/libPDMFilter_CM4_GCC_wc32_softfp.a(pdm_filter.o)
                0x0000000008008c4c                PDM_Filter
 .text.arm_fir_decimate_q15
                0x0000000008008c68      0x2d8 ../../../../../../../../Drivers/CMSIS/DSP/Lib/GCC/libarm_cortexM4l_math.a(arm_fir_decimate_q15.o)
                0x0000000008008c68                arm_fir_decimate_q15
 .text.arm_fir_decimate_init_q15
                0x0000000008008f40       0x38 ../../../../../../../../Drivers/CMSIS/DSP/Lib/GCC/libarm_cortexM4l_math.a(arm_fir_decimate_init_q15.o)
                0x0000000008008f40                arm_fir_decimate_init_q15
 .text.__errno  0x0000000008008f78        0xc /opt/st/stm32cubeide_1.10.1/plugins/com.st.stm32cube.ide.mcu.externaltools.gnu-tools-for-stm32.10.3-2021.10.linux64_1.0.0.202111181127/tools/bin/../lib/gcc/arm-none-eabi/10.3.1/../../../../arm-none-eabi/lib/thumb/v7e-m+fp/softfp/libc_nano.a(lib_a-errno.o)
                0x0000000008008f78                __errno
 .text.__libc_init_array
                0x0000000008008f84       0x48 /opt/st/stm32cubeide_1.10.1/plugins/com.st.stm32cube.ide.mcu.externaltools.gnu-tools-for-stm32.10.3-2021.10.linux64_1.0.0.202111181127/tools/bin/../lib/gcc/arm-none-eabi/10.3.1/../../../../arm-none-eabi/lib/thumb/v7e-m+fp/softfp/libc_nano.a(lib_a-init.o)
                0x0000000008008f84                __libc_init_array
 .text.malloc   0x0000000008008fcc       0x10 /opt/st/stm32cubeide_1.10.1/plugins/com.st.stm32cube.ide.mcu.externaltools.gnu-tools-for-stm32.10.3-2021.10.linux64_1.0.0.202111181127/tools/bin/../lib/gcc/arm-none-eabi/10.3.1/../../../../arm-none-eabi/lib/thumb/v7e-m+fp/softfp/libc_nano.a(lib_a-malloc.o)
                0x0000000008008fcc                malloc
 .text.free     0x0000000008008fdc       0x10 /opt/st/stm32cubeide_1.10.1/plugins/com.st.stm32cube.ide.mcu.externaltools.gnu-tools-for-stm32.10.3-2021.10.linux64_1.0.0.202111181127/tools/bin/../lib/gcc/arm-none-eabi/10.3.1/../../../../arm-none-eabi/lib/thumb/v7e-m+fp/softfp/libc_nano.a(lib_a-malloc.o)
                0x0000000008008fdc                free
 .text.memcpy   0x0000000008008fec       0x1c /opt/st/stm32cubeide_1.10.1/plugins/com.st.stm32cube.ide.mcu.externaltools.gnu-tools-for-stm32.10.3-2021.10.linux64_1.0.0.202111181127/tools/bin/../lib/gcc/arm-none-eabi/10.3.1/../../../../arm-none-eabi/lib/thumb/v7e-m+fp/softfp/libc_nano.a(lib_a-memcpy-stub.o)
                0x0000000008008fec                memcpy
 .text.memset   0x0000000008009008       0x10 /opt/st/stm32cubeide_1.10.1/plugins/com.st.stm32cube.ide.mcu.externaltools.gnu-tools-for-stm32.10.3-2021.10.linux64_1.0.0.202111181127/tools/bin/../lib/gcc/arm-none-eabi/10.3.1/../../../../arm-none-eabi/lib/thumb/v7e-m+fp/softfp/libc_nano.a(lib_a-memset.o)
                0x0000000008009008                memset
 .text._free_r  0x0000000008009018       0x98 /opt/st/stm32cubeide_1.10.1/plugins/com.st.stm32cube.ide.mcu.externaltools.gnu-tools-for-stm32.10.3-2021.10.linux64_1.0.0.202111181127/tools/bin/../lib/gcc/arm-none-eabi/10.3.1/../../../../arm-none-eabi/lib/thumb/v7e-m+fp/softfp/libc_nano.a(lib_a-nano-freer.o)
                0x0000000008009018                _free_r
 .text.sbrk_aligned
                0x00000000080090b0       0x40 /opt/st/stm32cubeide_1.10.1/plugins/com.st.stm32cube.ide.mcu.externaltools.gnu-tools-for-stm32.10.3-2021.10.linux64_1.0.0.202111181127/tools/bin/../lib/gcc/arm-none-eabi/10.3.1/../../../../arm-none-eabi/lib/thumb/v7e-m+fp/softfp/libc_nano.a(lib_a-nano-mallocr.o)
 .text._malloc_r
                0x00000000080090f0       0xe8 /opt/st/stm32cubeide_1.10.1/plugins/com.st.stm32cube.ide.mcu.externaltools.gnu-tools-for-stm32.10.3-2021.10.linux64_1.0.0.202111181127/tools/bin/../lib/gcc/arm-none-eabi/10.3.1/../../../../arm-none-eabi/lib/thumb/v7e-m+fp/softfp/libc_nano.a(lib_a-nano-mallocr.o)
                0x00000000080090f0                _malloc_r
 .text._sbrk_r  0x00000000080091d8       0x20 /opt/st/stm32cubeide_1.10.1/plugins/com.st.stm32cube.ide.mcu.externaltools.gnu-tools-for-stm32.10.3-2021.10.linux64_1.0.0.202111181127/tools/bin/../lib/gcc/arm-none-eabi/10.3.1/../../../../arm-none-eabi/lib/thumb/v7e-m+fp/softfp/libc_nano.a(lib_a-sbrkr.o)
                0x00000000080091d8                _sbrk_r
 .text.__malloc_lock
                0x00000000080091f8        0xc /opt/st/stm32cubeide_1.10.1/plugins/com.st.stm32cube.ide.mcu.externaltools.gnu-tools-for-stm32.10.3-2021.10.linux64_1.0.0.202111181127/tools/bin/../lib/gcc/arm-none-eabi/10.3.1/../../../../arm-none-eabi/lib/thumb/v7e-m+fp/softfp/libc_nano.a(lib_a-mlock.o)
                0x00000000080091f8                __malloc_lock
 .text.__malloc_unlock
                0x0000000008009204        0xc /opt/st/stm32cubeide_1.10.1/plugins/com.st.stm32cube.ide.mcu.externaltools.gnu-tools-for-stm32.10.3-2021.10.linux64_1.0.0.202111181127/tools/bin/../lib/gcc/arm-none-eabi/10.3.1/../../../../arm-none-eabi/lib/thumb/v7e-m+fp/softfp/libc_nano.a(lib_a-mlock.o)
                0x0000000008009204                __malloc_unlock
 .text.__retarget_lock_acquire_recursive
                0x0000000008009210        0x2 /opt/st/stm32cubeide_1.10.1/plugins/com.st.stm32cube.ide.mcu.externaltools.gnu-tools-for-stm32.10.3-2021.10.linux64_1.0.0.202111181127/tools/bin/../lib/gcc/arm-none-eabi/10.3.1/../../../../arm-none-eabi/lib/thumb/v7e-m+fp/softfp/libc_nano.a(lib_a-lock.o)
                0x0000000008009210                __retarget_lock_acquire_recursive
 .text.__retarget_lock_release_recursive
                0x0000000008009212        0x2 /opt/st/stm32cubeide_1.10.1/plugins/com.st.stm32cube.ide.mcu.externaltools.gnu-tools-for-stm32.10.3-2021.10.linux64_1.0.0.202111181127/tools/bin/../lib/gcc/arm-none-eabi/10.3.1/../../../../arm-none-eabi/lib/thumb/v7e-m+fp/softfp/libc_nano.a(lib_a-lock.o)
                0x0000000008009212                __retarget_lock_release_recursive
 .text.roundf   0x0000000008009214       0x4c /opt/st/stm32cubeide_1.10.1/plugins/com.st.stm32cube.ide.mcu.externaltools.gnu-tools-for-stm32.10.3-2021.10.linux64_1.0.0.202111181127/tools/bin/../lib/gcc/arm-none-eabi/10.3.1/../../../../arm-none-eabi/lib/thumb/v7e-m+fp/softfp/libm.a(lib_a-sf_round.o)
                0x0000000008009214                roundf
 .text.powf     0x0000000008009260       0xac /opt/st/stm32cubeide_1.10.1/plugins/com.st.stm32cube.ide.mcu.externaltools.gnu-tools-for-stm32.10.3-2021.10.linux64_1.0.0.202111181127/tools/bin/../lib/gcc/arm-none-eabi/10.3.1/../../../../arm-none-eabi/lib/thumb/v7e-m+fp/softfp/libm.a(lib_a-wf_pow.o)
                0x0000000008009260                powf
 .text.__ieee754_powf
                0x000000000800930c      0x5a8 /opt/st/stm32cubeide_1.10.1/plugins/com.st.stm32cube.ide.mcu.externaltools.gnu-tools-for-stm32.10.3-2021.10.linux64_1.0.0.202111181127/tools/bin/../lib/gcc/arm-none-eabi/10.3.1/../../../../arm-none-eabi/lib/thumb/v7e-m+fp/softfp/libm.a(lib_a-ef_pow.o)
                0x000000000800930c                __ieee754_powf
 .text.__ieee754_sqrtf
                0x00000000080098b4        0xe /opt/st/stm32cubeide_1.10.1/plugins/com.st.stm32cube.ide.mcu.externaltools.gnu-tools-for-stm32.10.3-2021.10.linux64_1.0.0.202111181127/tools/bin/../lib/gcc/arm-none-eabi/10.3.1/../../../../arm-none-eabi/lib/thumb/v7e-m+fp/softfp/libm.a(lib_a-ef_sqrt.o)
                0x00000000080098b4                __ieee754_sqrtf
 .text.with_errnof
                0x00000000080098c2       0x16 /opt/st/stm32cubeide_1.10.1/plugins/com.st.stm32cube.ide.mcu.externaltools.gnu-tools-for-stm32.10.3-2021.10.linux64_1.0.0.202111181127/tools/bin/../lib/gcc/arm-none-eabi/10.3.1/../../../../arm-none-eabi/lib/thumb/v7e-m+fp/softfp/libm.a(lib_a-math_errf.o)
 .text.xflowf   0x00000000080098d8       0x16 /opt/st/stm32cubeide_1.10.1/plugins/com.st.stm32cube.ide.mcu.externaltools.gnu-tools-for-stm32.10.3-2021.10.linux64_1.0.0.202111181127/tools/bin/../lib/gcc/arm-none-eabi/10.3.1/../../../../arm-none-eabi/lib/thumb/v7e-m+fp/softfp/libm.a(lib_a-math_errf.o)
 *fill*         0x00000000080098ee        0x2 
 .text.__math_uflowf
                0x00000000080098f0       0x14 /opt/st/stm32cubeide_1.10.1/plugins/com.st.stm32cube.ide.mcu.externaltools.gnu-tools-for-stm32.10.3-2021.10.linux64_1.0.0.202111181127/tools/bin/../lib/gcc/arm-none-eabi/10.3.1/../../../../arm-none-eabi/lib/thumb/v7e-m+fp/softfp/libm.a(lib_a-math_errf.o)
                0x00000000080098f0                __math_uflowf
 .text.__math_oflowf
                0x0000000008009904       0x14 /opt/st/stm32cubeide_1.10.1/plugins/com.st.stm32cube.ide.mcu.externaltools.gnu-tools-for-stm32.10.3-2021.10.linux64_1.0.0.202111181127/tools/bin/../lib/gcc/arm-none-eabi/10.3.1/../../../../arm-none-eabi/lib/thumb/v7e-m+fp/softfp/libm.a(lib_a-math_errf.o)
                0x0000000008009904                __math_oflowf
 .text.fabsf    0x0000000008009918        0x6 /opt/st/stm32cubeide_1.10.1/plugins/com.st.stm32cube.ide.mcu.externaltools.gnu-tools-for-stm32.10.3-2021.10.linux64_1.0.0.202111181127/tools/bin/../lib/gcc/arm-none-eabi/10.3.1/../../../../arm-none-eabi/lib/thumb/v7e-m+fp/softfp/libm.a(lib_a-sf_fabs.o)
                0x0000000008009918                fabsf
 .text.finitef  0x000000000800991e       0x10 /opt/st/stm32cubeide_1.10.1/plugins/com.st.stm32cube.ide.mcu.externaltools.gnu-tools-for-stm32.10.3-2021.10.linux64_1.0.0.202111181127/tools/bin/../lib/gcc/arm-none-eabi/10.3.1/../../../../arm-none-eabi/lib/thumb/v7e-m+fp/softfp/libm.a(lib_a-sf_finite.o)
                0x000000000800991e                finitef
 *fill*         0x000000000800992e        0x2 
 .text.scalbnf  0x0000000008009930       0xec /opt/st/stm32cubeide_1.10.1/plugins/com.st.stm32cube.ide.mcu.externaltools.gnu-tools-for-stm32.10.3-2021.10.linux64_1.0.0.202111181127/tools/bin/../lib/gcc/arm-none-eabi/10.3.1/../../../../arm-none-eabi/lib/thumb/v7e-m+fp/softfp/libm.a(lib_a-sf_scalbn.o)
                0x0000000008009930                scalbnf
 *(.glue_7)
 .glue_7        0x0000000008009a1c        0x0 linker stubs
 *(.glue_7t)
 .glue_7t       0x0000000008009a1c        0x0 linker stubs
 *(.eh_frame)
 .eh_frame      0x0000000008009a1c        0x0 /opt/st/stm32cubeide_1.10.1/plugins/com.st.stm32cube.ide.mcu.externaltools.gnu-tools-for-stm32.10.3-2021.10.linux64_1.0.0.202111181127/tools/bin/../lib/gcc/arm-none-eabi/10.3.1/thumb/v7e-m+fp/softfp/crtbegin.o
 *(.init)
 .init          0x0000000008009a1c        0x4 /opt/st/stm32cubeide_1.10.1/plugins/com.st.stm32cube.ide.mcu.externaltools.gnu-tools-for-stm32.10.3-2021.10.linux64_1.0.0.202111181127/tools/bin/../lib/gcc/arm-none-eabi/10.3.1/thumb/v7e-m+fp/softfp/crti.o
                0x0000000008009a1c                _init
 .init          0x0000000008009a20        0x8 /opt/st/stm32cubeide_1.10.1/plugins/com.st.stm32cube.ide.mcu.externaltools.gnu-tools-for-stm32.10.3-2021.10.linux64_1.0.0.202111181127/tools/bin/../lib/gcc/arm-none-eabi/10.3.1/thumb/v7e-m+fp/softfp/crtn.o
 *(.fini)
 .fini          0x0000000008009a28        0x4 /opt/st/stm32cubeide_1.10.1/plugins/com.st.stm32cube.ide.mcu.externaltools.gnu-tools-for-stm32.10.3-2021.10.linux64_1.0.0.202111181127/tools/bin/../lib/gcc/arm-none-eabi/10.3.1/thumb/v7e-m+fp/softfp/crti.o
                0x0000000008009a28                _fini
 .fini          0x0000000008009a2c        0x8 /opt/st/stm32cubeide_1.10.1/plugins/com.st.stm32cube.ide.mcu.externaltools.gnu-tools-for-stm32.10.3-2021.10.linux64_1.0.0.202111181127/tools/bin/../lib/gcc/arm-none-eabi/10.3.1/thumb/v7e-m+fp/softfp/crtn.o
                0x0000000008009a34                . = ALIGN (0x4)
                0x0000000008009a34                _etext = .

.vfp11_veneer   0x0000000008009a34        0x0
 .vfp11_veneer  0x0000000008009a34        0x0 linker stubs

.v4_bx          0x0000000008009a34        0x0
 .v4_bx         0x0000000008009a34        0x0 linker stubs

.iplt           0x0000000008009a34        0x0
 .iplt          0x0000000008009a34        0x0 /opt/st/stm32cubeide_1.10.1/plugins/com.st.stm32cube.ide.mcu.externaltools.gnu-tools-for-stm32.10.3-2021.10.linux64_1.0.0.202111181127/tools/bin/../lib/gcc/arm-none-eabi/10.3.1/thumb/v7e-m+fp/softfp/crtbegin.o

.rodata         0x0000000008009a34      0x314
                0x0000000008009a34                . = ALIGN (0x4)
 *(.rodata)
 .rodata        0x0000000008009a34       0x82 ./Application/User/usbd_audio_if.o
                0x0000000008009a34                vol_table
 *fill*         0x0000000008009ab6        0x2 
 .rodata        0x0000000008009ab8      0x184 ./Drivers/BSP/X-NUCLEO-CCA02M2/cca02m2_audio.o
 .rodata        0x0000000008009c3c       0x18 ./Drivers/CMSIS/system_stm32f4xx.o
                0x0000000008009c3c                AHBPrescTable
                0x0000000008009c4c                APBPrescTable
 .rodata        0x0000000008009c54        0x8 ./Drivers/STM32F4xx_HAL_Driver/stm32f4xx_hal_dma.o
 .rodata        0x0000000008009c5c       0x38 ../../../../../../../../Middlewares/ST/STM32_Audio/Addons/PDM/Lib/libPDMFilter_CM4_GCC_wc32_softfp.a(pdm_filter.o)
 *(.rodata*)
 .rodata.str1.4
                0x0000000008009c94       0x9c ./Application/User/usbd_desc.o
 .rodata.bp     0x0000000008009d30        0x8 /opt/st/stm32cubeide_1.10.1/plugins/com.st.stm32cube.ide.mcu.externaltools.gnu-tools-for-stm32.10.3-2021.10.linux64_1.0.0.202111181127/tools/bin/../lib/gcc/arm-none-eabi/10.3.1/../../../../arm-none-eabi/lib/thumb/v7e-m+fp/softfp/libm.a(lib_a-ef_pow.o)
 .rodata.dp_h   0x0000000008009d38        0x8 /opt/st/stm32cubeide_1.10.1/plugins/com.st.stm32cube.ide.mcu.externaltools.gnu-tools-for-stm32.10.3-2021.10.linux64_1.0.0.202111181127/tools/bin/../lib/gcc/arm-none-eabi/10.3.1/../../../../arm-none-eabi/lib/thumb/v7e-m+fp/softfp/libm.a(lib_a-ef_pow.o)
 .rodata.dp_l   0x0000000008009d40        0x8 /opt/st/stm32cubeide_1.10.1/plugins/com.st.stm32cube.ide.mcu.externaltools.gnu-tools-for-stm32.10.3-2021.10.linux64_1.0.0.202111181127/tools/bin/../lib/gcc/arm-none-eabi/10.3.1/../../../../arm-none-eabi/lib/thumb/v7e-m+fp/softfp/libm.a(lib_a-ef_pow.o)
                0x0000000008009d48                . = ALIGN (0x4)

.ARM.extab
 *(.ARM.extab* .gnu.linkonce.armextab.*)

.ARM            0x0000000008009d48        0x8
                0x0000000008009d48                __exidx_start = .
 *(.ARM.exidx*)
 .ARM.exidx     0x0000000008009d48        0x8 /opt/st/stm32cubeide_1.10.1/plugins/com.st.stm32cube.ide.mcu.externaltools.gnu-tools-for-stm32.10.3-2021.10.linux64_1.0.0.202111181127/tools/bin/../lib/gcc/arm-none-eabi/10.3.1/thumb/v7e-m+fp/softfp/libgcc.a(_udivmoddi4.o)
                0x0000000008009d50                __exidx_end = .

.rel.dyn        0x0000000008009d50        0x0
 .rel.iplt      0x0000000008009d50        0x0 /opt/st/stm32cubeide_1.10.1/plugins/com.st.stm32cube.ide.mcu.externaltools.gnu-tools-for-stm32.10.3-2021.10.linux64_1.0.0.202111181127/tools/bin/../lib/gcc/arm-none-eabi/10.3.1/thumb/v7e-m+fp/softfp/crtbegin.o

.preinit_array  0x0000000008009d50        0x0
                0x0000000008009d50                PROVIDE (__preinit_array_start = .)
 *(.preinit_array*)
                0x0000000008009d50                PROVIDE (__preinit_array_end = .)

.init_array     0x0000000008009d50        0x4
                0x0000000008009d50                PROVIDE (__init_array_start = .)
 *(SORT_BY_NAME(.init_array.*))
 *(.init_array*)
 .init_array    0x0000000008009d50        0x4 /opt/st/stm32cubeide_1.10.1/plugins/com.st.stm32cube.ide.mcu.externaltools.gnu-tools-for-stm32.10.3-2021.10.linux64_1.0.0.202111181127/tools/bin/../lib/gcc/arm-none-eabi/10.3.1/thumb/v7e-m+fp/softfp/crtbegin.o
                0x0000000008009d54                PROVIDE (__init_array_end = .)

.fini_array     0x0000000008009d54        0x4
                [!provide]                        PROVIDE (__fini_array_start = .)
 *(SORT_BY_NAME(.fini_array.*))
 *(.fini_array*)
 .fini_array    0x0000000008009d54        0x4 /opt/st/stm32cubeide_1.10.1/plugins/com.st.stm32cube.ide.mcu.externaltools.gnu-tools-for-stm32.10.3-2021.10.linux64_1.0.0.202111181127/tools/bin/../lib/gcc/arm-none-eabi/10.3.1/thumb/v7e-m+fp/softfp/crtbegin.o
                [!provide]                        PROVIDE (__fini_array_end = .)
                0x0000000008009d58                _sidata = LOADADDR (.data)

.data           0x0000000020000000      0x52c load address 0x0000000008009d58
                0x0000000020000000                . = ALIGN (0x4)
                0x0000000020000000                _sdata = .
 *(.data)
 .data          0x0000000020000000       0x24 ./Application/User/usbd_audio_if.o
                0x0000000020000000                USBD_AUDIO_fops
 .data          0x0000000020000024       0x34 ./Application/User/usbd_desc.o
                0x0000000020000024                hUSBDDeviceDesc
                0x0000000020000038                USBD_LangIDDesc
                0x000000002000003c                AUDIO_Desc
 .data          0x0000000020000058       0x20 ./Drivers/BSP/X-NUCLEO-CCA02M2/cca02m2_audio.o
 .data          0x0000000020000078        0x4 ./Drivers/CMSIS/system_stm32f4xx.o
                0x0000000020000078                SystemCoreClock
 .data          0x000000002000007c        0x8 ./Drivers/STM32F4xx_HAL_Driver/stm32f4xx_hal.o
                0x000000002000007c                uwTickFreq
                0x0000000020000080                uwTickPrio
 .data          0x0000000020000084       0x44 ./Middlewares/ST/STM32_USB_Device_Library/Class/usbd_audio_in.o
                0x0000000020000090                USBD_AUDIO
 .data          0x00000000200000c8      0x400 ../../../../../../../../Middlewares/ST/STM32_Audio/Addons/PDM/Lib/libPDMFilter_CM4_GCC_wc32_softfp.a(pdm_filter.o)
 *(.data*)
 .data._impure_ptr
                0x00000000200004c8        0x4 /opt/st/stm32cubeide_1.10.1/plugins/com.st.stm32cube.ide.mcu.externaltools.gnu-tools-for-stm32.10.3-2021.10.linux64_1.0.0.202111181127/tools/bin/../lib/gcc/arm-none-eabi/10.3.1/../../../../arm-none-eabi/lib/thumb/v7e-m+fp/softfp/libc_nano.a(lib_a-impure.o)
                0x00000000200004c8                _impure_ptr
 .data.impure_data
                0x00000000200004cc       0x60 /opt/st/stm32cubeide_1.10.1/plugins/com.st.stm32cube.ide.mcu.externaltools.gnu-tools-for-stm32.10.3-2021.10.linux64_1.0.0.202111181127/tools/bin/../lib/gcc/arm-none-eabi/10.3.1/../../../../arm-none-eabi/lib/thumb/v7e-m+fp/softfp/libc_nano.a(lib_a-impure.o)
                0x000000002000052c                . = ALIGN (0x4)
                0x000000002000052c                _edata = .

.igot.plt       0x000000002000052c        0x0 load address 0x000000000800a284
 .igot.plt      0x000000002000052c        0x0 /opt/st/stm32cubeide_1.10.1/plugins/com.st.stm32cube.ide.mcu.externaltools.gnu-tools-for-stm32.10.3-2021.10.linux64_1.0.0.202111181127/tools/bin/../lib/gcc/arm-none-eabi/10.3.1/thumb/v7e-m+fp/softfp/crtbegin.o
                0x000000002000052c                . = ALIGN (0x4)

.bss            0x0000000020000530     0x23c0 load address 0x000000000800a284
                0x0000000020000530                _sbss = .
                0x0000000020000530                __bss_start__ = _sbss
 *(.bss)
 .bss           0x0000000020000530       0x1c /opt/st/stm32cubeide_1.10.1/plugins/com.st.stm32cube.ide.mcu.externaltools.gnu-tools-for-stm32.10.3-2021.10.linux64_1.0.0.202111181127/tools/bin/../lib/gcc/arm-none-eabi/10.3.1/thumb/v7e-m+fp/softfp/crtbegin.o
 .bss           0x000000002000054c      0x6d4 ./Application/User/audio_application.o
                0x000000002000054c                PCM_Buffer
                0x000000002000060c                PDM_Buffer
                0x0000000020000c0c                MicParams
 .bss           0x0000000020000c20      0x2dc ./Application/User/main.o
                0x0000000020000c20                hUSBDDevice
 .bss           0x0000000020000efc        0x8 ./Application/User/syscalls.o
                0x0000000020000f00                __env
 .bss           0x0000000020000f04      0x50c ./Application/User/usbd_conf_f4.o
                0x0000000020000f04                hpcd
 .bss           0x0000000020001410       0xc8 ./Application/User/usbd_desc.o
                0x0000000020001410                USBD_StrDesc
 .bss           0x00000000200014d8     0x11a4 ./Drivers/BSP/X-NUCLEO-CCA02M2/cca02m2_audio.o
                0x00000000200014d8                AudioInCtx
                0x00000000200019c4                hAudioInI2s
 .bss           0x000000002000267c        0x4 ./Drivers/STM32F4xx_HAL_Driver/stm32f4xx_hal.o
                0x000000002000267c                uwTick
 .bss           0x0000000020002680      0x25c ./Middlewares/ST/STM32_USB_Device_Library/Class/usbd_audio_in.o
 .bss           0x00000000200028dc        0x1 ./Middlewares/ST/STM32_USB_Device_Library/Core/usbd_ctlreq.o
 .bss           0x00000000200028dd        0x1 ../../../../../../../../Middlewares/ST/STM32_Audio/Addons/PDM/Lib/libPDMFilter_CM4_GCC_wc32_softfp.a(pdm_filter.o)
 *(.bss*)
 *fill*         0x00000000200028de        0x2 
 .bss.__malloc_free_list
                0x00000000200028e0        0x4 /opt/st/stm32cubeide_1.10.1/plugins/com.st.stm32cube.ide.mcu.externaltools.gnu-tools-for-stm32.10.3-2021.10.linux64_1.0.0.202111181127/tools/bin/../lib/gcc/arm-none-eabi/10.3.1/../../../../arm-none-eabi/lib/thumb/v7e-m+fp/softfp/libc_nano.a(lib_a-nano-mallocr.o)
                0x00000000200028e0                __malloc_free_list
 .bss.__malloc_sbrk_start
                0x00000000200028e4        0x4 /opt/st/stm32cubeide_1.10.1/plugins/com.st.stm32cube.ide.mcu.externaltools.gnu-tools-for-stm32.10.3-2021.10.linux64_1.0.0.202111181127/tools/bin/../lib/gcc/arm-none-eabi/10.3.1/../../../../arm-none-eabi/lib/thumb/v7e-m+fp/softfp/libc_nano.a(lib_a-nano-mallocr.o)
                0x00000000200028e4                __malloc_sbrk_start
 .bss.errno     0x00000000200028e8        0x4 /opt/st/stm32cubeide_1.10.1/plugins/com.st.stm32cube.ide.mcu.externaltools.gnu-tools-for-stm32.10.3-2021.10.linux64_1.0.0.202111181127/tools/bin/../lib/gcc/arm-none-eabi/10.3.1/../../../../arm-none-eabi/lib/thumb/v7e-m+fp/softfp/libc_nano.a(lib_a-reent.o)
                0x00000000200028e8                errno
 .bss.__lock___malloc_recursive_mutex
                0x00000000200028ec        0x1 /opt/st/stm32cubeide_1.10.1/plugins/com.st.stm32cube.ide.mcu.externaltools.gnu-tools-for-stm32.10.3-2021.10.linux64_1.0.0.202111181127/tools/bin/../lib/gcc/arm-none-eabi/10.3.1/../../../../arm-none-eabi/lib/thumb/v7e-m+fp/softfp/libc_nano.a(lib_a-lock.o)
                0x00000000200028ec                __lock___malloc_recursive_mutex
 *(COMMON)
                0x00000000200028f0                . = ALIGN (0x4)
 *fill*         0x00000000200028ed        0x3 
                0x00000000200028f0                _ebss = .
                0x00000000200028f0                __bss_end__ = _ebss

._user_heap_stack
                0x00000000200028f0     0x4000 load address 0x000000000800a284
                0x00000000200028f0                . = ALIGN (0x4)
                0x00000000200028f0                PROVIDE (end = .)
                [!provide]                        PROVIDE (_end = .)
                0x00000000200048f0                . = (. + _Min_Heap_Size)
 *fill*         0x00000000200028f0     0x2000 
                0x00000000200068f0                . = (. + _Min_Stack_Size)
 *fill*         0x00000000200048f0     0x2000 
                0x00000000200068f0                . = ALIGN (0x4)

/DISCARD/
 libc.a(*)
 libm.a(*)
 libgcc.a(*)

.ARM.attributes
                0x0000000000000000       0x2e
 *(.ARM.attributes)
 .ARM.attributes
                0x0000000000000000       0x1e /opt/st/stm32cubeide_1.10.1/plugins/com.st.stm32cube.ide.mcu.externaltools.gnu-tools-for-stm32.10.3-2021.10.linux64_1.0.0.202111181127/tools/bin/../lib/gcc/arm-none-eabi/10.3.1/thumb/v7e-m+fp/softfp/crti.o
 .ARM.attributes
                0x000000000000001e       0x32 /opt/st/stm32cubeide_1.10.1/plugins/com.st.stm32cube.ide.mcu.externaltools.gnu-tools-for-stm32.10.3-2021.10.linux64_1.0.0.202111181127/tools/bin/../lib/gcc/arm-none-eabi/10.3.1/thumb/v7e-m+fp/softfp/crtbegin.o
 .ARM.attributes
                0x0000000000000050       0x32 ./Application/Patch/stm32f4xx_hal_pcd_patch.o
 .ARM.attributes
                0x0000000000000082       0x21 ./Application/STM4STM32/startup_stm32f401xe.o
 .ARM.attributes
                0x00000000000000a3       0x32 ./Application/User/audio_application.o
 .ARM.attributes
                0x00000000000000d5       0x32 ./Application/User/cube_hal_f4.o
 .ARM.attributes
                0x0000000000000107       0x32 ./Application/User/main.o
 .ARM.attributes
                0x0000000000000139       0x32 ./Application/User/stm32xx_it.o
 .ARM.attributes
                0x000000000000016b       0x32 ./Application/User/syscalls.o
 .ARM.attributes
                0x000000000000019d       0x32 ./Application/User/usbd_audio_if.o
 .ARM.attributes
                0x00000000000001cf       0x32 ./Application/User/usbd_conf_f4.o
 .ARM.attributes
                0x0000000000000201       0x32 ./Application/User/usbd_desc.o
 .ARM.attributes
                0x0000000000000233       0x32 ./Drivers/BSP/X-NUCLEO-CCA02M2/cca02m2_audio.o
 .ARM.attributes
                0x0000000000000265       0x32 ./Drivers/CMSIS/system_stm32f4xx.o
 .ARM.attributes
                0x0000000000000297       0x32 ./Drivers/STM32F4xx_HAL_Driver/stm32f4xx_hal.o
 .ARM.attributes
                0x00000000000002c9       0x32 ./Drivers/STM32F4xx_HAL_Driver/stm32f4xx_hal_cortex.o
 .ARM.attributes
                0x00000000000002fb       0x32 ./Drivers/STM32F4xx_HAL_Driver/stm32f4xx_hal_dma.o
 .ARM.attributes
                0x000000000000032d       0x32 ./Drivers/STM32F4xx_HAL_Driver/stm32f4xx_hal_gpio.o
 .ARM.attributes
                0x000000000000035f       0x32 ./Drivers/STM32F4xx_HAL_Driver/stm32f4xx_hal_i2s.o
 .ARM.attributes
                0x0000000000000391       0x32 ./Drivers/STM32F4xx_HAL_Driver/stm32f4xx_hal_i2s_ex.o
 .ARM.attributes
                0x00000000000003c3       0x32 ./Drivers/STM32F4xx_HAL_Driver/stm32f4xx_hal_pcd_ex.o
 .ARM.attributes
                0x00000000000003f5       0x32 ./Drivers/STM32F4xx_HAL_Driver/stm32f4xx_hal_rcc.o
 .ARM.attributes
                0x0000000000000427       0x32 ./Drivers/STM32F4xx_HAL_Driver/stm32f4xx_hal_rcc_ex.o
 .ARM.attributes
                0x0000000000000459       0x32 ./Drivers/STM32F4xx_HAL_Driver/stm32f4xx_hal_spi.o
 .ARM.attributes
                0x000000000000048b       0x32 ./Drivers/STM32F4xx_HAL_Driver/stm32f4xx_hal_tim.o
 .ARM.attributes
                0x00000000000004bd       0x32 ./Drivers/STM32F4xx_HAL_Driver/stm32f4xx_ll_usb.o
 .ARM.attributes
                0x00000000000004ef       0x32 ./Middlewares/ST/STM32_USB_Device_Library/Class/usbd_audio_in.o
 .ARM.attributes
                0x0000000000000521       0x32 ./Middlewares/ST/STM32_USB_Device_Library/Core/usbd_core.o
 .ARM.attributes
                0x0000000000000553       0x32 ./Middlewares/ST/STM32_USB_Device_Library/Core/usbd_ctlreq.o
 .ARM.attributes
                0x0000000000000585       0x32 ./Middlewares/ST/STM32_USB_Device_Library/Core/usbd_ioreq.o
 .ARM.attributes
                0x00000000000005b7       0x37 ../../../../../../../../Middlewares/ST/STM32_Audio/Addons/PDM/Lib/libPDMFilter_CM4_GCC_wc32_softfp.a(pdm_filter.o)
 .ARM.attributes
                0x00000000000005ee       0x2e ../../../../../../../../Drivers/CMSIS/DSP/Lib/GCC/libarm_cortexM4l_math.a(arm_fir_decimate_q15.o)
 .ARM.attributes
                0x000000000000061c       0x2e ../../../../../../../../Drivers/CMSIS/DSP/Lib/GCC/libarm_cortexM4l_math.a(arm_fir_decimate_init_q15.o)
 .ARM.attributes
                0x000000000000064a       0x32 /opt/st/stm32cubeide_1.10.1/plugins/com.st.stm32cube.ide.mcu.externaltools.gnu-tools-for-stm32.10.3-2021.10.linux64_1.0.0.202111181127/tools/bin/../lib/gcc/arm-none-eabi/10.3.1/../../../../arm-none-eabi/lib/thumb/v7e-m+fp/softfp/libc_nano.a(lib_a-errno.o)
 .ARM.attributes
                0x000000000000067c       0x32 /opt/st/stm32cubeide_1.10.1/plugins/com.st.stm32cube.ide.mcu.externaltools.gnu-tools-for-stm32.10.3-2021.10.linux64_1.0.0.202111181127/tools/bin/../lib/gcc/arm-none-eabi/10.3.1/../../../../arm-none-eabi/lib/thumb/v7e-m+fp/softfp/libc_nano.a(lib_a-impure.o)
 .ARM.attributes
                0x00000000000006ae       0x32 /opt/st/stm32cubeide_1.10.1/plugins/com.st.stm32cube.ide.mcu.externaltools.gnu-tools-for-stm32.10.3-2021.10.linux64_1.0.0.202111181127/tools/bin/../lib/gcc/arm-none-eabi/10.3.1/../../../../arm-none-eabi/lib/thumb/v7e-m+fp/softfp/libc_nano.a(lib_a-init.o)
 .ARM.attributes
                0x00000000000006e0       0x32 /opt/st/stm32cubeide_1.10.1/plugins/com.st.stm32cube.ide.mcu.externaltools.gnu-tools-for-stm32.10.3-2021.10.linux64_1.0.0.202111181127/tools/bin/../lib/gcc/arm-none-eabi/10.3.1/../../../../arm-none-eabi/lib/thumb/v7e-m+fp/softfp/libc_nano.a(lib_a-malloc.o)
 .ARM.attributes
                0x0000000000000712       0x32 /opt/st/stm32cubeide_1.10.1/plugins/com.st.stm32cube.ide.mcu.externaltools.gnu-tools-for-stm32.10.3-2021.10.linux64_1.0.0.202111181127/tools/bin/../lib/gcc/arm-none-eabi/10.3.1/../../../../arm-none-eabi/lib/thumb/v7e-m+fp/softfp/libc_nano.a(lib_a-memcpy-stub.o)
 .ARM.attributes
                0x0000000000000744       0x32 /opt/st/stm32cubeide_1.10.1/plugins/com.st.stm32cube.ide.mcu.externaltools.gnu-tools-for-stm32.10.3-2021.10.linux64_1.0.0.202111181127/tools/bin/../lib/gcc/arm-none-eabi/10.3.1/../../../../arm-none-eabi/lib/thumb/v7e-m+fp/softfp/libc_nano.a(lib_a-memset.o)
 .ARM.attributes
                0x0000000000000776       0x32 /opt/st/stm32cubeide_1.10.1/plugins/com.st.stm32cube.ide.mcu.externaltools.gnu-tools-for-stm32.10.3-2021.10.linux64_1.0.0.202111181127/tools/bin/../lib/gcc/arm-none-eabi/10.3.1/../../../../arm-none-eabi/lib/thumb/v7e-m+fp/softfp/libc_nano.a(lib_a-nano-freer.o)
 .ARM.attributes
                0x00000000000007a8       0x32 /opt/st/stm32cubeide_1.10.1/plugins/com.st.stm32cube.ide.mcu.externaltools.gnu-tools-for-stm32.10.3-2021.10.linux64_1.0.0.202111181127/tools/bin/../lib/gcc/arm-none-eabi/10.3.1/../../../../arm-none-eabi/lib/thumb/v7e-m+fp/softfp/libc_nano.a(lib_a-nano-mallocr.o)
 .ARM.attributes
                0x00000000000007da       0x32 /opt/st/stm32cubeide_1.10.1/plugins/com.st.stm32cube.ide.mcu.externaltools.gnu-tools-for-stm32.10.3-2021.10.linux64_1.0.0.202111181127/tools/bin/../lib/gcc/arm-none-eabi/10.3.1/../../../../arm-none-eabi/lib/thumb/v7e-m+fp/softfp/libc_nano.a(lib_a-sbrkr.o)
 .ARM.attributes
                0x000000000000080c       0x32 /opt/st/stm32cubeide_1.10.1/plugins/com.st.stm32cube.ide.mcu.externaltools.gnu-tools-for-stm32.10.3-2021.10.linux64_1.0.0.202111181127/tools/bin/../lib/gcc/arm-none-eabi/10.3.1/../../../../arm-none-eabi/lib/thumb/v7e-m+fp/softfp/libc_nano.a(lib_a-mlock.o)
 .ARM.attributes
                0x000000000000083e       0x32 /opt/st/stm32cubeide_1.10.1/plugins/com.st.stm32cube.ide.mcu.externaltools.gnu-tools-for-stm32.10.3-2021.10.linux64_1.0.0.202111181127/tools/bin/../lib/gcc/arm-none-eabi/10.3.1/../../../../arm-none-eabi/lib/thumb/v7e-m+fp/softfp/libc_nano.a(lib_a-reent.o)
 .ARM.attributes
                0x0000000000000870       0x32 /opt/st/stm32cubeide_1.10.1/plugins/com.st.stm32cube.ide.mcu.externaltools.gnu-tools-for-stm32.10.3-2021.10.linux64_1.0.0.202111181127/tools/bin/../lib/gcc/arm-none-eabi/10.3.1/../../../../arm-none-eabi/lib/thumb/v7e-m+fp/softfp/libc_nano.a(lib_a-lock.o)
 .ARM.attributes
                0x00000000000008a2       0x32 /opt/st/stm32cubeide_1.10.1/plugins/com.st.stm32cube.ide.mcu.externaltools.gnu-tools-for-stm32.10.3-2021.10.linux64_1.0.0.202111181127/tools/bin/../lib/gcc/arm-none-eabi/10.3.1/../../../../arm-none-eabi/lib/thumb/v7e-m+fp/softfp/libm.a(lib_a-sf_round.o)
 .ARM.attributes
                0x00000000000008d4       0x32 /opt/st/stm32cubeide_1.10.1/plugins/com.st.stm32cube.ide.mcu.externaltools.gnu-tools-for-stm32.10.3-2021.10.linux64_1.0.0.202111181127/tools/bin/../lib/gcc/arm-none-eabi/10.3.1/../../../../arm-none-eabi/lib/thumb/v7e-m+fp/softfp/libm.a(lib_a-wf_pow.o)
 .ARM.attributes
                0x0000000000000906       0x32 /opt/st/stm32cubeide_1.10.1/plugins/com.st.stm32cube.ide.mcu.externaltools.gnu-tools-for-stm32.10.3-2021.10.linux64_1.0.0.202111181127/tools/bin/../lib/gcc/arm-none-eabi/10.3.1/../../../../arm-none-eabi/lib/thumb/v7e-m+fp/softfp/libm.a(lib_a-ef_pow.o)
 .ARM.attributes
                0x0000000000000938       0x32 /opt/st/stm32cubeide_1.10.1/plugins/com.st.stm32cube.ide.mcu.externaltools.gnu-tools-for-stm32.10.3-2021.10.linux64_1.0.0.202111181127/tools/bin/../lib/gcc/arm-none-eabi/10.3.1/../../../../arm-none-eabi/lib/thumb/v7e-m+fp/softfp/libm.a(lib_a-ef_sqrt.o)
 .ARM.attributes
                0x000000000000096a       0x32 /opt/st/stm32cubeide_1.10.1/plugins/com.st.stm32cube.ide.mcu.externaltools.gnu-tools-for-stm32.10.3-2021.10.linux64_1.0.0.202111181127/tools/bin/../lib/gcc/arm-none-eabi/10.3.1/../../../../arm-none-eabi/lib/thumb/v7e-m+fp/softfp/libm.a(lib_a-math_errf.o)
 .ARM.attributes
                0x000000000000099c       0x32 /opt/st/stm32cubeide_1.10.1/plugins/com.st.stm32cube.ide.mcu.externaltools.gnu-tools-for-stm32.10.3-2021.10.linux64_1.0.0.202111181127/tools/bin/../lib/gcc/arm-none-eabi/10.3.1/../../../../arm-none-eabi/lib/thumb/v7e-m+fp/softfp/libm.a(lib_a-sf_fabs.o)
 .ARM.attributes
                0x00000000000009ce       0x32 /opt/st/stm32cubeide_1.10.1/plugins/com.st.stm32cube.ide.mcu.externaltools.gnu-tools-for-stm32.10.3-2021.10.linux64_1.0.0.202111181127/tools/bin/../lib/gcc/arm-none-eabi/10.3.1/../../../../arm-none-eabi/lib/thumb/v7e-m+fp/softfp/libm.a(lib_a-sf_finite.o)
 .ARM.attributes
                0x0000000000000a00       0x32 /opt/st/stm32cubeide_1.10.1/plugins/com.st.stm32cube.ide.mcu.externaltools.gnu-tools-for-stm32.10.3-2021.10.linux64_1.0.0.202111181127/tools/bin/../lib/gcc/arm-none-eabi/10.3.1/../../../../arm-none-eabi/lib/thumb/v7e-m+fp/softfp/libm.a(lib_a-sf_scalbn.o)
 .ARM.attributes
                0x0000000000000a32       0x1e /opt/st/stm32cubeide_1.10.1/plugins/com.st.stm32cube.ide.mcu.externaltools.gnu-tools-for-stm32.10.3-2021.10.linux64_1.0.0.202111181127/tools/bin/../lib/gcc/arm-none-eabi/10.3.1/thumb/v7e-m+fp/softfp/libgcc.a(_aeabi_uldivmod.o)
 .ARM.attributes
                0x0000000000000a50       0x32 /opt/st/stm32cubeide_1.10.1/plugins/com.st.stm32cube.ide.mcu.externaltools.gnu-tools-for-stm32.10.3-2021.10.linux64_1.0.0.202111181127/tools/bin/../lib/gcc/arm-none-eabi/10.3.1/thumb/v7e-m+fp/softfp/libgcc.a(_udivmoddi4.o)
 .ARM.attributes
                0x0000000000000a82       0x1e /opt/st/stm32cubeide_1.10.1/plugins/com.st.stm32cube.ide.mcu.externaltools.gnu-tools-for-stm32.10.3-2021.10.linux64_1.0.0.202111181127/tools/bin/../lib/gcc/arm-none-eabi/10.3.1/thumb/v7e-m+fp/softfp/libgcc.a(_dvmd_tls.o)
 .ARM.attributes
                0x0000000000000aa0       0x1e /opt/st/stm32cubeide_1.10.1/plugins/com.st.stm32cube.ide.mcu.externaltools.gnu-tools-for-stm32.10.3-2021.10.linux64_1.0.0.202111181127/tools/bin/../lib/gcc/arm-none-eabi/10.3.1/thumb/v7e-m+fp/softfp/crtn.o
OUTPUT(STM32F4xx-MEMSMIC1.elf elf32-littlearm)
LOAD linker stubs
LOAD /opt/st/stm32cubeide_1.10.1/plugins/com.st.stm32cube.ide.mcu.externaltools.gnu-tools-for-stm32.10.3-2021.10.linux64_1.0.0.202111181127/tools/bin/../lib/gcc/arm-none-eabi/10.3.1/../../../../arm-none-eabi/lib/thumb/v7e-m+fp/softfp/libc.a
LOAD /opt/st/stm32cubeide_1.10.1/plugins/com.st.stm32cube.ide.mcu.externaltools.gnu-tools-for-stm32.10.3-2021.10.linux64_1.0.0.202111181127/tools/bin/../lib/gcc/arm-none-eabi/10.3.1/../../../../arm-none-eabi/lib/thumb/v7e-m+fp/softfp/libm.a
LOAD /opt/st/stm32cubeide_1.10.1/plugins/com.st.stm32cube.ide.mcu.externaltools.gnu-tools-for-stm32.10.3-2021.10.linux64_1.0.0.202111181127/tools/bin/../lib/gcc/arm-none-eabi/10.3.1/thumb/v7e-m+fp/softfp/libgcc.a

.debug_info     0x0000000000000000    0x20f82
 .debug_info    0x0000000000000000     0x1e76 ./Application/Patch/stm32f4xx_hal_pcd_patch.o
 .debug_info    0x0000000000001e76       0x22 ./Application/STM4STM32/startup_stm32f401xe.o
 .debug_info    0x0000000000001e98      0x3fc ./Application/User/audio_application.o
 .debug_info    0x0000000000002294      0x50c ./Application/User/cube_hal_f4.o
 .debug_info    0x00000000000027a0      0x8f4 ./Application/User/main.o
 .debug_info    0x0000000000003094      0xb0f ./Application/User/stm32xx_it.o
 .debug_info    0x0000000000003ba3      0x864 ./Application/User/syscalls.o
 .debug_info    0x0000000000004407      0x938 ./Application/User/usbd_audio_if.o
 .debug_info    0x0000000000004d3f     0x1ead ./Application/User/usbd_conf_f4.o
 .debug_info    0x0000000000006bec      0x5b9 ./Application/User/usbd_desc.o
 .debug_info    0x00000000000071a5     0x2f60 ./Drivers/BSP/X-NUCLEO-CCA02M2/cca02m2_audio.o
 .debug_info    0x000000000000a105      0x568 ./Drivers/CMSIS/system_stm32f4xx.o
 .debug_info    0x000000000000a66d      0x9da ./Drivers/STM32F4xx_HAL_Driver/stm32f4xx_hal.o
 .debug_info    0x000000000000b047     0x1002 ./Drivers/STM32F4xx_HAL_Driver/stm32f4xx_hal_cortex.o
 .debug_info    0x000000000000c049      0xb82 ./Drivers/STM32F4xx_HAL_Driver/stm32f4xx_hal_dma.o
 .debug_info    0x000000000000cbcb      0x7da ./Drivers/STM32F4xx_HAL_Driver/stm32f4xx_hal_gpio.o
 .debug_info    0x000000000000d3a5     0x131d ./Drivers/STM32F4xx_HAL_Driver/stm32f4xx_hal_i2s.o
 .debug_info    0x000000000000e6c2      0xf11 ./Drivers/STM32F4xx_HAL_Driver/stm32f4xx_hal_i2s_ex.o
 .debug_info    0x000000000000f5d3      0x731 ./Drivers/STM32F4xx_HAL_Driver/stm32f4xx_hal_pcd_ex.o
 .debug_info    0x000000000000fd04      0xbb8 ./Drivers/STM32F4xx_HAL_Driver/stm32f4xx_hal_rcc.o
 .debug_info    0x00000000000108bc      0x6c4 ./Drivers/STM32F4xx_HAL_Driver/stm32f4xx_hal_rcc_ex.o
 .debug_info    0x0000000000010f80     0x2718 ./Drivers/STM32F4xx_HAL_Driver/stm32f4xx_hal_spi.o
 .debug_info    0x0000000000013698     0x508e ./Drivers/STM32F4xx_HAL_Driver/stm32f4xx_hal_tim.o
 .debug_info    0x0000000000018726     0x2413 ./Drivers/STM32F4xx_HAL_Driver/stm32f4xx_ll_usb.o
 .debug_info    0x000000000001ab39     0x13f8 ./Middlewares/ST/STM32_USB_Device_Library/Class/usbd_audio_in.o
 .debug_info    0x000000000001bf31     0x12bc ./Middlewares/ST/STM32_USB_Device_Library/Core/usbd_core.o
 .debug_info    0x000000000001d1ed     0x1369 ./Middlewares/ST/STM32_USB_Device_Library/Core/usbd_ctlreq.o
 .debug_info    0x000000000001e556      0x90b ./Middlewares/ST/STM32_USB_Device_Library/Core/usbd_ioreq.o
 .debug_info    0x000000000001ee61     0x14f3 ../../../../../../../../Drivers/CMSIS/DSP/Lib/GCC/libarm_cortexM4l_math.a(arm_fir_decimate_q15.o)
 .debug_info    0x0000000000020354      0xc2e ../../../../../../../../Drivers/CMSIS/DSP/Lib/GCC/libarm_cortexM4l_math.a(arm_fir_decimate_init_q15.o)

.debug_abbrev   0x0000000000000000     0x51d7
 .debug_abbrev  0x0000000000000000      0x3a5 ./Application/Patch/stm32f4xx_hal_pcd_patch.o
 .debug_abbrev  0x00000000000003a5       0x12 ./Application/STM4STM32/startup_stm32f401xe.o
 .debug_abbrev  0x00000000000003b7      0x19c ./Application/User/audio_application.o
 .debug_abbrev  0x0000000000000553      0x161 ./Application/User/cube_hal_f4.o
 .debug_abbrev  0x00000000000006b4      0x1fc ./Application/User/main.o
 .debug_abbrev  0x00000000000008b0      0x206 ./Application/User/stm32xx_it.o
 .debug_abbrev  0x0000000000000ab6      0x24d ./Application/User/syscalls.o
 .debug_abbrev  0x0000000000000d03      0x2c8 ./Application/User/usbd_audio_if.o
 .debug_abbrev  0x0000000000000fcb      0x399 ./Application/User/usbd_conf_f4.o
 .debug_abbrev  0x0000000000001364      0x1d9 ./Application/User/usbd_desc.o
 .debug_abbrev  0x000000000000153d      0x459 ./Drivers/BSP/X-NUCLEO-CCA02M2/cca02m2_audio.o
 .debug_abbrev  0x0000000000001996      0x11c ./Drivers/CMSIS/system_stm32f4xx.o
 .debug_abbrev  0x0000000000001ab2      0x2ba ./Drivers/STM32F4xx_HAL_Driver/stm32f4xx_hal.o
 .debug_abbrev  0x0000000000001d6c      0x363 ./Drivers/STM32F4xx_HAL_Driver/stm32f4xx_hal_cortex.o
 .debug_abbrev  0x00000000000020cf      0x2f3 ./Drivers/STM32F4xx_HAL_Driver/stm32f4xx_hal_dma.o
 .debug_abbrev  0x00000000000023c2      0x204 ./Drivers/STM32F4xx_HAL_Driver/stm32f4xx_hal_gpio.o
 .debug_abbrev  0x00000000000025c6      0x328 ./Drivers/STM32F4xx_HAL_Driver/stm32f4xx_hal_i2s.o
 .debug_abbrev  0x00000000000028ee      0x381 ./Drivers/STM32F4xx_HAL_Driver/stm32f4xx_hal_i2s_ex.o
 .debug_abbrev  0x0000000000002c6f      0x1ed ./Drivers/STM32F4xx_HAL_Driver/stm32f4xx_hal_pcd_ex.o
 .debug_abbrev  0x0000000000002e5c      0x347 ./Drivers/STM32F4xx_HAL_Driver/stm32f4xx_hal_rcc.o
 .debug_abbrev  0x00000000000031a3      0x1bd ./Drivers/STM32F4xx_HAL_Driver/stm32f4xx_hal_rcc_ex.o
 .debug_abbrev  0x0000000000003360      0x38e ./Drivers/STM32F4xx_HAL_Driver/stm32f4xx_hal_spi.o
 .debug_abbrev  0x00000000000036ee      0x384 ./Drivers/STM32F4xx_HAL_Driver/stm32f4xx_hal_tim.o
 .debug_abbrev  0x0000000000003a72      0x41e ./Drivers/STM32F4xx_HAL_Driver/stm32f4xx_ll_usb.o
 .debug_abbrev  0x0000000000003e90      0x478 ./Middlewares/ST/STM32_USB_Device_Library/Class/usbd_audio_in.o
 .debug_abbrev  0x0000000000004308      0x39b ./Middlewares/ST/STM32_USB_Device_Library/Core/usbd_core.o
 .debug_abbrev  0x00000000000046a3      0x3b3 ./Middlewares/ST/STM32_USB_Device_Library/Core/usbd_ctlreq.o
 .debug_abbrev  0x0000000000004a56      0x1b5 ./Middlewares/ST/STM32_USB_Device_Library/Core/usbd_ioreq.o