Archive member included to satisfy reference by file (symbol)

/opt/st/stm32cubeide_1.10.1/plugins/com.st.stm32cube.ide.mcu.externaltools.gnu-tools-for-stm32.10.3-2021.10.linux64_1.0.0.202111181127/tools/bin/../lib/gcc/arm-none-eabi/10.3.1/../../../../arm-none-eabi/lib/thumb/v7e-m+fp/hard/libc_nano.a(lib_a-errno.o)
                              ./Application/SW4STM32/syscalls.o (__errno)
/opt/st/stm32cubeide_1.10.1/plugins/com.st.stm32cube.ide.mcu.externaltools.gnu-tools-for-stm32.10.3-2021.10.linux64_1.0.0.202111181127/tools/bin/../lib/gcc/arm-none-eabi/10.3.1/../../../../arm-none-eabi/lib/thumb/v7e-m+fp/hard/libc_nano.a(lib_a-exit.o)
                              /opt/st/stm32cubeide_1.10.1/plugins/com.st.stm32cube.ide.mcu.externaltools.gnu-tools-for-stm32.10.3-2021.10.linux64_1.0.0.202111181127/tools/bin/../lib/gcc/arm-none-eabi/10.3.1/../../../../arm-none-eabi/lib/thumb/v7e-m+fp/hard/crt0.o (exit)
/opt/st/stm32cubeide_1.10.1/plugins/com.st.stm32cube.ide.mcu.externaltools.gnu-tools-for-stm32.10.3-2021.10.linux64_1.0.0.202111181127/tools/bin/../lib/gcc/arm-none-eabi/10.3.1/../../../../arm-none-eabi/lib/thumb/v7e-m+fp/hard/libc_nano.a(lib_a-impure.o)
                              /opt/st/stm32cubeide_1.10.1/plugins/com.st.stm32cube.ide.mcu.externaltools.gnu-tools-for-stm32.10.3-2021.10.linux64_1.0.0.202111181127/tools/bin/../lib/gcc/arm-none-eabi/10.3.1/../../../../arm-none-eabi/lib/thumb/v7e-m+fp/hard/libc_nano.a(lib_a-exit.o) (_global_impure_ptr)
/opt/st/stm32cubeide_1.10.1/plugins/com.st.stm32cube.ide.mcu.externaltools.gnu-tools-for-stm32.10.3-2021.10.linux64_1.0.0.202111181127/tools/bin/../lib/gcc/arm-none-eabi/10.3.1/../../../../arm-none-eabi/lib/thumb/v7e-m+fp/hard/libc_nano.a(lib_a-init.o)
                              /opt/st/stm32cubeide_1.10.1/plugins/com.st.stm32cube.ide.mcu.externaltools.gnu-tools-for-stm32.10.3-2021.10.linux64_1.0.0.202111181127/tools/bin/../lib/gcc/arm-none-eabi/10.3.1/../../../../arm-none-eabi/lib/thumb/v7e-m+fp/hard/crt0.o (__libc_init_array)
/opt/st/stm32cubeide_1.10.1/plugins/com.st.stm32cube.ide.mcu.externaltools.gnu-tools-for-stm32.10.3-2021.10.linux64_1.0.0.202111181127/tools/bin/../lib/gcc/arm-none-eabi/10.3.1/../../../../arm-none-eabi/lib/thumb/v7e-m+fp/hard/libc_nano.a(lib_a-malloc.o)
                              ./Middlewares/ST/STM32_USB_Device_Library/Class/AUDIO/usbd_audio_in.o (malloc)
/opt/st/stm32cubeide_1.10.1/plugins/com.st.stm32cube.ide.mcu.externaltools.gnu-tools-for-stm32.10.3-2021.10.linux64_1.0.0.202111181127/tools/bin/../lib/gcc/arm-none-eabi/10.3.1/../../../../arm-none-eabi/lib/thumb/v7e-m+fp/hard/libc_nano.a(lib_a-memcpy-stub.o)
                              ./Middlewares/ST/STM32_USB_Device_Library/Class/AUDIO/usbd_audio_in.o (memcpy)
/opt/st/stm32cubeide_1.10.1/plugins/com.st.stm32cube.ide.mcu.externaltools.gnu-tools-for-stm32.10.3-2021.10.linux64_1.0.0.202111181127/tools/bin/../lib/gcc/arm-none-eabi/10.3.1/../../../../arm-none-eabi/lib/thumb/v7e-m+fp/hard/libc_nano.a(lib_a-memset.o)
                              /opt/st/stm32cubeide_1.10.1/plugins/com.st.stm32cube.ide.mcu.externaltools.gnu-tools-for-stm32.10.3-2021.10.linux64_1.0.0.202111181127/tools/bin/../lib/gcc/arm-none-eabi/10.3.1/../../../../arm-none-eabi/lib/thumb/v7e-m+fp/hard/crt0.o (memset)
/opt/st/stm32cubeide_1.10.1/plugins/com.st.stm32cube.ide.mcu.externaltools.gnu-tools-for-stm32.10.3-2021.10.linux64_1.0.0.202111181127/tools/bin/../lib/gcc/arm-none-eabi/10.3.1/../../../../arm-none-eabi/lib/thumb/v7e-m+fp/hard/libc_nano.a(lib_a-nano-freer.o)
                              /opt/st/stm32cubeide_1.10.1/plugins/com.st.stm32cube.ide.mcu.externaltools.gnu-tools-for-stm32.10.3-2021.10.linux64_1.0.0.202111181127/tools/bin/../lib/gcc/arm-none-eabi/10.3.1/../../../../arm-none-eabi/lib/thumb/v7e-m+fp/hard/libc_nano.a(lib_a-malloc.o) (_free_r)
/opt/st/stm32cubeide_1.10.1/plugins/com.st.stm32cube.ide.mcu.externaltools.gnu-tools-for-stm32.10.3-2021.10.linux64_1.0.0.202111181127/tools/bin/../lib/gcc/arm-none-eabi/10.3.1/../../../../arm-none-eabi/lib/thumb/v7e-m+fp/hard/libc_nano.a(lib_a-nano-mallocr.o)
                              /opt/st/stm32cubeide_1.10.1/plugins/com.st.stm32cube.ide.mcu.externaltools.gnu-tools-for-stm32.10.3-2021.10.linux64_1.0.0.202111181127/tools/bin/../lib/gcc/arm-none-eabi/10.3.1/../../../../arm-none-eabi/lib/thumb/v7e-m+fp/hard/libc_nano.a(lib_a-malloc.o) (_malloc_r)
/opt/st/stm32cubeide_1.10.1/plugins/com.st.stm32cube.ide.mcu.externaltools.gnu-tools-for-stm32.10.3-2021.10.linux64_1.0.0.202111181127/tools/bin/../lib/gcc/arm-none-eabi/10.3.1/../../../../arm-none-eabi/lib/thumb/v7e-m+fp/hard/libc_nano.a(lib_a-sbrkr.o)
                              /opt/st/stm32cubeide_1.10.1/plugins/com.st.stm32cube.ide.mcu.externaltools.gnu-tools-for-stm32.10.3-2021.10.linux64_1.0.0.202111181127/tools/bin/../lib/gcc/arm-none-eabi/10.3.1/../../../../arm-none-eabi/lib/thumb/v7e-m+fp/hard/libc_nano.a(lib_a-nano-mallocr.o) (_sbrk_r)
[...]
Memory Configuration

Name             Origin             Length             Attributes
FLASH            0x0000000008000000 0x0000000000080000 xr
RAM1             0x0000000020000004 0x000000000002fc00 xrw
RAM_SHARED       0x0000000020030000 0x0000000000002800 xrw
*default*        0x0000000000000000 0xffffffffffffffff

Linker script and memory map

LOAD /opt/st/stm32cubeide_1.10.1/plugins/com.st.stm32cube.ide.mcu.externaltools.gnu-tools-for-stm32.10.3-2021.10.linux64_1.0.0.202111181127/tools/bin/../lib/gcc/arm-none-eabi/10.3.1/thumb/v7e-m+fp/hard/crti.o
LOAD /opt/st/stm32cubeide_1.10.1/plugins/com.st.stm32cube.ide.mcu.externaltools.gnu-tools-for-stm32.10.3-2021.10.linux64_1.0.0.202111181127/tools/bin/../lib/gcc/arm-none-eabi/10.3.1/thumb/v7e-m+fp/hard/crtbegin.o
LOAD /opt/st/stm32cubeide_1.10.1/plugins/com.st.stm32cube.ide.mcu.externaltools.gnu-tools-for-stm32.10.3-2021.10.linux64_1.0.0.202111181127/tools/bin/../lib/gcc/arm-none-eabi/10.3.1/../../../../arm-none-eabi/lib/thumb/v7e-m+fp/hard/crt0.o
LOAD ./Application/SW4STM32/startup_stm32wb55xx_cm4.o
LOAD ./Application/SW4STM32/syscalls.o
LOAD ./Application/User/audio_application.o
LOAD ./Application/User/cube_hal_wb.o
LOAD ./Application/User/main.o
LOAD ./Application/User/nucleo_wb55_bus.c.o
LOAD ./Application/User/stm32xx_it.o
LOAD ./Application/User/usbd_audio_if.o
LOAD ./Application/User/usbd_conf.o
LOAD ./Application/User/usbd_desc.o
LOAD ./Drivers/BSP/Components/ad1974.o
LOAD ./Drivers/BSP/Components/ad1974_reg.o
LOAD ./Drivers/BSP/P-NUCLEO-WB55.Nucleo/stm32wbxx_nucleo.o
LOAD ./Drivers/BSP/X-NUCLEO-AMICAM1/amicam1_audio.o
LOAD ./Drivers/CMSIS/system_stm32wbxx.o
LOAD ./Drivers/STM32WBxx_HAL_Driver/stm32wbxx_hal.o
LOAD ./Drivers/STM32WBxx_HAL_Driver/stm32wbxx_hal_adc.o
LOAD ./Drivers/STM32WBxx_HAL_Driver/stm32wbxx_hal_adc_ex.o
LOAD ./Drivers/STM32WBxx_HAL_Driver/stm32wbxx_hal_cortex.o
LOAD ./Drivers/STM32WBxx_HAL_Driver/stm32wbxx_hal_dma.o
LOAD ./Drivers/STM32WBxx_HAL_Driver/stm32wbxx_hal_dma_ex.o
LOAD ./Drivers/STM32WBxx_HAL_Driver/stm32wbxx_hal_gpio.o
LOAD ./Drivers/STM32WBxx_HAL_Driver/stm32wbxx_hal_pcd.o
LOAD ./Drivers/STM32WBxx_HAL_Driver/stm32wbxx_hal_pcd_ex.o
LOAD ./Drivers/STM32WBxx_HAL_Driver/stm32wbxx_hal_pwr.o
LOAD ./Drivers/STM32WBxx_HAL_Driver/stm32wbxx_hal_pwr_ex.o
LOAD ./Drivers/STM32WBxx_HAL_Driver/stm32wbxx_hal_rcc.o
LOAD ./Drivers/STM32WBxx_HAL_Driver/stm32wbxx_hal_rcc_ex.o
LOAD ./Drivers/STM32WBxx_HAL_Driver/stm32wbxx_hal_rtc.o
LOAD ./Drivers/STM32WBxx_HAL_Driver/stm32wbxx_hal_rtc_ex.o
LOAD ./Drivers/STM32WBxx_HAL_Driver/stm32wbxx_hal_sai.o
LOAD ./Drivers/STM32WBxx_HAL_Driver/stm32wbxx_hal_sai_ex.o
LOAD ./Drivers/STM32WBxx_HAL_Driver/stm32wbxx_hal_spi.o
LOAD ./Drivers/STM32WBxx_HAL_Driver/stm32wbxx_hal_uart.o
LOAD ./Drivers/STM32WBxx_HAL_Driver/stm32wbxx_hal_uart_ex.o
LOAD ./Drivers/STM32WBxx_HAL_Driver/stm32wbxx_ll_usb.o
LOAD ./Middlewares/ST/STM32_USB_Device_Library/Class/AUDIO/usbd_audio_in.o
LOAD ./Middlewares/ST/STM32_USB_Device_Library/Core/usbd_core.o
LOAD ./Middlewares/ST/STM32_USB_Device_Library/Core/usbd_ctlreq.o
LOAD ./Middlewares/ST/STM32_USB_Device_Library/Core/usbd_ioreq.o
LOAD ../../../../../../../../Middlewares/ST/STM32_Audio/Addons/PDM/Lib/libPDMFilter_CM4_GCC_wc32.a
LOAD ../../../../../../../../Drivers/CMSIS/DSP/Lib/GCC/libarm_cortexM4lf_math.a
START GROUP
LOAD /opt/st/stm32cubeide_1.10.1/plugins/com.st.stm32cube.ide.mcu.externaltools.gnu-tools-for-stm32.10.3-2021.10.linux64_1.0.0.202111181127/tools/bin/../lib/gcc/arm-none-eabi/10.3.1/../../../../arm-none-eabi/lib/thumb/v7e-m+fp/hard/libc_nano.a
LOAD /opt/st/stm32cubeide_1.10.1/plugins/com.st.stm32cube.ide.mcu.externaltools.gnu-tools-for-stm32.10.3-2021.10.linux64_1.0.0.202111181127/tools/bin/../lib/gcc/arm-none-eabi/10.3.1/../../../../arm-none-eabi/lib/thumb/v7e-m+fp/hard/libm.a
END GROUP
START GROUP
LOAD /opt/st/stm32cubeide_1.10.1/plugins/com.st.stm32cube.ide.mcu.externaltools.gnu-tools-for-stm32.10.3-2021.10.linux64_1.0.0.202111181127/tools/bin/../lib/gcc/arm-none-eabi/10.3.1/thumb/v7e-m+fp/hard/libgcc.a
LOAD /opt/st/stm32cubeide_1.10.1/plugins/com.st.stm32cube.ide.mcu.externaltools.gnu-tools-for-stm32.10.3-2021.10.linux64_1.0.0.202111181127/tools/bin/../lib/gcc/arm-none-eabi/10.3.1/../../../../arm-none-eabi/lib/thumb/v7e-m+fp/hard/libc_nano.a
END GROUP
START GROUP
LOAD /opt/st/stm32cubeide_1.10.1/plugins/com.st.stm32cube.ide.mcu.externaltools.gnu-tools-for-stm32.10.3-2021.10.linux64_1.0.0.202111181127/tools/bin/../lib/gcc/arm-none-eabi/10.3.1/thumb/v7e-m+fp/hard/libgcc.a
LOAD /opt/st/stm32cubeide_1.10.1/plugins/com.st.stm32cube.ide.mcu.externaltools.gnu-tools-for-stm32.10.3-2021.10.linux64_1.0.0.202111181127/tools/bin/../lib/gcc/arm-none-eabi/10.3.1/../../../../arm-none-eabi/lib/thumb/v7e-m+fp/hard/libc_nano.a
LOAD /opt/st/stm32cubeide_1.10.1/plugins/com.st.stm32cube.ide.mcu.externaltools.gnu-tools-for-stm32.10.3-2021.10.linux64_1.0.0.202111181127/tools/bin/../lib/gcc/arm-none-eabi/10.3.1/../../../../arm-none-eabi/lib/thumb/v7e-m+fp/hard/libnosys.a
END GROUP
START GROUP
LOAD /opt/st/stm32cubeide_1.10.1/plugins/com.st.stm32cube.ide.mcu.externaltools.gnu-tools-for-stm32.10.3-2021.10.linux64_1.0.0.202111181127/tools/bin/../lib/gcc/arm-none-eabi/10.3.1/thumb/v7e-m+fp/hard/libgcc.a
LOAD /opt/st/stm32cubeide_1.10.1/plugins/com.st.stm32cube.ide.mcu.externaltools.gnu-tools-for-stm32.10.3-2021.10.linux64_1.0.0.202111181127/tools/bin/../lib/gcc/arm-none-eabi/10.3.1/../../../../arm-none-eabi/lib/thumb/v7e-m+fp/hard/libc_nano.a
LOAD /opt/st/stm32cubeide_1.10.1/plugins/com.st.stm32cube.ide.mcu.externaltools.gnu-tools-for-stm32.10.3-2021.10.linux64_1.0.0.202111181127/tools/bin/../lib/gcc/arm-none-eabi/10.3.1/../../../../arm-none-eabi/lib/thumb/v7e-m+fp/hard/libnosys.a
END GROUP
LOAD /opt/st/stm32cubeide_1.10.1/plugins/com.st.stm32cube.ide.mcu.externaltools.gnu-tools-for-stm32.10.3-2021.10.linux64_1.0.0.202111181127/tools/bin/../lib/gcc/arm-none-eabi/10.3.1/thumb/v7e-m+fp/hard/crtend.o
LOAD /opt/st/stm32cubeide_1.10.1/plugins/com.st.stm32cube.ide.mcu.externaltools.gnu-tools-for-stm32.10.3-2021.10.linux64_1.0.0.202111181127/tools/bin/../lib/gcc/arm-none-eabi/10.3.1/thumb/v7e-m+fp/hard/crtn.o
                0x0000000020030000                _estack = 0x20030000
                0x0000000000000400                _Min_Heap_Size = 0x400
                0x0000000000001000                _Min_Stack_Size = 0x1000

.isr_vector     0x0000000008000000      0x13c
                0x0000000008000000                . = ALIGN (0x4)
 *(.isr_vector)
 .isr_vector    0x0000000008000000      0x13c ./Application/SW4STM32/startup_stm32wb55xx_cm4.o
                0x0000000008000000                g_pfnVectors
                0x000000000800013c                . = ALIGN (0x4)

.text           0x000000000800013c     0x6658
                0x000000000800013c                . = ALIGN (0x4)
 *(.text)
 .text          0x000000000800013c       0x40 /opt/st/stm32cubeide_1.10.1/plugins/com.st.stm32cube.ide.mcu.externaltools.gnu-tools-for-stm32.10.3-2021.10.linux64_1.0.0.202111181127/tools/bin/../lib/gcc/arm-none-eabi/10.3.1/thumb/v7e-m+fp/hard/crtbegin.o
 *(.text*)
 .text.Reset_Handler
                0x000000000800017c       0x50 ./Application/SW4STM32/startup_stm32wb55xx_cm4.o
                0x000000000800017c                Reset_Handler
 .text.Default_Handler
                0x00000000080001cc        0x2 ./Application/SW4STM32/startup_stm32wb55xx_cm4.o
                0x00000000080001cc                RTC_Alarm_IRQHandler
                0x00000000080001cc                EXTI2_IRQHandler
                0x00000000080001cc                TIM1_CC_IRQHandler
                0x00000000080001cc                TSC_IRQHandler
                0x00000000080001cc                USB_HP_IRQHandler
                0x00000000080001cc                EXTI3_IRQHandler
                0x00000000080001cc                LPTIM2_IRQHandler
                0x00000000080001cc                I2C3_ER_IRQHandler
                0x00000000080001cc                EXTI0_IRQHandler
                0x00000000080001cc                FPU_IRQHandler
                0x00000000080001cc                TIM1_UP_TIM16_IRQHandler
                0x00000000080001cc                UsageFault_Handler
                0x00000000080001cc                AES1_IRQHandler
                0x00000000080001cc                SPI1_IRQHandler
                0x00000000080001cc                PWR_SOTF_BLEACT_802ACT_RFPHASE_IRQHandler
                0x00000000080001cc                DMA2_Channel2_IRQHandler
                0x00000000080001cc                DMA1_Channel4_IRQHandler
                0x00000000080001cc                ADC1_IRQHandler
                0x00000000080001cc                PKA_IRQHandler
                0x00000000080001cc                DMA1_Channel7_IRQHandler
                0x00000000080001cc                LCD_IRQHandler
                0x00000000080001cc                IPCC_C1_TX_IRQHandler
                0x00000000080001cc                DMA2_Channel1_IRQHandler
                0x00000000080001cc                QUADSPI_IRQHandler
                0x00000000080001cc                I2C1_EV_IRQHandler
                0x00000000080001cc                DMAMUX1_OVR_IRQHandler
                0x00000000080001cc                DMA1_Channel6_IRQHandler
                0x00000000080001cc                DMA2_Channel4_IRQHandler
                0x00000000080001cc                RCC_IRQHandler
                0x00000000080001cc                Default_Handler
                0x00000000080001cc                DMA2_Channel7_IRQHandler
                0x00000000080001cc                EXTI15_10_IRQHandler
                0x00000000080001cc                IPCC_C1_RX_IRQHandler
                0x00000000080001cc                C2SEV_PWR_C2H_IRQHandler
                0x00000000080001cc                AES2_IRQHandler
                0x00000000080001cc                I2C3_EV_IRQHandler
                0x00000000080001cc                EXTI9_5_IRQHandler
                0x00000000080001cc                RTC_WKUP_IRQHandler
                0x00000000080001cc                PVD_PVM_IRQHandler
                0x00000000080001cc                SPI2_IRQHandler
                0x00000000080001cc                MemManage_Handler
                0x00000000080001cc                DMA2_Channel5_IRQHandler
                0x00000000080001cc                CRS_IRQHandler
                0x00000000080001cc                DMA1_Channel5_IRQHandler
                0x00000000080001cc                EXTI4_IRQHandler
                0x00000000080001cc                RNG_IRQHandler
                0x00000000080001cc                TIM1_TRG_COM_TIM17_IRQHandler
                0x00000000080001cc                TAMP_STAMP_LSECSS_IRQHandler
                0x00000000080001cc                DMA1_Channel3_IRQHandler
                0x00000000080001cc                COMP_IRQHandler
                0x00000000080001cc                HSEM_IRQHandler
                0x00000000080001cc                WWDG_IRQHandler
                0x00000000080001cc                LPUART1_IRQHandler
                0x00000000080001cc                DMA2_Channel6_IRQHandler
                0x00000000080001cc                TIM2_IRQHandler
                0x00000000080001cc                TIM1_BRK_IRQHandler
                0x00000000080001cc                EXTI1_IRQHandler
                0x00000000080001cc                DMA1_Channel2_IRQHandler
                0x00000000080001cc                FLASH_IRQHandler
                0x00000000080001cc                BusFault_Handler
                0x00000000080001cc                USART1_IRQHandler
                0x00000000080001cc                I2C1_ER_IRQHandler
                0x00000000080001cc                LPTIM1_IRQHandler
                0x00000000080001cc                SAI1_IRQHandler
                0x00000000080001cc                DMA2_Channel3_IRQHandler
 *fill*         0x00000000080001ce        0x2 
 .text._sbrk    0x00000000080001d0       0x34 ./Application/SW4STM32/syscalls.o
                0x00000000080001d0                _sbrk
 .text.AudioProcessHalf
                0x0000000008000204       0x10 ./Application/User/audio_application.o
                0x0000000008000204                AudioProcessHalf
 .text.AMICAM1_AUDIO_IN_HalfTransfer_CallBack
                0x0000000008000214        0x4 ./Application/User/audio_application.o
                0x0000000008000214                AMICAM1_AUDIO_IN_HalfTransfer_CallBack
 .text.AudioProcessFull
                0x0000000008000218       0x10 ./Application/User/audio_application.o
                0x0000000008000218                AudioProcessFull
 .text.AMICAM1_AUDIO_IN_TransferComplete_CallBack
                0x0000000008000228        0x4 ./Application/User/audio_application.o
                0x0000000008000228                AMICAM1_AUDIO_IN_TransferComplete_CallBack
 .text.Init_Acquisition_Peripherals
                0x000000000800022c       0x34 ./Application/User/audio_application.o
                0x000000000800022c                Init_Acquisition_Peripherals
 .text.Start_Acquisition
                0x0000000008000260       0x18 ./Application/User/audio_application.o
                0x0000000008000260                Start_Acquisition
 .text.SystemClock_Config
                0x0000000008000278       0xf0 ./Application/User/cube_hal_wb.o
                0x0000000008000278                SystemClock_Config
 .text.startup.main
                0x0000000008000368       0x58 ./Application/User/main.o
                0x0000000008000368                main
 .text.BSP_SPI1_DeInit
                0x00000000080003c0       0x3c ./Application/User/nucleo_wb55_bus.c.o
                0x00000000080003c0                BSP_SPI1_DeInit
 .text.BSP_SPI1_Send
                0x00000000080003fc       0x20 ./Application/User/nucleo_wb55_bus.c.o
                0x00000000080003fc                BSP_SPI1_Send
 .text.BSP_SPI1_SendRecv
                0x000000000800041c       0x28 ./Application/User/nucleo_wb55_bus.c.o
                0x000000000800041c                BSP_SPI1_SendRecv
 .text.BSP_GetTick
                0x0000000008000444        0x4 ./Application/User/nucleo_wb55_bus.c.o
                0x0000000008000444                BSP_GetTick
 .text.MX_SPI1_Init
                0x0000000008000448       0x44 ./Application/User/nucleo_wb55_bus.c.o
                0x0000000008000448                MX_SPI1_Init
 .text.BSP_SPI1_Init
                0x000000000800048c       0x80 ./Application/User/nucleo_wb55_bus.c.o
                0x000000000800048c                BSP_SPI1_Init
 .text.NMI_Handler
                0x000000000800050c        0x2 ./Application/User/stm32xx_it.o
                0x000000000800050c                NMI_Handler
 .text.HardFault_Handler
                0x000000000800050e        0x2 ./Application/User/stm32xx_it.o
                0x000000000800050e                HardFault_Handler
 .text.SVC_Handler
                0x0000000008000510        0x2 ./Application/User/stm32xx_it.o
                0x0000000008000510                SVC_Handler
 .text.DebugMon_Handler
                0x0000000008000512        0x2 ./Application/User/stm32xx_it.o
                0x0000000008000512                DebugMon_Handler
 .text.PendSV_Handler
                0x0000000008000514        0x2 ./Application/User/stm32xx_it.o
                0x0000000008000514                PendSV_Handler
 .text.SysTick_Handler
                0x0000000008000516        0x4 ./Application/User/stm32xx_it.o
                0x0000000008000516                SysTick_Handler
 *fill*         0x000000000800051a        0x2 
 .text.USB_LP_IRQHandler
                0x000000000800051c        0xc ./Application/User/stm32xx_it.o
                0x000000000800051c                USB_LP_IRQHandler
 .text.DMA1_Channel1_IRQHandler
                0x0000000008000528       0x10 ./Application/User/stm32xx_it.o
                0x0000000008000528                DMA1_Channel1_IRQHandler
 .text.Audio_Init
                0x0000000008000538        0x4 ./Application/User/usbd_audio_if.o
 .text.Audio_DeInit
                0x000000000800053c        0x4 ./Application/User/usbd_audio_if.o
 .text.Audio_Record
                0x0000000008000540        0x4 ./Application/User/usbd_audio_if.o
 .text.Audio_MuteCtl
                0x0000000008000544        0x4 ./Application/User/usbd_audio_if.o
 .text.Audio_VolumeCtl
                0x0000000008000548       0x40 ./Application/User/usbd_audio_if.o
 .text.Audio_CommandMgr
                0x0000000008000588        0x4 ./Application/User/usbd_audio_if.o
 .text.Audio_Stop
                0x000000000800058c        0x4 ./Application/User/usbd_audio_if.o
 .text.Audio_Pause
                0x0000000008000590        0x4 ./Application/User/usbd_audio_if.o
 .text.Audio_Resume
                0x0000000008000594        0x4 ./Application/User/usbd_audio_if.o
 .text.Send_Audio_to_USB
                0x0000000008000598       0x10 ./Application/User/usbd_audio_if.o
                0x0000000008000598                Send_Audio_to_USB
 .text.HAL_PCD_MspInit
                0x00000000080005a8       0x84 ./Application/User/usbd_conf.o
                0x00000000080005a8                HAL_PCD_MspInit
 .text.HAL_PCD_SetupStageCallback
                0x000000000800062c        0xc ./Application/User/usbd_conf.o
                0x000000000800062c                HAL_PCD_SetupStageCallback
 .text.HAL_PCD_DataOutStageCallback
                0x0000000008000638       0x12 ./Application/User/usbd_conf.o
                0x0000000008000638                HAL_PCD_DataOutStageCallback
 .text.HAL_PCD_DataInStageCallback
                0x000000000800064a       0x10 ./Application/User/usbd_conf.o
                0x000000000800064a                HAL_PCD_DataInStageCallback
 .text.HAL_PCD_SOFCallback
                0x000000000800065a        0x8 ./Application/User/usbd_conf.o
                0x000000000800065a                HAL_PCD_SOFCallback
 .text.HAL_PCD_ResetCallback
                0x0000000008000662       0x1a ./Application/User/usbd_conf.o
                0x0000000008000662                HAL_PCD_ResetCallback
 .text.HAL_PCD_SuspendCallback
                0x000000000800067c       0x1e ./Application/User/usbd_conf.o
                0x000000000800067c                HAL_PCD_SuspendCallback
 *fill*         0x000000000800069a        0x2 
 .text.HAL_PCD_ResumeCallback
                0x000000000800069c       0x9c ./Application/User/usbd_conf.o
                0x000000000800069c                HAL_PCD_ResumeCallback
 .text.USBD_LL_Init
                0x0000000008000738       0x64 ./Application/User/usbd_conf.o
                0x0000000008000738                USBD_LL_Init
 .text.USBD_LL_Start
                0x000000000800079c        0xe ./Application/User/usbd_conf.o
                0x000000000800079c                USBD_LL_Start
 .text.USBD_LL_OpenEP
                0x00000000080007aa       0x14 ./Application/User/usbd_conf.o
                0x00000000080007aa                USBD_LL_OpenEP
 .text.USBD_LL_CloseEP
                0x00000000080007be        0xe ./Application/User/usbd_conf.o
                0x00000000080007be                USBD_LL_CloseEP
 .text.USBD_LL_FlushEP
                0x00000000080007cc        0xe ./Application/User/usbd_conf.o
                0x00000000080007cc                USBD_LL_FlushEP
 .text.USBD_LL_StallEP
                0x00000000080007da        0xe ./Application/User/usbd_conf.o
                0x00000000080007da                USBD_LL_StallEP
 .text.USBD_LL_ClearStallEP
                0x00000000080007e8        0xe ./Application/User/usbd_conf.o
                0x00000000080007e8                USBD_LL_ClearStallEP
 .text.USBD_LL_IsStallEP
                0x00000000080007f6       0x26 ./Application/User/usbd_conf.o
                0x00000000080007f6                USBD_LL_IsStallEP
 .text.USBD_LL_SetUSBAddress
                0x000000000800081c        0xe ./Application/User/usbd_conf.o
                0x000000000800081c                USBD_LL_SetUSBAddress
 .text.USBD_LL_Transmit
                0x000000000800082a        0xe ./Application/User/usbd_conf.o
                0x000000000800082a                USBD_LL_Transmit
 .text.USBD_LL_PrepareReceive
                0x0000000008000838        0xe ./Application/User/usbd_conf.o
                0x0000000008000838                USBD_LL_PrepareReceive
 *fill*         0x0000000008000846        0x2 
 .text.USBD_AUDIO_DeviceDescriptor
                0x0000000008000848        0xc ./Application/User/usbd_desc.o
                0x0000000008000848                USBD_AUDIO_DeviceDescriptor
 .text.USBD_AUDIO_LangIDStrDescriptor
                0x0000000008000854        0xc ./Application/User/usbd_desc.o
                0x0000000008000854                USBD_AUDIO_LangIDStrDescriptor
 .text.USBD_AUDIO_ManufacturerStrDescriptor
                0x0000000008000860       0x1c ./Application/User/usbd_desc.o
                0x0000000008000860                USBD_AUDIO_ManufacturerStrDescriptor
 .text.USBD_AUDIO_ProductStrDescriptor
                0x000000000800087c       0x24 ./Application/User/usbd_desc.o
                0x000000000800087c                USBD_AUDIO_ProductStrDescriptor
 .text.USBD_AUDIO_SerialStrDescriptor
                0x00000000080008a0       0x24 ./Application/User/usbd_desc.o
                0x00000000080008a0                USBD_AUDIO_SerialStrDescriptor
 .text.USBD_AUDIO_ConfigStrDescriptor
                0x00000000080008c4       0x1c ./Application/User/usbd_desc.o
                0x00000000080008c4                USBD_AUDIO_ConfigStrDescriptor
 .text.USBD_AUDIO_InterfaceStrDescriptor
                0x00000000080008e0       0x1c ./Application/User/usbd_desc.o
                0x00000000080008e0                USBD_AUDIO_InterfaceStrDescriptor
 .text.AD1974_ReadID
                0x00000000080008fc        0x4 ./Drivers/BSP/Components/ad1974.o
                0x00000000080008fc                AD1974_ReadID
 .text.AD1974_SetVolume
                0x0000000008000900        0x6 ./Drivers/BSP/Components/ad1974.o
                0x0000000008000900                AD1974_SetVolume
 .text.AD1974_SetOutputMode
                0x0000000008000906        0x6 ./Drivers/BSP/Components/ad1974.o
                0x0000000008000906                AD1974_SetOutputMode
 .text.AD1974_SetProtocol
                0x000000000800090c        0x6 ./Drivers/BSP/Components/ad1974.o
                0x000000000800090c                AD1974_SetProtocol
 .text.AD1974_GetProtocol
                0x0000000008000912        0x6 ./Drivers/BSP/Components/ad1974.o
                0x0000000008000912                AD1974_GetProtocol
 .text.AD1974_GetVolume
                0x0000000008000918        0x6 ./Drivers/BSP/Components/ad1974.o
                0x0000000008000918                AD1974_GetVolume
 .text.AD1974_GetFrequency
                0x000000000800091e        0x6 ./Drivers/BSP/Components/ad1974.o
                0x000000000800091e                AD1974_GetFrequency
 .text.ReadRegWrap
                0x0000000008000924        0xe ./Drivers/BSP/Components/ad1974.o
 .text.WriteRegWrap
                0x0000000008000932        0xe ./Drivers/BSP/Components/ad1974.o
 .text.AD1974_Reset
                0x0000000008000940       0x28 ./Drivers/BSP/Components/ad1974.o
                0x0000000008000940                AD1974_Reset
 .text.AD1974_SetMute
                0x0000000008000968       0x46 ./Drivers/BSP/Components/ad1974.o
                0x0000000008000968                AD1974_SetMute
 .text.AD1974_Play
                0x00000000080009ae       0x56 ./Drivers/BSP/Components/ad1974.o
                0x00000000080009ae                AD1974_Play
 .text.AD1974_Pause
                0x0000000008000a04       0x20 ./Drivers/BSP/Components/ad1974.o
                0x0000000008000a04                AD1974_Pause
 .text.AD1974_Resume
                0x0000000008000a24       0x20 ./Drivers/BSP/Components/ad1974.o
                0x0000000008000a24                AD1974_Resume
 .text.AD1974_Stop
                0x0000000008000a44       0x20 ./Drivers/BSP/Components/ad1974.o
                0x0000000008000a44                AD1974_Stop
 .text.AD1974_SetResolution
                0x0000000008000a64       0x26 ./Drivers/BSP/Components/ad1974.o
                0x0000000008000a64                AD1974_SetResolution
 .text.AD1974_GetResolution
                0x0000000008000a8a       0x20 ./Drivers/BSP/Components/ad1974.o
                0x0000000008000a8a                AD1974_GetResolution
 .text.AD1974_DeInit
                0x0000000008000aaa       0x24 ./Drivers/BSP/Components/ad1974.o
                0x0000000008000aaa                AD1974_DeInit
 *fill*         0x0000000008000ace        0x2 
 .text.AD1974_SetFrequency
                0x0000000008000ad0       0x44 ./Drivers/BSP/Components/ad1974.o
                0x0000000008000ad0                AD1974_SetFrequency
 .text.AD1974_Init
                0x0000000008000b14       0xb2 ./Drivers/BSP/Components/ad1974.o
                0x0000000008000b14                AD1974_Init
 *fill*         0x0000000008000bc6        0x2 
 .text.AD1974_RegisterBusIO
                0x0000000008000bc8       0x3c ./Drivers/BSP/Components/ad1974.o
                0x0000000008000bc8                AD1974_RegisterBusIO
 .text.ad1974_read_reg
                0x0000000008000c04        0xe ./Drivers/BSP/Components/ad1974_reg.o
                0x0000000008000c04                ad1974_read_reg
 .text.ad1974_write_reg
                0x0000000008000c12        0xe ./Drivers/BSP/Components/ad1974_reg.o
                0x0000000008000c12                ad1974_write_reg
 .text.ad1974_pll_power_down_set
                0x0000000008000c20       0x2e ./Drivers/BSP/Components/ad1974_reg.o
                0x0000000008000c20                ad1974_pll_power_down_set
 .text.ad1974_pll_mclk_in_rate_set
                0x0000000008000c4e       0x2e ./Drivers/BSP/Components/ad1974_reg.o
                0x0000000008000c4e                ad1974_pll_mclk_in_rate_set
 .text.ad1974_pll_mclk_out_rate_set
                0x0000000008000c7c       0x2e ./Drivers/BSP/Components/ad1974_reg.o
                0x0000000008000c7c                ad1974_pll_mclk_out_rate_set
 .text.ad1974_pll_input_set
                0x0000000008000caa       0x2e ./Drivers/BSP/Components/ad1974_reg.o
                0x0000000008000caa                ad1974_pll_input_set
 .text.ad1974_internal_mclk_enable_set
                0x0000000008000cd8       0x2e ./Drivers/BSP/Components/ad1974_reg.o
                0x0000000008000cd8                ad1974_internal_mclk_enable_set
 .text.ad1974_auxport_clk_sel_set
                0x0000000008000d06       0x2e ./Drivers/BSP/Components/ad1974_reg.o
                0x0000000008000d06                ad1974_auxport_clk_sel_set
 .text.ad1974_adc_clk_sel_set
                0x0000000008000d34       0x2e ./Drivers/BSP/Components/ad1974_reg.o
                0x0000000008000d34                ad1974_adc_clk_sel_set
 .text.ad1974_pll_lock_get
                0x0000000008000d62       0x1c ./Drivers/BSP/Components/ad1974_reg.o
                0x0000000008000d62                ad1974_pll_lock_get
 .text.ad1974_power_down_set
                0x0000000008000d7e       0x2e ./Drivers/BSP/Components/ad1974_reg.o
                0x0000000008000d7e                ad1974_power_down_set
 .text.ad1974_hpf_enable_set
                0x0000000008000dac       0x2e ./Drivers/BSP/Components/ad1974_reg.o
                0x0000000008000dac                ad1974_hpf_enable_set
 .text.ad1974_adc1l_mute_set
                0x0000000008000dda       0x2e ./Drivers/BSP/Components/ad1974_reg.o
                0x0000000008000dda                ad1974_adc1l_mute_set
 .text.ad1974_adc1r_mute_set
                0x0000000008000e08       0x2e ./Drivers/BSP/Components/ad1974_reg.o
                0x0000000008000e08                ad1974_adc1r_mute_set
 .text.ad1974_adc2l_mute_set
                0x0000000008000e36       0x2e ./Drivers/BSP/Components/ad1974_reg.o
                0x0000000008000e36                ad1974_adc2l_mute_set
 .text.ad1974_adc2r_mute_set
                0x0000000008000e64       0x2e ./Drivers/BSP/Components/ad1974_reg.o
                0x0000000008000e64                ad1974_adc2r_mute_set
 .text.ad1974_out_rate_set
                0x0000000008000e92       0x2e ./Drivers/BSP/Components/ad1974_reg.o
                0x0000000008000e92                ad1974_out_rate_set
 .text.ad1974_word_width_set
                0x0000000008000ec0       0x2e ./Drivers/BSP/Components/ad1974_reg.o
                0x0000000008000ec0                ad1974_word_width_set
 .text.ad1974_word_width_get
                0x0000000008000eee       0x3a ./Drivers/BSP/Components/ad1974_reg.o
                0x0000000008000eee                ad1974_word_width_get
 .text.ad1974_serial_format_set
                0x0000000008000f28       0x2e ./Drivers/BSP/Components/ad1974_reg.o
                0x0000000008000f28                ad1974_serial_format_set
 .text.LL_AHB2_GRP1_EnableClock
                0x0000000008000f56       0x18 ./Drivers/BSP/X-NUCLEO-AMICAM1/amicam1_audio.o
 *fill*         0x0000000008000f6e        0x2 
 .text.BSP_AD1974_WriteReg
                0x0000000008000f70       0x58 ./Drivers/BSP/X-NUCLEO-AMICAM1/amicam1_audio.o
 .text.BSP_AD1974_ReadReg
                0x0000000008000fc8       0x60 ./Drivers/BSP/X-NUCLEO-AMICAM1/amicam1_audio.o
 .text.BSP_AD1974_DeInit
                0x0000000008001028       0x18 ./Drivers/BSP/X-NUCLEO-AMICAM1/amicam1_audio.o
 .text.BSP_AD1974_Init
                0x0000000008001040       0x3c ./Drivers/BSP/X-NUCLEO-AMICAM1/amicam1_audio.o
 .text.AMICAM1_AUDIO_IN_Record
                0x000000000800107c       0x94 ./Drivers/BSP/X-NUCLEO-AMICAM1/amicam1_audio.o
                0x000000000800107c                AMICAM1_AUDIO_IN_Record
 .text.AMICAM1_AUDIO_IN_SetVolume
                0x0000000008001110       0x1c ./Drivers/BSP/X-NUCLEO-AMICAM1/amicam1_audio.o
                0x0000000008001110                AMICAM1_AUDIO_IN_SetVolume
 .text.HAL_SAI_ErrorCallback
                0x000000000800112c        0x2 ./Drivers/BSP/X-NUCLEO-AMICAM1/amicam1_audio.o
                0x000000000800112c                HAL_SAI_ErrorCallback
 *fill*         0x000000000800112e        0x2 
 .text.HAL_SAI_RxCpltCallback
                0x0000000008001130       0x34 ./Drivers/BSP/X-NUCLEO-AMICAM1/amicam1_audio.o
                0x0000000008001130                HAL_SAI_RxCpltCallback
 .text.HAL_SAI_RxHalfCpltCallback
                0x0000000008001164       0x30 ./Drivers/BSP/X-NUCLEO-AMICAM1/amicam1_audio.o
                0x0000000008001164                HAL_SAI_RxHalfCpltCallback
 .text.MX_SAI_ClockConfig
                0x0000000008001194       0x3a ./Drivers/BSP/X-NUCLEO-AMICAM1/amicam1_audio.o
                0x0000000008001194                MX_SAI_ClockConfig
 .text.MX_SAI_Init
                0x00000000080011ce       0x6e ./Drivers/BSP/X-NUCLEO-AMICAM1/amicam1_audio.o
                0x00000000080011ce                MX_SAI_Init
 .text.AMICAM1_AUDIO_IN_Init
                0x000000000800123c      0x270 ./Drivers/BSP/X-NUCLEO-AMICAM1/amicam1_audio.o
                0x000000000800123c                AMICAM1_AUDIO_IN_Init
 .text.SystemInit
                0x00000000080014ac       0x68 ./Drivers/CMSIS/system_stm32wbxx.o
                0x00000000080014ac                SystemInit
 .text.HAL_MspInit
                0x0000000008001514        0x2 ./Drivers/STM32WBxx_HAL_Driver/stm32wbxx_hal.o
                0x0000000008001514                HAL_MspInit
 *fill*         0x0000000008001516        0x2 
 .text.HAL_InitTick
                0x0000000008001518       0x44 ./Drivers/STM32WBxx_HAL_Driver/stm32wbxx_hal.o
                0x0000000008001518                HAL_InitTick
 .text.HAL_Init
                0x000000000800155c       0x1e ./Drivers/STM32WBxx_HAL_Driver/stm32wbxx_hal.o
                0x000000000800155c                HAL_Init
 *fill*         0x000000000800157a        0x2 
 .text.HAL_IncTick
                0x000000000800157c       0x18 ./Drivers/STM32WBxx_HAL_Driver/stm32wbxx_hal.o
                0x000000000800157c                HAL_IncTick
 .text.HAL_GetTick
                0x0000000008001594        0xc ./Drivers/STM32WBxx_HAL_Driver/stm32wbxx_hal.o
                0x0000000008001594                HAL_GetTick
 .text.HAL_GetTickPrio
                0x00000000080015a0        0xc ./Drivers/STM32WBxx_HAL_Driver/stm32wbxx_hal.o
                0x00000000080015a0                HAL_GetTickPrio
 .text.HAL_NVIC_SetPriorityGrouping
                0x00000000080015ac       0x24 ./Drivers/STM32WBxx_HAL_Driver/stm32wbxx_hal_cortex.o
                0x00000000080015ac                HAL_NVIC_SetPriorityGrouping
 .text.HAL_NVIC_SetPriority
                0x00000000080015d0       0x64 ./Drivers/STM32WBxx_HAL_Driver/stm32wbxx_hal_cortex.o
                0x00000000080015d0                HAL_NVIC_SetPriority
 .text.HAL_NVIC_EnableIRQ
                0x0000000008001634       0x1c ./Drivers/STM32WBxx_HAL_Driver/stm32wbxx_hal_cortex.o
                0x0000000008001634                HAL_NVIC_EnableIRQ
 .text.HAL_SYSTICK_Config
                0x0000000008001650       0x28 ./Drivers/STM32WBxx_HAL_Driver/stm32wbxx_hal_cortex.o
                0x0000000008001650                HAL_SYSTICK_Config
 .text.HAL_SYSTICK_CLKSourceConfig
                0x0000000008001678       0x16 ./Drivers/STM32WBxx_HAL_Driver/stm32wbxx_hal_cortex.o
                0x0000000008001678                HAL_SYSTICK_CLKSourceConfig
 .text.DMA_SetConfig
                0x000000000800168e       0x34 ./Drivers/STM32WBxx_HAL_Driver/stm32wbxx_hal_dma.o
 *fill*         0x00000000080016c2        0x2 
 .text.DMA_CalcDMAMUXChannelBaseAndMask
                0x00000000080016c4       0x48 ./Drivers/STM32WBxx_HAL_Driver/stm32wbxx_hal_dma.o
 .text.HAL_DMA_Init
                0x000000000800170c       0xe8 ./Drivers/STM32WBxx_HAL_Driver/stm32wbxx_hal_dma.o
                0x000000000800170c                HAL_DMA_Init
 .text.HAL_DMA_DeInit
                0x00000000080017f4       0xb0 ./Drivers/STM32WBxx_HAL_Driver/stm32wbxx_hal_dma.o
                0x00000000080017f4                HAL_DMA_DeInit
 .text.HAL_DMA_Start_IT
                0x00000000080018a4       0x84 ./Drivers/STM32WBxx_HAL_Driver/stm32wbxx_hal_dma.o
                0x00000000080018a4                HAL_DMA_Start_IT
 .text.HAL_DMA_IRQHandler
                0x0000000008001928       0x94 ./Drivers/STM32WBxx_HAL_Driver/stm32wbxx_hal_dma.o
                0x0000000008001928                HAL_DMA_IRQHandler
 .text.HAL_GPIO_Init
                0x00000000080019bc      0x16c ./Drivers/STM32WBxx_HAL_Driver/stm32wbxx_hal_gpio.o
                0x00000000080019bc                HAL_GPIO_Init
 .text.HAL_GPIO_DeInit
                0x0000000008001b28       0xfc ./Drivers/STM32WBxx_HAL_Driver/stm32wbxx_hal_gpio.o
                0x0000000008001b28                HAL_GPIO_DeInit
 .text.HAL_GPIO_WritePin
                0x0000000008001c24        0xa ./Drivers/STM32WBxx_HAL_Driver/stm32wbxx_hal_gpio.o
                0x0000000008001c24                HAL_GPIO_WritePin
 .text.HAL_PCD_Init
                0x0000000008001c2e       0xc2 ./Drivers/STM32WBxx_HAL_Driver/stm32wbxx_hal_pcd.o
                0x0000000008001c2e                HAL_PCD_Init
 .text.HAL_PCD_Start
                0x0000000008001cf0       0x2a ./Drivers/STM32WBxx_HAL_Driver/stm32wbxx_hal_pcd.o
                0x0000000008001cf0                HAL_PCD_Start
 .text.HAL_PCD_SetAddress
                0x0000000008001d1a       0x28 ./Drivers/STM32WBxx_HAL_Driver/stm32wbxx_hal_pcd.o
                0x0000000008001d1a                HAL_PCD_SetAddress
 *fill*         0x0000000008001d42        0x2 
 .text.HAL_PCD_IRQHandler
                0x0000000008001d44      0x9e8 ./Drivers/STM32WBxx_HAL_Driver/stm32wbxx_hal_pcd.o
                0x0000000008001d44                HAL_PCD_IRQHandler
 .text.HAL_PCD_EP_Open
                0x000000000800272c       0x6c ./Drivers/STM32WBxx_HAL_Driver/stm32wbxx_hal_pcd.o
                0x000000000800272c                HAL_PCD_EP_Open
 .text.HAL_PCD_EP_Close
                0x0000000008002798       0x5a ./Drivers/STM32WBxx_HAL_Driver/stm32wbxx_hal_pcd.o
                0x0000000008002798                HAL_PCD_EP_Close
 .text.HAL_PCD_EP_Receive
                0x00000000080027f2       0x2c ./Drivers/STM32WBxx_HAL_Driver/stm32wbxx_hal_pcd.o
                0x00000000080027f2                HAL_PCD_EP_Receive
 .text.HAL_PCD_EP_Transmit
                0x000000000800281e       0x3e ./Drivers/STM32WBxx_HAL_Driver/stm32wbxx_hal_pcd.o
                0x000000000800281e                HAL_PCD_EP_Transmit
 .text.HAL_PCD_EP_SetStall
                0x000000000800285c       0x64 ./Drivers/STM32WBxx_HAL_Driver/stm32wbxx_hal_pcd.o
                0x000000000800285c                HAL_PCD_EP_SetStall
 .text.HAL_PCD_EP_ClrStall
                0x00000000080028c0       0x6c ./Drivers/STM32WBxx_HAL_Driver/stm32wbxx_hal_pcd.o
                0x00000000080028c0                HAL_PCD_EP_ClrStall
 .text.HAL_PCD_EP_Flush
                0x000000000800292c        0x4 ./Drivers/STM32WBxx_HAL_Driver/stm32wbxx_hal_pcd.o
                0x000000000800292c                HAL_PCD_EP_Flush
 .text.HAL_PCDEx_PMAConfig
                0x0000000008002930       0x38 ./Drivers/STM32WBxx_HAL_Driver/stm32wbxx_hal_pcd_ex.o
                0x0000000008002930                HAL_PCDEx_PMAConfig
 .text.HAL_PCDEx_ActivateLPM
                0x0000000008002968       0x2e ./Drivers/STM32WBxx_HAL_Driver/stm32wbxx_hal_pcd_ex.o
                0x0000000008002968                HAL_PCDEx_ActivateLPM
 .text.HAL_PCDEx_LPM_Callback
                0x0000000008002996        0x2 ./Drivers/STM32WBxx_HAL_Driver/stm32wbxx_hal_pcd_ex.o
                0x0000000008002996                HAL_PCDEx_LPM_Callback
 .text.HAL_PWR_EnableBkUpAccess
                0x0000000008002998       0x10 ./Drivers/STM32WBxx_HAL_Driver/stm32wbxx_hal_pwr.o
                0x0000000008002998                HAL_PWR_EnableBkUpAccess
 .text.HAL_PWR_EnterSTOPMode
                0x00000000080029a8       0x12 ./Drivers/STM32WBxx_HAL_Driver/stm32wbxx_hal_pwr.o
                0x00000000080029a8                HAL_PWR_EnterSTOPMode
 *fill*         0x00000000080029ba        0x2 
 .text.HAL_PWREx_GetVoltageRange
                0x00000000080029bc       0x10 ./Drivers/STM32WBxx_HAL_Driver/stm32wbxx_hal_pwr_ex.o
                0x00000000080029bc                HAL_PWREx_GetVoltageRange
 .text.HAL_PWREx_EnableVddUSB
                0x00000000080029cc       0x10 ./Drivers/STM32WBxx_HAL_Driver/stm32wbxx_hal_pwr_ex.o
                0x00000000080029cc                HAL_PWREx_EnableVddUSB
 .text.HAL_PWREx_EnterSTOP0Mode
                0x00000000080029dc       0x34 ./Drivers/STM32WBxx_HAL_Driver/stm32wbxx_hal_pwr_ex.o
                0x00000000080029dc                HAL_PWREx_EnterSTOP0Mode
 .text.HAL_PWREx_EnterSTOP1Mode
                0x0000000008002a10       0x38 ./Drivers/STM32WBxx_HAL_Driver/stm32wbxx_hal_pwr_ex.o
                0x0000000008002a10                HAL_PWREx_EnterSTOP1Mode
 .text.LL_RCC_LSI1_IsReady
                0x0000000008002a48        0xe ./Drivers/STM32WBxx_HAL_Driver/stm32wbxx_hal_rcc.o
 .text.LL_RCC_MSI_IsReady
                0x0000000008002a56        0xc ./Drivers/STM32WBxx_HAL_Driver/stm32wbxx_hal_rcc.o
 .text.LL_RCC_MSI_SetRange
                0x0000000008002a62       0x10 ./Drivers/STM32WBxx_HAL_Driver/stm32wbxx_hal_rcc.o
 .text.LL_RCC_MSI_SetCalibTrimming
                0x0000000008002a72       0x12 ./Drivers/STM32WBxx_HAL_Driver/stm32wbxx_hal_rcc.o
 .text.RCC_SetFlashLatencyFromMSIRange
                0x0000000008002a84       0xe8 ./Drivers/STM32WBxx_HAL_Driver/stm32wbxx_hal_rcc.o
 .text.HAL_RCC_GetSysClockFreq
                0x0000000008002b6c       0xa4 ./Drivers/STM32WBxx_HAL_Driver/stm32wbxx_hal_rcc.o
                0x0000000008002b6c                HAL_RCC_GetSysClockFreq
 .text.HAL_RCC_GetHCLKFreq
                0x0000000008002c10       0x20 ./Drivers/STM32WBxx_HAL_Driver/stm32wbxx_hal_rcc.o
                0x0000000008002c10                HAL_RCC_GetHCLKFreq
 .text.HAL_RCC_OscConfig
                0x0000000008002c30      0x590 ./Drivers/STM32WBxx_HAL_Driver/stm32wbxx_hal_rcc.o
                0x0000000008002c30                HAL_RCC_OscConfig
 .text.HAL_RCC_ClockConfig
                0x00000000080031c0      0x200 ./Drivers/STM32WBxx_HAL_Driver/stm32wbxx_hal_rcc.o
                0x00000000080031c0                HAL_RCC_ClockConfig
 .text.LL_RCC_HSE_IsEnabledDiv2
                0x00000000080033c0        0xc ./Drivers/STM32WBxx_HAL_Driver/stm32wbxx_hal_rcc_ex.o
 .text.LL_RCC_HSI_IsReady
                0x00000000080033cc        0xc ./Drivers/STM32WBxx_HAL_Driver/stm32wbxx_hal_rcc_ex.o
 .text.LL_RCC_LSE_IsReady
                0x00000000080033d8        0xe ./Drivers/STM32WBxx_HAL_Driver/stm32wbxx_hal_rcc_ex.o
 .text.LL_RCC_LSI1_IsReady
                0x00000000080033e6        0xe ./Drivers/STM32WBxx_HAL_Driver/stm32wbxx_hal_rcc_ex.o
 .text.LL_RCC_LSI2_IsReady
                0x00000000080033f4        0xe ./Drivers/STM32WBxx_HAL_Driver/stm32wbxx_hal_rcc_ex.o
 .text.LL_RCC_MSI_GetRange
                0x0000000008003402       0x12 ./Drivers/STM32WBxx_HAL_Driver/stm32wbxx_hal_rcc_ex.o
 .text.LL_RCC_SetI2CClockSource
                0x0000000008003414       0x20 ./Drivers/STM32WBxx_HAL_Driver/stm32wbxx_hal_rcc_ex.o
 .text.LL_RCC_PLL_IsReady
                0x0000000008003434        0xc ./Drivers/STM32WBxx_HAL_Driver/stm32wbxx_hal_rcc_ex.o
 .text.LL_RCC_PLLSAI1_Enable
                0x0000000008003440        0xe ./Drivers/STM32WBxx_HAL_Driver/stm32wbxx_hal_rcc_ex.o
 .text.LL_RCC_PLLSAI1_Disable
                0x000000000800344e        0xe ./Drivers/STM32WBxx_HAL_Driver/stm32wbxx_hal_rcc_ex.o
 .text.LL_RCC_PLLSAI1_IsReady
                0x000000000800345c        0xc ./Drivers/STM32WBxx_HAL_Driver/stm32wbxx_hal_rcc_ex.o
 .text.RCC_PLL_GetFreqDomain_Q
                0x0000000008003468       0x68 ./Drivers/STM32WBxx_HAL_Driver/stm32wbxx_hal_rcc_ex.o
 .text.RCC_PLL_GetFreqDomain_P
                0x00000000080034d0       0x68 ./Drivers/STM32WBxx_HAL_Driver/stm32wbxx_hal_rcc_ex.o
 .text.RCC_PLLSAI1_GetFreqDomain_Q
                0x0000000008003538       0x68 ./Drivers/STM32WBxx_HAL_Driver/stm32wbxx_hal_rcc_ex.o
 .text.HAL_RCCEx_PeriphCLKConfig
                0x00000000080035a0      0x38a ./Drivers/STM32WBxx_HAL_Driver/stm32wbxx_hal_rcc_ex.o
                0x00000000080035a0                HAL_RCCEx_PeriphCLKConfig
 .text.HAL_RCCEx_GetRngCLKSource
                0x000000000800392a       0x1c ./Drivers/STM32WBxx_HAL_Driver/stm32wbxx_hal_rcc_ex.o
                0x000000000800392a                HAL_RCCEx_GetRngCLKSource
 .text.HAL_RCCEx_GetPeriphCLKConfig
                0x0000000008003946       0xcc ./Drivers/STM32WBxx_HAL_Driver/stm32wbxx_hal_rcc_ex.o
                0x0000000008003946                HAL_RCCEx_GetPeriphCLKConfig
 *fill*         0x0000000008003a12        0x2 
 .text.HAL_RCCEx_GetPeriphCLKFreq
                0x0000000008003a14      0x490 ./Drivers/STM32WBxx_HAL_Driver/stm32wbxx_hal_rcc_ex.o
                0x0000000008003a14                HAL_RCCEx_GetPeriphCLKFreq
 .text.SAI_InterruptFlag
                0x0000000008003ea4       0x2c ./Drivers/STM32WBxx_HAL_Driver/stm32wbxx_hal_sai.o
 .text.SAI_Disable
                0x0000000008003ed0       0x40 ./Drivers/STM32WBxx_HAL_Driver/stm32wbxx_hal_sai.o
 .text.HAL_SAI_MspInit
                0x0000000008003f10        0x2 ./Drivers/STM32WBxx_HAL_Driver/stm32wbxx_hal_sai.o
                0x0000000008003f10                HAL_SAI_MspInit
 *fill*         0x0000000008003f12        0x2 
 .text.HAL_SAI_Init
                0x0000000008003f14      0x1dc ./Drivers/STM32WBxx_HAL_Driver/stm32wbxx_hal_sai.o
                0x0000000008003f14                HAL_SAI_Init
 .text.HAL_SAI_InitProtocol
                0x00000000080040f0      0x126 ./Drivers/STM32WBxx_HAL_Driver/stm32wbxx_hal_sai.o
                0x00000000080040f0                HAL_SAI_InitProtocol
 *fill*         0x0000000008004216        0x2 
 .text.HAL_SAI_Receive_DMA
                0x0000000008004218       0xa8 ./Drivers/STM32WBxx_HAL_Driver/stm32wbxx_hal_sai.o
                0x0000000008004218                HAL_SAI_Receive_DMA
 .text.SAI_DMARxCplt
                0x00000000080042c0       0x36 ./Drivers/STM32WBxx_HAL_Driver/stm32wbxx_hal_sai.o
 .text.SAI_DMARxHalfCplt
                0x00000000080042f6        0xa ./Drivers/STM32WBxx_HAL_Driver/stm32wbxx_hal_sai.o
 .text.SAI_DMAError
                0x0000000008004300       0x34 ./Drivers/STM32WBxx_HAL_Driver/stm32wbxx_hal_sai.o
 .text.SPI_WaitFlagStateUntilTimeout
                0x0000000008004334       0xb8 ./Drivers/STM32WBxx_HAL_Driver/stm32wbxx_hal_spi.o
 .text.SPI_WaitFifoStateUntilTimeout
                0x00000000080043ec       0xd8 ./Drivers/STM32WBxx_HAL_Driver/stm32wbxx_hal_spi.o
 .text.SPI_EndRxTxTransaction
                0x00000000080044c4       0x52 ./Drivers/STM32WBxx_HAL_Driver/stm32wbxx_hal_spi.o
 .text.HAL_SPI_MspInit
                0x0000000008004516        0x2 ./Drivers/STM32WBxx_HAL_Driver/stm32wbxx_hal_spi.o
                0x0000000008004516                HAL_SPI_MspInit
 .text.HAL_SPI_Init
                0x0000000008004518      0x108 ./Drivers/STM32WBxx_HAL_Driver/stm32wbxx_hal_spi.o
                0x0000000008004518                HAL_SPI_Init
 .text.HAL_SPI_MspDeInit
                0x0000000008004620        0x2 ./Drivers/STM32WBxx_HAL_Driver/stm32wbxx_hal_spi.o
                0x0000000008004620                HAL_SPI_MspDeInit
 .text.HAL_SPI_DeInit
                0x0000000008004622       0x2c ./Drivers/STM32WBxx_HAL_Driver/stm32wbxx_hal_spi.o
                0x0000000008004622                HAL_SPI_DeInit
 .text.HAL_SPI_Transmit
                0x000000000800464e      0x1b8 ./Drivers/STM32WBxx_HAL_Driver/stm32wbxx_hal_spi.o
                0x000000000800464e                HAL_SPI_Transmit
 .text.HAL_SPI_TransmitReceive
                0x0000000008004806      0x38c ./Drivers/STM32WBxx_HAL_Driver/stm32wbxx_hal_spi.o
                0x0000000008004806                HAL_SPI_TransmitReceive
 .text.HAL_SPI_GetState
                0x0000000008004b92        0x6 ./Drivers/STM32WBxx_HAL_Driver/stm32wbxx_hal_spi.o
                0x0000000008004b92                HAL_SPI_GetState
 .text.USB_EnableGlobalInt
                0x0000000008004b98       0x12 ./Drivers/STM32WBxx_HAL_Driver/stm32wbxx_ll_usb.o
                0x0000000008004b98                USB_EnableGlobalInt
 .text.USB_DisableGlobalInt
                0x0000000008004baa       0x14 ./Drivers/STM32WBxx_HAL_Driver/stm32wbxx_ll_usb.o
                0x0000000008004baa                USB_DisableGlobalInt
 .text.USB_DevInit
                0x0000000008004bbe       0x28 ./Drivers/STM32WBxx_HAL_Driver/stm32wbxx_ll_usb.o
                0x0000000008004bbe                USB_DevInit
 *fill*         0x0000000008004be6        0x2 
 .text.USB_ActivateEndpoint
                0x0000000008004be8      0x2bc ./Drivers/STM32WBxx_HAL_Driver/stm32wbxx_ll_usb.o
                0x0000000008004be8                USB_ActivateEndpoint
 .text.USB_DeactivateEndpoint
                0x0000000008004ea4      0x1a2 ./Drivers/STM32WBxx_HAL_Driver/stm32wbxx_ll_usb.o
                0x0000000008004ea4                USB_DeactivateEndpoint
 .text.USB_EPSetStall
                0x0000000008005046       0x40 ./Drivers/STM32WBxx_HAL_Driver/stm32wbxx_ll_usb.o
                0x0000000008005046                USB_EPSetStall
 .text.USB_EPClearStall
                0x0000000008005086       0x92 ./Drivers/STM32WBxx_HAL_Driver/stm32wbxx_ll_usb.o
                0x0000000008005086                USB_EPClearStall
 .text.USB_SetDevAddress
                0x0000000008005118        0xc ./Drivers/STM32WBxx_HAL_Driver/stm32wbxx_ll_usb.o
                0x0000000008005118                USB_SetDevAddress
 .text.USB_DevConnect
                0x0000000008005124       0x16 ./Drivers/STM32WBxx_HAL_Driver/stm32wbxx_ll_usb.o
                0x0000000008005124                USB_DevConnect
 .text.USB_ReadInterrupts
                0x000000000800513a        0x8 ./Drivers/STM32WBxx_HAL_Driver/stm32wbxx_ll_usb.o
                0x000000000800513a                USB_ReadInterrupts
 .text.USB_WritePMA
                0x0000000008005142       0x1e ./Drivers/STM32WBxx_HAL_Driver/stm32wbxx_ll_usb.o
                0x0000000008005142                USB_WritePMA
 .text.USB_EPStartXfer
                0x0000000008005160      0x43c ./Drivers/STM32WBxx_HAL_Driver/stm32wbxx_ll_usb.o
                0x0000000008005160                USB_EPStartXfer
 .text.USB_ReadPMA
                0x000000000800559c       0x36 ./Drivers/STM32WBxx_HAL_Driver/stm32wbxx_ll_usb.o
                0x000000000800559c                USB_ReadPMA
 *fill*         0x00000000080055d2        0x2 
 .text.USBD_AUDIO_GetCfgDesc
                0x00000000080055d4        0xc ./Middlewares/ST/STM32_USB_Device_Library/Class/AUDIO/usbd_audio_in.o
 .text.USBD_AUDIO_EP0_RxReady
                0x00000000080055e0       0x40 ./Middlewares/ST/STM32_USB_Device_Library/Class/AUDIO/usbd_audio_in.o
 .text.USBD_AUDIO_EP0_TxReady
                0x0000000008005620        0x4 ./Middlewares/ST/STM32_USB_Device_Library/Class/AUDIO/usbd_audio_in.o
 .text.USBD_AUDIO_DataOut
                0x0000000008005624        0x4 ./Middlewares/ST/STM32_USB_Device_Library/Class/AUDIO/usbd_audio_in.o
 .text.USBD_AUDIO_GetDeviceQualifierDesc
                0x0000000008005628        0xc ./Middlewares/ST/STM32_USB_Device_Library/Class/AUDIO/usbd_audio_in.o
 .text.USBD_AUDIO_DataIn
                0x0000000008005634       0xd4 ./Middlewares/ST/STM32_USB_Device_Library/Class/AUDIO/usbd_audio_in.o
 .text.USBD_AUDIO_DeInit
                0x0000000008005708       0x34 ./Middlewares/ST/STM32_USB_Device_Library/Class/AUDIO/usbd_audio_in.o
 .text.USBD_AUDIO_Init
                0x000000000800573c       0x84 ./Middlewares/ST/STM32_USB_Device_Library/Class/AUDIO/usbd_audio_in.o
 .text.USBD_AUDIO_IsoINIncomplete
                0x00000000080057c0        0x4 ./Middlewares/ST/STM32_USB_Device_Library/Class/AUDIO/usbd_audio_in.o
 .text.USBD_AUDIO_Setup
                0x00000000080057c4       0xf0 ./Middlewares/ST/STM32_USB_Device_Library/Class/AUDIO/usbd_audio_in.o
 .text.USBD_AUDIO_IsoOutIncomplete
                0x00000000080058b4        0x4 ./Middlewares/ST/STM32_USB_Device_Library/Class/AUDIO/usbd_audio_in.o
 .text.USBD_AUDIO_SOF
                0x00000000080058b8        0x4 ./Middlewares/ST/STM32_USB_Device_Library/Class/AUDIO/usbd_audio_in.o
 .text.USBD_AUDIO_Data_Transfer
                0x00000000080058bc       0xe8 ./Middlewares/ST/STM32_USB_Device_Library/Class/AUDIO/usbd_audio_in.o
                0x00000000080058bc                USBD_AUDIO_Data_Transfer
 .text.USBD_AUDIO_RegisterInterface
                0x00000000080059a4        0xa ./Middlewares/ST/STM32_USB_Device_Library/Class/AUDIO/usbd_audio_in.o
                0x00000000080059a4                USBD_AUDIO_RegisterInterface
 *fill*         0x00000000080059ae        0x2 
 .text.USBD_AUDIO_Init_Microphone_Descriptor
                0x00000000080059b0      0x348 ./Middlewares/ST/STM32_USB_Device_Library/Class/AUDIO/usbd_audio_in.o
                0x00000000080059b0                USBD_AUDIO_Init_Microphone_Descriptor
 .text.USBD_Init
                0x0000000008005cf8       0x26 ./Middlewares/ST/STM32_USB_Device_Library/Core/usbd_core.o
                0x0000000008005cf8                USBD_Init
 .text.USBD_RegisterClass
                0x0000000008005d1e       0x32 ./Middlewares/ST/STM32_USB_Device_Library/Core/usbd_core.o
                0x0000000008005d1e                USBD_RegisterClass
 .text.USBD_Start
                0x0000000008005d50        0x4 ./Middlewares/ST/STM32_USB_Device_Library/Core/usbd_core.o
                0x0000000008005d50                USBD_Start
 .text.USBD_SetClassConfig
                0x0000000008005d54        0xe ./Middlewares/ST/STM32_USB_Device_Library/Core/usbd_core.o
                0x0000000008005d54                USBD_SetClassConfig
 .text.USBD_ClrClassConfig
                0x0000000008005d62       0x12 ./Middlewares/ST/STM32_USB_Device_Library/Core/usbd_core.o
                0x0000000008005d62                USBD_ClrClassConfig
 .text.USBD_LL_SetupStage
                0x0000000008005d74       0x60 ./Middlewares/ST/STM32_USB_Device_Library/Core/usbd_core.o
                0x0000000008005d74                USBD_LL_SetupStage
 .text.USBD_LL_DataOutStage
                0x0000000008005dd4       0x6a ./Middlewares/ST/STM32_USB_Device_Library/Core/usbd_core.o
                0x0000000008005dd4                USBD_LL_DataOutStage
 .text.USBD_LL_DataInStage
                0x0000000008005e3e       0xae ./Middlewares/ST/STM32_USB_Device_Library/Core/usbd_core.o
                0x0000000008005e3e                USBD_LL_DataInStage
 .text.USBD_LL_Reset
                0x0000000008005eec       0x5e ./Middlewares/ST/STM32_USB_Device_Library/Core/usbd_core.o
                0x0000000008005eec                USBD_LL_Reset
 .text.USBD_LL_SetSpeed
                0x0000000008005f4a        0x6 ./Middlewares/ST/STM32_USB_Device_Library/Core/usbd_core.o
                0x0000000008005f4a                USBD_LL_SetSpeed
 .text.USBD_LL_Suspend
                0x0000000008005f50       0x14 ./Middlewares/ST/STM32_USB_Device_Library/Core/usbd_core.o
                0x0000000008005f50                USBD_LL_Suspend
 .text.USBD_LL_Resume
                0x0000000008005f64       0x16 ./Middlewares/ST/STM32_USB_Device_Library/Core/usbd_core.o
                0x0000000008005f64                USBD_LL_Resume
 .text.USBD_LL_SOF
                0x0000000008005f7a       0x1a ./Middlewares/ST/STM32_USB_Device_Library/Core/usbd_core.o
                0x0000000008005f7a                USBD_LL_SOF
 .text.USBD_CoreFindIF
                0x0000000008005f94        0x4 ./Middlewares/ST/STM32_USB_Device_Library/Core/usbd_core.o
                0x0000000008005f94                USBD_CoreFindIF
 .text.USBD_CoreFindEP
                0x0000000008005f98        0x4 ./Middlewares/ST/STM32_USB_Device_Library/Core/usbd_core.o
                0x0000000008005f98                USBD_CoreFindEP
 .text.USBD_CtlError.constprop.0
                0x0000000008005f9c       0x16 ./Middlewares/ST/STM32_USB_Device_Library/Core/usbd_ctlreq.o
 *fill*         0x0000000008005fb2        0x2 
 .text.USBD_StdDevReq
                0x0000000008005fb4      0x2ac ./Middlewares/ST/STM32_USB_Device_Library/Core/usbd_ctlreq.o
                0x0000000008005fb4                USBD_StdDevReq
 .text.USBD_StdItfReq
                0x0000000008006260       0x5e ./Middlewares/ST/STM32_USB_Device_Library/Core/usbd_ctlreq.o
                0x0000000008006260                USBD_StdItfReq
 .text.USBD_StdEPReq
                0x00000000080062be      0x13c ./Middlewares/ST/STM32_USB_Device_Library/Core/usbd_ctlreq.o
                0x00000000080062be                USBD_StdEPReq
 .text.USBD_ParseSetupRequest
                0x00000000080063fa       0x16 ./Middlewares/ST/STM32_USB_Device_Library/Core/usbd_ctlreq.o
                0x00000000080063fa                USBD_ParseSetupRequest
 .text.USBD_CtlError
                0x0000000008006410       0x16 ./Middlewares/ST/STM32_USB_Device_Library/Core/usbd_ctlreq.o
                0x0000000008006410                USBD_CtlError
 .text.USBD_GetString
                0x0000000008006426       0x38 ./Middlewares/ST/STM32_USB_Device_Library/Core/usbd_ctlreq.o
                0x0000000008006426                USBD_GetString
 .text.USBD_CtlSendData
                0x000000000800645e       0x1a ./Middlewares/ST/STM32_USB_Device_Library/Core/usbd_ioreq.o
                0x000000000800645e                USBD_CtlSendData
 .text.USBD_CtlContinueSendData
                0x0000000008006478       0x10 ./Middlewares/ST/STM32_USB_Device_Library/Core/usbd_ioreq.o
                0x0000000008006478                USBD_CtlContinueSendData
 .text.USBD_CtlPrepareRx
                0x0000000008006488       0x1a ./Middlewares/ST/STM32_USB_Device_Library/Core/usbd_ioreq.o
                0x0000000008006488                USBD_CtlPrepareRx
 .text.USBD_CtlContinueRx
                0x00000000080064a2       0x10 ./Middlewares/ST/STM32_USB_Device_Library/Core/usbd_ioreq.o
                0x00000000080064a2                USBD_CtlContinueRx
 .text.USBD_CtlSendStatus
                0x00000000080064b2       0x16 ./Middlewares/ST/STM32_USB_Device_Library/Core/usbd_ioreq.o
                0x00000000080064b2                USBD_CtlSendStatus
 .text.USBD_CtlReceiveStatus
                0x00000000080064c8       0x16 ./Middlewares/ST/STM32_USB_Device_Library/Core/usbd_ioreq.o
                0x00000000080064c8                USBD_CtlReceiveStatus
 *fill*         0x00000000080064de        0x2 
 .text.__errno  0x00000000080064e0        0xc /opt/st/stm32cubeide_1.10.1/plugins/com.st.stm32cube.ide.mcu.externaltools.gnu-tools-for-stm32.10.3-2021.10.linux64_1.0.0.202111181127/tools/bin/../lib/gcc/arm-none-eabi/10.3.1/../../../../arm-none-eabi/lib/thumb/v7e-m+fp/hard/libc_nano.a(lib_a-errno.o)
                0x00000000080064e0                __errno
 .text.__libc_init_array
                0x00000000080064ec       0x48 /opt/st/stm32cubeide_1.10.1/plugins/com.st.stm32cube.ide.mcu.externaltools.gnu-tools-for-stm32.10.3-2021.10.linux64_1.0.0.202111181127/tools/bin/../lib/gcc/arm-none-eabi/10.3.1/../../../../arm-none-eabi/lib/thumb/v7e-m+fp/hard/libc_nano.a(lib_a-init.o)
                0x00000000080064ec                __libc_init_array
 .text.malloc   0x0000000008006534       0x10 /opt/st/stm32cubeide_1.10.1/plugins/com.st.stm32cube.ide.mcu.externaltools.gnu-tools-for-stm32.10.3-2021.10.linux64_1.0.0.202111181127/tools/bin/../lib/gcc/arm-none-eabi/10.3.1/../../../../arm-none-eabi/lib/thumb/v7e-m+fp/hard/libc_nano.a(lib_a-malloc.o)
                0x0000000008006534                malloc
 .text.free     0x0000000008006544       0x10 /opt/st/stm32cubeide_1.10.1/plugins/com.st.stm32cube.ide.mcu.externaltools.gnu-tools-for-stm32.10.3-2021.10.linux64_1.0.0.202111181127/tools/bin/../lib/gcc/arm-none-eabi/10.3.1/../../../../arm-none-eabi/lib/thumb/v7e-m+fp/hard/libc_nano.a(lib_a-malloc.o)
                0x0000000008006544                free
 .text.memcpy   0x0000000008006554       0x1c /opt/st/stm32cubeide_1.10.1/plugins/com.st.stm32cube.ide.mcu.externaltools.gnu-tools-for-stm32.10.3-2021.10.linux64_1.0.0.202111181127/tools/bin/../lib/gcc/arm-none-eabi/10.3.1/../../../../arm-none-eabi/lib/thumb/v7e-m+fp/hard/libc_nano.a(lib_a-memcpy-stub.o)
                0x0000000008006554                memcpy
 .text.memset   0x0000000008006570       0x10 /opt/st/stm32cubeide_1.10.1/plugins/com.st.stm32cube.ide.mcu.externaltools.gnu-tools-for-stm32.10.3-2021.10.linux64_1.0.0.202111181127/tools/bin/../lib/gcc/arm-none-eabi/10.3.1/../../../../arm-none-eabi/lib/thumb/v7e-m+fp/hard/libc_nano.a(lib_a-memset.o)
                0x0000000008006570                memset
 .text._free_r  0x0000000008006580       0x98 /opt/st/stm32cubeide_1.10.1/plugins/com.st.stm32cube.ide.mcu.externaltools.gnu-tools-for-stm32.10.3-2021.10.linux64_1.0.0.202111181127/tools/bin/../lib/gcc/arm-none-eabi/10.3.1/../../../../arm-none-eabi/lib/thumb/v7e-m+fp/hard/libc_nano.a(lib_a-nano-freer.o)
                0x0000000008006580                _free_r
 .text.sbrk_aligned
                0x0000000008006618       0x40 /opt/st/stm32cubeide_1.10.1/plugins/com.st.stm32cube.ide.mcu.externaltools.gnu-tools-for-stm32.10.3-2021.10.linux64_1.0.0.202111181127/tools/bin/../lib/gcc/arm-none-eabi/10.3.1/../../../../arm-none-eabi/lib/thumb/v7e-m+fp/hard/libc_nano.a(lib_a-nano-mallocr.o)
 .text._malloc_r
                0x0000000008006658       0xe8 /opt/st/stm32cubeide_1.10.1/plugins/com.st.stm32cube.ide.mcu.externaltools.gnu-tools-for-stm32.10.3-2021.10.linux64_1.0.0.202111181127/tools/bin/../lib/gcc/arm-none-eabi/10.3.1/../../../../arm-none-eabi/lib/thumb/v7e-m+fp/hard/libc_nano.a(lib_a-nano-mallocr.o)
                0x0000000008006658                _malloc_r
 .text._sbrk_r  0x0000000008006740       0x20 /opt/st/stm32cubeide_1.10.1/plugins/com.st.stm32cube.ide.mcu.externaltools.gnu-tools-for-stm32.10.3-2021.10.linux64_1.0.0.202111181127/tools/bin/../lib/gcc/arm-none-eabi/10.3.1/../../../../arm-none-eabi/lib/thumb/v7e-m+fp/hard/libc_nano.a(lib_a-sbrkr.o)
                0x0000000008006740                _sbrk_r
 .text.__malloc_lock
                0x0000000008006760        0xc /opt/st/stm32cubeide_1.10.1/plugins/com.st.stm32cube.ide.mcu.externaltools.gnu-tools-for-stm32.10.3-2021.10.linux64_1.0.0.202111181127/tools/bin/../lib/gcc/arm-none-eabi/10.3.1/../../../../arm-none-eabi/lib/thumb/v7e-m+fp/hard/libc_nano.a(lib_a-mlock.o)
                0x0000000008006760                __malloc_lock
 .text.__malloc_unlock
                0x000000000800676c        0xc /opt/st/stm32cubeide_1.10.1/plugins/com.st.stm32cube.ide.mcu.externaltools.gnu-tools-for-stm32.10.3-2021.10.linux64_1.0.0.202111181127/tools/bin/../lib/gcc/arm-none-eabi/10.3.1/../../../../arm-none-eabi/lib/thumb/v7e-m+fp/hard/libc_nano.a(lib_a-mlock.o)
                0x000000000800676c                __malloc_unlock
 .text.__retarget_lock_acquire_recursive
                0x0000000008006778        0x2 /opt/st/stm32cubeide_1.10.1/plugins/com.st.stm32cube.ide.mcu.externaltools.gnu-tools-for-stm32.10.3-2021.10.linux64_1.0.0.202111181127/tools/bin/../lib/gcc/arm-none-eabi/10.3.1/../../../../arm-none-eabi/lib/thumb/v7e-m+fp/hard/libc_nano.a(lib_a-lock.o)
                0x0000000008006778                __retarget_lock_acquire_recursive
 .text.__retarget_lock_release_recursive
                0x000000000800677a        0x2 /opt/st/stm32cubeide_1.10.1/plugins/com.st.stm32cube.ide.mcu.externaltools.gnu-tools-for-stm32.10.3-2021.10.linux64_1.0.0.202111181127/tools/bin/../lib/gcc/arm-none-eabi/10.3.1/../../../../arm-none-eabi/lib/thumb/v7e-m+fp/hard/libc_nano.a(lib_a-lock.o)
                0x000000000800677a                __retarget_lock_release_recursive
 *(.glue_7)
 .glue_7        0x000000000800677c        0x0 linker stubs
 *(.glue_7t)
 .glue_7t       0x000000000800677c        0x0 linker stubs
 *(.eh_frame)
 .eh_frame      0x000000000800677c        0x0 /opt/st/stm32cubeide_1.10.1/plugins/com.st.stm32cube.ide.mcu.externaltools.gnu-tools-for-stm32.10.3-2021.10.linux64_1.0.0.202111181127/tools/bin/../lib/gcc/arm-none-eabi/10.3.1/thumb/v7e-m+fp/hard/crtbegin.o
 *(.init)
 .init          0x000000000800677c        0x4 /opt/st/stm32cubeide_1.10.1/plugins/com.st.stm32cube.ide.mcu.externaltools.gnu-tools-for-stm32.10.3-2021.10.linux64_1.0.0.202111181127/tools/bin/../lib/gcc/arm-none-eabi/10.3.1/thumb/v7e-m+fp/hard/crti.o
                0x000000000800677c                _init
 .init          0x0000000008006780        0x8 /opt/st/stm32cubeide_1.10.1/plugins/com.st.stm32cube.ide.mcu.externaltools.gnu-tools-for-stm32.10.3-2021.10.linux64_1.0.0.202111181127/tools/bin/../lib/gcc/arm-none-eabi/10.3.1/thumb/v7e-m+fp/hard/crtn.o
 *(.fini)
 .fini          0x0000000008006788        0x4 /opt/st/stm32cubeide_1.10.1/plugins/com.st.stm32cube.ide.mcu.externaltools.gnu-tools-for-stm32.10.3-2021.10.linux64_1.0.0.202111181127/tools/bin/../lib/gcc/arm-none-eabi/10.3.1/thumb/v7e-m+fp/hard/crti.o
                0x0000000008006788                _fini
 .fini          0x000000000800678c        0x8 /opt/st/stm32cubeide_1.10.1/plugins/com.st.stm32cube.ide.mcu.externaltools.gnu-tools-for-stm32.10.3-2021.10.linux64_1.0.0.202111181127/tools/bin/../lib/gcc/arm-none-eabi/10.3.1/thumb/v7e-m+fp/hard/crtn.o
                0x0000000008006794                . = ALIGN (0x4)
                0x0000000008006794                _etext = .

.vfp11_veneer   0x0000000008006794        0x0
 .vfp11_veneer  0x0000000008006794        0x0 linker stubs

.v4_bx          0x0000000008006794        0x0
 .v4_bx         0x0000000008006794        0x0 linker stubs

.iplt           0x0000000008006794        0x0
 .iplt          0x0000000008006794        0x0 /opt/st/stm32cubeide_1.10.1/plugins/com.st.stm32cube.ide.mcu.externaltools.gnu-tools-for-stm32.10.3-2021.10.linux64_1.0.0.202111181127/tools/bin/../lib/gcc/arm-none-eabi/10.3.1/thumb/v7e-m+fp/hard/crtbegin.o

.rodata         0x0000000008006794      0x230
                0x0000000008006794                . = ALIGN (0x4)
 *(.rodata)
 .rodata        0x0000000008006794       0x82 ./Application/User/usbd_audio_if.o
                0x0000000008006794                vol_table
 *fill*         0x0000000008006816        0x2 
 .rodata        0x0000000008006818      0x100 ./Drivers/CMSIS/system_stm32wbxx.o
                0x0000000008006818                MSIRangeTable
                0x0000000008006858                AHBPrescTable
                0x0000000008006898                SmpsPrescalerTable
                0x00000000080068f8                APBPrescTable
 .rodata        0x0000000008006918       0x20 ./Drivers/STM32WBxx_HAL_Driver/stm32wbxx_hal_rcc.o
 *(.rodata*)
 .rodata.str1.1
                0x0000000008006938       0x8c ./Application/User/usbd_desc.o
                0x00000000080069c4                . = ALIGN (0x4)

.rel.dyn        0x00000000080069c4        0x0
 .rel.iplt      0x00000000080069c4        0x0 /opt/st/stm32cubeide_1.10.1/plugins/com.st.stm32cube.ide.mcu.externaltools.gnu-tools-for-stm32.10.3-2021.10.linux64_1.0.0.202111181127/tools/bin/../lib/gcc/arm-none-eabi/10.3.1/thumb/v7e-m+fp/hard/crtbegin.o

.ARM.extab
 *(.ARM.extab* .gnu.linkonce.armextab.*)

.ARM            0x00000000080069c4        0x0
                0x00000000080069c4                __exidx_start = .
 *(.ARM.exidx*)
                0x00000000080069c4                __exidx_end = .

.preinit_array  0x00000000080069c4        0x0
                0x00000000080069c4                PROVIDE (__preinit_array_start = .)
 *(.preinit_array*)
                0x00000000080069c4                PROVIDE (__preinit_array_end = .)

.init_array     0x00000000080069c4        0x4
                0x00000000080069c4                PROVIDE (__init_array_start = .)
 *(SORT_BY_NAME(.init_array.*))
 *(.init_array*)
 .init_array    0x00000000080069c4        0x4 /opt/st/stm32cubeide_1.10.1/plugins/com.st.stm32cube.ide.mcu.externaltools.gnu-tools-for-stm32.10.3-2021.10.linux64_1.0.0.202111181127/tools/bin/../lib/gcc/arm-none-eabi/10.3.1/thumb/v7e-m+fp/hard/crtbegin.o
                0x00000000080069c8                PROVIDE (__init_array_end = .)

.fini_array     0x00000000080069c8        0x4
                [!provide]                        PROVIDE (__fini_array_start = .)
 *(SORT_BY_NAME(.fini_array.*))
 *(.fini_array*)
 .fini_array    0x00000000080069c8        0x4 /opt/st/stm32cubeide_1.10.1/plugins/com.st.stm32cube.ide.mcu.externaltools.gnu-tools-for-stm32.10.3-2021.10.linux64_1.0.0.202111181127/tools/bin/../lib/gcc/arm-none-eabi/10.3.1/thumb/v7e-m+fp/hard/crtbegin.o
                [!provide]                        PROVIDE (__fini_array_end = .)
                0x00000000080069cc                _sidata = LOADADDR (.data)

.data           0x0000000020000004      0x154 load address 0x00000000080069cc
                0x0000000020000004                . = ALIGN (0x4)
                0x0000000020000004                _sdata = .
 *(.data)
 .data          0x0000000020000004       0x24 ./Application/User/usbd_audio_if.o
                0x0000000020000004                USBD_AUDIO_fops
 .data          0x0000000020000028       0x34 ./Application/User/usbd_desc.o
                0x0000000020000028                hUSBDDeviceDesc
                0x000000002000003c                USBD_LangIDDesc
                0x0000000020000040                AUDIO_Desc
 .data          0x000000002000005c       0x48 ./Drivers/BSP/Components/ad1974.o
                0x000000002000005c                AD1974_AUDIO_Driver
 .data          0x00000000200000a4        0x4 ./Drivers/CMSIS/system_stm32wbxx.o
                0x00000000200000a4                SystemCoreClock
 .data          0x00000000200000a8        0x8 ./Drivers/STM32WBxx_HAL_Driver/stm32wbxx_hal.o
                0x00000000200000a8                uwTickFreq
                0x00000000200000ac                uwTickPrio
 .data          0x00000000200000b0       0x44 ./Middlewares/ST/STM32_USB_Device_Library/Class/AUDIO/usbd_audio_in.o
                0x00000000200000bc                USBD_AUDIO
 *(.data*)
 .data._impure_ptr
                0x00000000200000f4        0x4 /opt/st/stm32cubeide_1.10.1/plugins/com.st.stm32cube.ide.mcu.externaltools.gnu-tools-for-stm32.10.3-2021.10.linux64_1.0.0.202111181127/tools/bin/../lib/gcc/arm-none-eabi/10.3.1/../../../../arm-none-eabi/lib/thumb/v7e-m+fp/hard/libc_nano.a(lib_a-impure.o)
                0x00000000200000f4                _impure_ptr
 .data.impure_data
                0x00000000200000f8       0x60 /opt/st/stm32cubeide_1.10.1/plugins/com.st.stm32cube.ide.mcu.externaltools.gnu-tools-for-stm32.10.3-2021.10.linux64_1.0.0.202111181127/tools/bin/../lib/gcc/arm-none-eabi/10.3.1/../../../../arm-none-eabi/lib/thumb/v7e-m+fp/hard/libc_nano.a(lib_a-impure.o)
                0x0000000020000158                . = ALIGN (0x4)
                0x0000000020000158                _edata = .

.igot.plt       0x0000000020000158        0x0 load address 0x0000000008006b20
 .igot.plt      0x0000000020000158        0x0 /opt/st/stm32cubeide_1.10.1/plugins/com.st.stm32cube.ide.mcu.externaltools.gnu-tools-for-stm32.10.3-2021.10.linux64_1.0.0.202111181127/tools/bin/../lib/gcc/arm-none-eabi/10.3.1/thumb/v7e-m+fp/hard/crtbegin.o
                0x0000000020000158                . = ALIGN (0x4)

.bss            0x0000000020000158     0x1e04 load address 0x0000000008006b20
                0x0000000020000158                _sbss = .
                0x0000000020000158                __bss_start__ = _sbss
 *(.bss)
 .bss           0x0000000020000158       0x1c /opt/st/stm32cubeide_1.10.1/plugins/com.st.stm32cube.ide.mcu.externaltools.gnu-tools-for-stm32.10.3-2021.10.linux64_1.0.0.202111181127/tools/bin/../lib/gcc/arm-none-eabi/10.3.1/thumb/v7e-m+fp/hard/crtbegin.o
 .bss           0x0000000020000174        0x8 ./Application/SW4STM32/syscalls.o
                0x0000000020000178                __env
 .bss           0x000000002000017c      0x614 ./Application/User/audio_application.o
                0x000000002000017c                PCM_Buffer
                0x000000002000077c                MicParams
 .bss           0x0000000020000790      0x2dc ./Application/User/main.o
                0x0000000020000790                hUSBDDevice
 .bss           0x0000000020000a6c       0x68 ./Application/User/nucleo_wb55_bus.c.o
                0x0000000020000a70                hspi1
 .bss           0x0000000020000ad4      0x310 ./Application/User/usbd_conf.o
                0x0000000020000ad4                remotewakeupon
                0x0000000020000ad8                hpcd
                0x0000000020000de0                HID_Buffer
 .bss           0x0000000020000de4      0x100 ./Application/User/usbd_desc.o
                0x0000000020000de4                USBD_StrDesc
 .bss           0x0000000020000ee4      0xe04 ./Drivers/BSP/X-NUCLEO-AMICAM1/amicam1_audio.o
                0x0000000020000ee4                amicam1_ctx
                0x0000000020000fac                hAudioInSai
 .bss           0x0000000020001ce8        0x4 ./Drivers/STM32WBxx_HAL_Driver/stm32wbxx_hal.o
                0x0000000020001ce8                uwTick
 .bss           0x0000000020001cec      0x25c ./Middlewares/ST/STM32_USB_Device_Library/Class/AUDIO/usbd_audio_in.o
 .bss           0x0000000020001f48        0x1 ./Middlewares/ST/STM32_USB_Device_Library/Core/usbd_ctlreq.o
 *(.bss*)
 *fill*         0x0000000020001f49        0x3 
 .bss.__malloc_free_list
                0x0000000020001f4c        0x4 /opt/st/stm32cubeide_1.10.1/plugins/com.st.stm32cube.ide.mcu.externaltools.gnu-tools-for-stm32.10.3-2021.10.linux64_1.0.0.202111181127/tools/bin/../lib/gcc/arm-none-eabi/10.3.1/../../../../arm-none-eabi/lib/thumb/v7e-m+fp/hard/libc_nano.a(lib_a-nano-mallocr.o)
                0x0000000020001f4c                __malloc_free_list
 .bss.__malloc_sbrk_start
                0x0000000020001f50        0x4 /opt/st/stm32cubeide_1.10.1/plugins/com.st.stm32cube.ide.mcu.externaltools.gnu-tools-for-stm32.10.3-2021.10.linux64_1.0.0.202111181127/tools/bin/../lib/gcc/arm-none-eabi/10.3.1/../../../../arm-none-eabi/lib/thumb/v7e-m+fp/hard/libc_nano.a(lib_a-nano-mallocr.o)
                0x0000000020001f50                __malloc_sbrk_start
 .bss.errno     0x0000000020001f54        0x4 /opt/st/stm32cubeide_1.10.1/plugins/com.st.stm32cube.ide.mcu.externaltools.gnu-tools-for-stm32.10.3-2021.10.linux64_1.0.0.202111181127/tools/bin/../lib/gcc/arm-none-eabi/10.3.1/../../../../arm-none-eabi/lib/thumb/v7e-m+fp/hard/libc_nano.a(lib_a-reent.o)
                0x0000000020001f54                errno
 .bss.__lock___malloc_recursive_mutex
                0x0000000020001f58        0x1 /opt/st/stm32cubeide_1.10.1/plugins/com.st.stm32cube.ide.mcu.externaltools.gnu-tools-for-stm32.10.3-2021.10.linux64_1.0.0.202111181127/tools/bin/../lib/gcc/arm-none-eabi/10.3.1/../../../../arm-none-eabi/lib/thumb/v7e-m+fp/hard/libc_nano.a(lib_a-lock.o)
                0x0000000020001f58                __lock___malloc_recursive_mutex
 *(COMMON)
                0x0000000020001f5c                . = ALIGN (0x4)
 *fill*         0x0000000020001f59        0x3 
                0x0000000020001f5c                _ebss = .
                0x0000000020001f5c                __bss_end__ = _ebss

._user_heap_stack
                0x0000000020001f5c     0x1404 load address 0x0000000008006b20
                0x0000000020001f60                . = ALIGN (0x8)
 *fill*         0x0000000020001f5c        0x4 
                0x0000000020001f60                PROVIDE (end = .)
                [!provide]                        PROVIDE (_end = .)
                0x0000000020002360                . = (. + _Min_Heap_Size)
 *fill*         0x0000000020001f60      0x400 
                0x0000000020003360                . = (. + _Min_Stack_Size)
 *fill*         0x0000000020002360     0x1000 
                0x0000000020003360                . = ALIGN (0x8)

/DISCARD/
 libc.a(*)
 libm.a(*)
 libgcc.a(*)

.ARM.attributes
                0x0000000000000000       0x30
 *(.ARM.attributes)
 .ARM.attributes
                0x0000000000000000       0x1e /opt/st/stm32cubeide_1.10.1/plugins/com.st.stm32cube.ide.mcu.externaltools.gnu-tools-for-stm32.10.3-2021.10.linux64_1.0.0.202111181127/tools/bin/../lib/gcc/arm-none-eabi/10.3.1/thumb/v7e-m+fp/hard/crti.o
 .ARM.attributes
                0x000000000000001e       0x34 /opt/st/stm32cubeide_1.10.1/plugins/com.st.stm32cube.ide.mcu.externaltools.gnu-tools-for-stm32.10.3-2021.10.linux64_1.0.0.202111181127/tools/bin/../lib/gcc/arm-none-eabi/10.3.1/thumb/v7e-m+fp/hard/crtbegin.o
 .ARM.attributes
                0x0000000000000052       0x21 ./Application/SW4STM32/startup_stm32wb55xx_cm4.o
 .ARM.attributes
                0x0000000000000073       0x34 ./Application/SW4STM32/syscalls.o
 .ARM.attributes
                0x00000000000000a7       0x34 ./Application/User/audio_application.o
 .ARM.attributes
                0x00000000000000db       0x34 ./Application/User/cube_hal_wb.o
 .ARM.attributes
                0x000000000000010f       0x34 ./Application/User/main.o
 .ARM.attributes
                0x0000000000000143       0x34 ./Application/User/nucleo_wb55_bus.c.o
 .ARM.attributes
                0x0000000000000177       0x34 ./Application/User/stm32xx_it.o
 .ARM.attributes
                0x00000000000001ab       0x34 ./Application/User/usbd_audio_if.o
 .ARM.attributes
                0x00000000000001df       0x34 ./Application/User/usbd_conf.o
 .ARM.attributes
                0x0000000000000213       0x34 ./Application/User/usbd_desc.o
 .ARM.attributes
                0x0000000000000247       0x34 ./Drivers/BSP/Components/ad1974.o
 .ARM.attributes
                0x000000000000027b       0x34 ./Drivers/BSP/Components/ad1974_reg.o
 .ARM.attributes
                0x00000000000002af       0x34 ./Drivers/BSP/X-NUCLEO-AMICAM1/amicam1_audio.o
 .ARM.attributes
                0x00000000000002e3       0x34 ./Drivers/CMSIS/system_stm32wbxx.o
 .ARM.attributes
                0x0000000000000317       0x34 ./Drivers/STM32WBxx_HAL_Driver/stm32wbxx_hal.o
 .ARM.attributes
                0x000000000000034b       0x34 ./Drivers/STM32WBxx_HAL_Driver/stm32wbxx_hal_cortex.o
 .ARM.attributes
                0x000000000000037f       0x34 ./Drivers/STM32WBxx_HAL_Driver/stm32wbxx_hal_dma.o
 .ARM.attributes
                0x00000000000003b3       0x34 ./Drivers/STM32WBxx_HAL_Driver/stm32wbxx_hal_gpio.o
 .ARM.attributes
                0x00000000000003e7       0x34 ./Drivers/STM32WBxx_HAL_Driver/stm32wbxx_hal_pcd.o
 .ARM.attributes
                0x000000000000041b       0x34 ./Drivers/STM32WBxx_HAL_Driver/stm32wbxx_hal_pcd_ex.o
 .ARM.attributes
                0x000000000000044f       0x34 ./Drivers/STM32WBxx_HAL_Driver/stm32wbxx_hal_pwr.o
 .ARM.attributes
                0x0000000000000483       0x34 ./Drivers/STM32WBxx_HAL_Driver/stm32wbxx_hal_pwr_ex.o
 .ARM.attributes
                0x00000000000004b7       0x34 ./Drivers/STM32WBxx_HAL_Driver/stm32wbxx_hal_rcc.o
 .ARM.attributes
                0x00000000000004eb       0x34 ./Drivers/STM32WBxx_HAL_Driver/stm32wbxx_hal_rcc_ex.o
 .ARM.attributes
                0x000000000000051f       0x34 ./Drivers/STM32WBxx_HAL_Driver/stm32wbxx_hal_sai.o
 .ARM.attributes
                0x0000000000000553       0x34 ./Drivers/STM32WBxx_HAL_Driver/stm32wbxx_hal_spi.o
 .ARM.attributes
                0x0000000000000587       0x34 ./Drivers/STM32WBxx_HAL_Driver/stm32wbxx_ll_usb.o
 .ARM.attributes
                0x00000000000005bb       0x34 ./Middlewares/ST/STM32_USB_Device_Library/Class/AUDIO/usbd_audio_in.o
 .ARM.attributes
                0x00000000000005ef       0x34 ./Middlewares/ST/STM32_USB_Device_Library/Core/usbd_core.o
 .ARM.attributes
                0x0000000000000623       0x34 ./Middlewares/ST/STM32_USB_Device_Library/Core/usbd_ctlreq.o
 .ARM.attributes
                0x0000000000000657       0x34 ./Middlewares/ST/STM32_USB_Device_Library/Core/usbd_ioreq.o
 .ARM.attributes
                0x000000000000068b       0x34 /opt/st/stm32cubeide_1.10.1/plugins/com.st.stm32cube.ide.mcu.externaltools.gnu-tools-for-stm32.10.3-2021.10.linux64_1.0.0.202111181127/tools/bin/../lib/gcc/arm-none-eabi/10.3.1/../../../../arm-none-eabi/lib/thumb/v7e-m+fp/hard/libc_nano.a(lib_a-errno.o)
 .ARM.attributes
                0x00000000000006bf       0x34 /opt/st/stm32cubeide_1.10.1/plugins/com.st.stm32cube.ide.mcu.externaltools.gnu-tools-for-stm32.10.3-2021.10.linux64_1.0.0.202111181127/tools/bin/../lib/gcc/arm-none-eabi/10.3.1/../../../../arm-none-eabi/lib/thumb/v7e-m+fp/hard/libc_nano.a(lib_a-impure.o)
 .ARM.attributes
                0x00000000000006f3       0x34 /opt/st/stm32cubeide_1.10.1/plugins/com.st.stm32cube.ide.mcu.externaltools.gnu-tools-for-stm32.10.3-2021.10.linux64_1.0.0.202111181127/tools/bin/../lib/gcc/arm-none-eabi/10.3.1/../../../../arm-none-eabi/lib/thumb/v7e-m+fp/hard/libc_nano.a(lib_a-init.o)
 .ARM.attributes
                0x0000000000000727       0x34 /opt/st/stm32cubeide_1.10.1/plugins/com.st.stm32cube.ide.mcu.externaltools.gnu-tools-for-stm32.10.3-2021.10.linux64_1.0.0.202111181127/tools/bin/../lib/gcc/arm-none-eabi/10.3.1/../../../../arm-none-eabi/lib/thumb/v7e-m+fp/hard/libc_nano.a(lib_a-malloc.o)
 .ARM.attributes
                0x000000000000075b       0x34 /opt/st/stm32cubeide_1.10.1/plugins/com.st.stm32cube.ide.mcu.externaltools.gnu-tools-for-stm32.10.3-2021.10.linux64_1.0.0.202111181127/tools/bin/../lib/gcc/arm-none-eabi/10.3.1/../../../../arm-none-eabi/lib/thumb/v7e-m+fp/hard/libc_nano.a(lib_a-memcpy-stub.o)
 .ARM.attributes
                0x000000000000078f       0x34 /opt/st/stm32cubeide_1.10.1/plugins/com.st.stm32cube.ide.mcu.externaltools.gnu-tools-for-stm32.10.3-2021.10.linux64_1.0.0.202111181127/tools/bin/../lib/gcc/arm-none-eabi/10.3.1/../../../../arm-none-eabi/lib/thumb/v7e-m+fp/hard/libc_nano.a(lib_a-memset.o)
 .ARM.attributes
                0x00000000000007c3       0x34 /opt/st/stm32cubeide_1.10.1/plugins/com.st.stm32cube.ide.mcu.externaltools.gnu-tools-for-stm32.10.3-2021.10.linux64_1.0.0.202111181127/tools/bin/../lib/gcc/arm-none-eabi/10.3.1/../../../../arm-none-eabi/lib/thumb/v7e-m+fp/hard/libc_nano.a(lib_a-nano-freer.o)
 .ARM.attributes
                0x00000000000007f7       0x34 /opt/st/stm32cubeide_1.10.1/plugins/com.st.stm32cube.ide.mcu.externaltools.gnu-tools-for-stm32.10.3-2021.10.linux64_1.0.0.202111181127/tools/bin/../lib/gcc/arm-none-eabi/10.3.1/../../../../arm-none-eabi/lib/thumb/v7e-m+fp/hard/libc_nano.a(lib_a-nano-mallocr.o)
 .ARM.attributes
                0x000000000000082b       0x34 /opt/st/stm32cubeide_1.10.1/plugins/com.st.stm32cube.ide.mcu.externaltools.gnu-tools-for-stm32.10.3-2021.10.linux64_1.0.0.202111181127/tools/bin/../lib/gcc/arm-none-eabi/10.3.1/../../../../arm-none-eabi/lib/thumb/v7e-m+fp/hard/libc_nano.a(lib_a-sbrkr.o)
 .ARM.attributes
                0x000000000000085f       0x34 /opt/st/stm32cubeide_1.10.1/plugins/com.st.stm32cube.ide.mcu.externaltools.gnu-tools-for-stm32.10.3-2021.10.linux64_1.0.0.202111181127/tools/bin/../lib/gcc/arm-none-eabi/10.3.1/../../../../arm-none-eabi/lib/thumb/v7e-m+fp/hard/libc_nano.a(lib_a-mlock.o)
 .ARM.attributes
                0x0000000000000893       0x34 /opt/st/stm32cubeide_1.10.1/plugins/com.st.stm32cube.ide.mcu.externaltools.gnu-tools-for-stm32.10.3-2021.10.linux64_1.0.0.202111181127/tools/bin/../lib/gcc/arm-none-eabi/10.3.1/../../../../arm-none-eabi/lib/thumb/v7e-m+fp/hard/libc_nano.a(lib_a-reent.o)
 .ARM.attributes
                0x00000000000008c7       0x34 /opt/st/stm32cubeide_1.10.1/plugins/com.st.stm32cube.ide.mcu.externaltools.gnu-tools-for-stm32.10.3-2021.10.linux64_1.0.0.202111181127/tools/bin/../lib/gcc/arm-none-eabi/10.3.1/../../../../arm-none-eabi/lib/thumb/v7e-m+fp/hard/libc_nano.a(lib_a-lock.o)
 .ARM.attributes
                0x00000000000008fb       0x1e /opt/st/stm32cubeide_1.10.1/plugins/com.st.stm32cube.ide.mcu.externaltools.gnu-tools-for-stm32.10.3-2021.10.linux64_1.0.0.202111181127/tools/bin/../lib/gcc/arm-none-eabi/10.3.1/thumb/v7e-m+fp/hard/crtn.o

MAPPING_TABLE
 *(MAPPING_TABLE)

MB_MEM1
 *(MB_MEM1)

MB_MEM2
 *(MB_MEM2)
OUTPUT(STM32WB55-MEMSMIC1.elf elf32-littlearm)
LOAD linker stubs
LOAD /opt/st/stm32cubeide_1.10.1/plugins/com.st.stm32cube.ide.mcu.externaltools.gnu-tools-for-stm32.10.3-2021.10.linux64_1.0.0.202111181127/tools/bin/../lib/gcc/arm-none-eabi/10.3.1/../../../../arm-none-eabi/lib/thumb/v7e-m+fp/hard/libc.a
LOAD /opt/st/stm32cubeide_1.10.1/plugins/com.st.stm32cube.ide.mcu.externaltools.gnu-tools-for-stm32.10.3-2021.10.linux64_1.0.0.202111181127/tools/bin/../lib/gcc/arm-none-eabi/10.3.1/../../../../arm-none-eabi/lib/thumb/v7e-m+fp/hard/libm.a
LOAD /opt/st/stm32cubeide_1.10.1/plugins/com.st.stm32cube.ide.mcu.externaltools.gnu-tools-for-stm32.10.3-2021.10.linux64_1.0.0.202111181127/tools/bin/../lib/gcc/arm-none-eabi/10.3.1/thumb/v7e-m+fp/hard/libgcc.a

.debug_line     0x0000000000000000    0x2816c
 .debug_line    0x0000000000000000       0xf9 ./Application/SW4STM32/startup_stm32wb55xx_cm4.o
 .debug_line    0x00000000000000f9      0x94b ./Application/SW4STM32/syscalls.o
 .debug_line    0x0000000000000a44     0x1111 ./Application/User/audio_application.o
 .debug_line    0x0000000000001b55     0x1109 ./Application/User/cube_hal_wb.o
 .debug_line    0x0000000000002c5e     0x1029 ./Application/User/main.o
 .debug_line    0x0000000000003c87      0xde2 ./Application/User/nucleo_wb55_bus.c.o
 .debug_line    0x0000000000004a69     0x106d ./Application/User/stm32xx_it.o
 .debug_line    0x0000000000005ad6     0x10f2 ./Application/User/usbd_audio_if.o
 .debug_line    0x0000000000006bc8     0x1350 ./Application/User/usbd_conf.o
 .debug_line    0x0000000000007f18      0xf74 ./Application/User/usbd_desc.o
 .debug_line    0x0000000000008e8c      0xa84 ./Drivers/BSP/Components/ad1974.o
 .debug_line    0x0000000000009910     0x1378 ./Drivers/BSP/Components/ad1974_reg.o
 .debug_line    0x000000000000ac88     0x1b23 ./Drivers/BSP/X-NUCLEO-AMICAM1/amicam1_audio.o
 .debug_line    0x000000000000c7ab      0xcb8 ./Drivers/CMSIS/system_stm32wbxx.o
 .debug_line    0x000000000000d463     0x132c ./Drivers/STM32WBxx_HAL_Driver/stm32wbxx_hal.o
 .debug_line    0x000000000000e78f     0x10d5 ./Drivers/STM32WBxx_HAL_Driver/stm32wbxx_hal_cortex.o
 .debug_line    0x000000000000f864     0x152e ./Drivers/STM32WBxx_HAL_Driver/stm32wbxx_hal_dma.o
 .debug_line    0x0000000000010d92     0x108e ./Drivers/STM32WBxx_HAL_Driver/stm32wbxx_hal_gpio.o
 .debug_line    0x0000000000011e20     0x1ba3 ./Drivers/STM32WBxx_HAL_Driver/stm32wbxx_hal_pcd.o
 .debug_line    0x00000000000139c3      0xd68 ./Drivers/STM32WBxx_HAL_Driver/stm32wbxx_hal_pcd_ex.o
 .debug_line    0x000000000001472b      0xde2 ./Drivers/STM32WBxx_HAL_Driver/stm32wbxx_hal_pwr.o
 .debug_line    0x000000000001550d     0x1584 ./Drivers/STM32WBxx_HAL_Driver/stm32wbxx_hal_pwr_ex.o
 .debug_line    0x0000000000016a91     0x2213 ./Drivers/STM32WBxx_HAL_Driver/stm32wbxx_hal_rcc.o
 .debug_line    0x0000000000018ca4     0x2533 ./Drivers/STM32WBxx_HAL_Driver/stm32wbxx_hal_rcc_ex.o
 .debug_line    0x000000000001b1d7     0x25b9 ./Drivers/STM32WBxx_HAL_Driver/stm32wbxx_hal_sai.o
 .debug_line    0x000000000001d790     0x3777 ./Drivers/STM32WBxx_HAL_Driver/stm32wbxx_hal_spi.o
 .debug_line    0x0000000000020f07     0x1eae ./Drivers/STM32WBxx_HAL_Driver/stm32wbxx_ll_usb.o
 .debug_line    0x0000000000022db5     0x1909 ./Middlewares/ST/STM32_USB_Device_Library/Class/AUDIO/usbd_audio_in.o
 .debug_line    0x00000000000246be     0x1577 ./Middlewares/ST/STM32_USB_Device_Library/Core/usbd_core.o
 .debug_line    0x0000000000025c35     0x15f6 ./Middlewares/ST/STM32_USB_Device_Library/Core/usbd_ctlreq.o
 .debug_line    0x000000000002722b      0xf41 ./Middlewares/ST/STM32_USB_Device_Library/Core/usbd_ioreq.o

.debug_info     0x0000000000000000    0x244c1
 .debug_info    0x0000000000000000       0x22 ./Application/SW4STM32/startup_stm32wb55xx_cm4.o
 .debug_info    0x0000000000000022      0x872 ./Application/SW4STM32/syscalls.o
 .debug_info    0x0000000000000894      0x369 ./Application/User/audio_application.o
 .debug_info    0x0000000000000bfd      0x957 ./Application/User/cube_hal_wb.o
 .debug_info    0x0000000000001554      0x8f9 ./Application/User/main.o
 .debug_info    0x0000000000001e4d     0x1102 ./Application/User/nucleo_wb55_bus.c.o
 .debug_info    0x0000000000002f4f      0xdd1 ./Application/User/stm32xx_it.o
 .debug_info    0x0000000000003d20      0x91e ./Application/User/usbd_audio_if.o
 .debug_info    0x000000000000463e     0x23bd ./Application/User/usbd_conf.o
 .debug_info    0x00000000000069fb      0x55f ./Application/User/usbd_desc.o
 .debug_info    0x0000000000006f5a     0x115f ./Drivers/BSP/Components/ad1974.o
 .debug_info    0x00000000000080b9     0x28bb ./Drivers/BSP/Components/ad1974_reg.o
 .debug_info    0x000000000000a974     0x2cbe ./Drivers/BSP/X-NUCLEO-AMICAM1/amicam1_audio.o
 .debug_info    0x000000000000d632      0x75f ./Drivers/CMSIS/system_stm32wbxx.o
 .debug_info    0x000000000000dd91     0x16a3 ./Drivers/STM32WBxx_HAL_Driver/stm32wbxx_hal.o
 .debug_info    0x000000000000f434      0xf94 ./Drivers/STM32WBxx_HAL_Driver/stm32wbxx_hal_cortex.o
 .debug_info    0x00000000000103c8      0xa46 ./Drivers/STM32WBxx_HAL_Driver/stm32wbxx_hal_dma.o
 .debug_info    0x0000000000010e0e      0x789 ./Drivers/STM32WBxx_HAL_Driver/stm32wbxx_hal_gpio.o
 .debug_info    0x0000000000011597     0x1d68 ./Drivers/STM32WBxx_HAL_Driver/stm32wbxx_hal_pcd.o
 .debug_info    0x00000000000132ff      0x9ae ./Drivers/STM32WBxx_HAL_Driver/stm32wbxx_hal_pcd_ex.o
 .debug_info    0x0000000000013cad      0xa40 ./Drivers/STM32WBxx_HAL_Driver/stm32wbxx_hal_pwr.o
 .debug_info    0x00000000000146ed     0x1468 ./Drivers/STM32WBxx_HAL_Driver/stm32wbxx_hal_pwr_ex.o
 .debug_info    0x0000000000015b55     0x225f ./Drivers/STM32WBxx_HAL_Driver/stm32wbxx_hal_rcc.o
 .debug_info    0x0000000000017db4     0x2bd1 ./Drivers/STM32WBxx_HAL_Driver/stm32wbxx_hal_rcc_ex.o
 .debug_info    0x000000000001a985     0x1b19 ./Drivers/STM32WBxx_HAL_Driver/stm32wbxx_hal_sai.o
 .debug_info    0x000000000001c49e     0x26c7 ./Drivers/STM32WBxx_HAL_Driver/stm32wbxx_hal_spi.o
 .debug_info    0x000000000001eb65     0x18f1 ./Drivers/STM32WBxx_HAL_Driver/stm32wbxx_ll_usb.o
 .debug_info    0x0000000000020456     0x13f9 ./Middlewares/ST/STM32_USB_Device_Library/Class/AUDIO/usbd_audio_in.o
 .debug_info    0x000000000002184f     0x12aa ./Middlewares/ST/STM32_USB_Device_Library/Core/usbd_core.o
 .debug_info    0x0000000000022af9     0x10bd ./Middlewares/ST/STM32_USB_Device_Library/Core/usbd_ctlreq.o
 .debug_info    0x0000000000023bb6      0x90b ./Middlewares/ST/STM32_USB_Device_Library/Core/usbd_ioreq.o

.debug_abbrev   0x0000000000000000     0x586f
 .debug_abbrev  0x0000000000000000       0x12 ./Application/SW4STM32/startup_stm32wb55xx_cm4.o
 .debug_abbrev  0x0000000000000012      0x23c ./Application/SW4STM32/syscalls.o
 .debug_abbrev  0x000000000000024e      0x143 ./Application/User/audio_application.o
 .debug_abbrev  0x0000000000000391      0x1ab ./Application/User/cube_hal_wb.o
 .debug_abbrev  0x000000000000053c      0x1fc ./Application/User/main.o
 .debug_abbrev  0x0000000000000738      0x2fe ./Application/User/nucleo_wb55_bus.c.o
 .debug_abbrev  0x0000000000000a36      0x1ed ./Application/User/stm32xx_it.o
 .debug_abbrev  0x0000000000000c23      0x2b8 ./Application/User/usbd_audio_if.o
 .debug_abbrev  0x0000000000000edb      0x3ce ./Application/User/usbd_conf.o
 .debug_abbrev  0x00000000000012a9      0x1e4 ./Application/User/usbd_desc.o
 .debug_abbrev  0x000000000000148d      0x33c ./Drivers/BSP/Components/ad1974.o
 .debug_abbrev  0x00000000000017c9      0x1f4 ./Drivers/BSP/Components/ad1974_reg.o
 .debug_abbrev  0x00000000000019bd      0x4e2 ./Drivers/BSP/X-NUCLEO-AMICAM1/amicam1_audio.o
 .debug_abbrev  0x0000000000001e9f      0x13c ./Drivers/CMSIS/system_stm32wbxx.o
 .debug_abbrev  0x0000000000001fdb      0x43c ./Drivers/STM32WBxx_HAL_Driver/stm32wbxx_hal.o
 .debug_abbrev  0x0000000000002417      0x37f ./Drivers/STM32WBxx_HAL_Driver/stm32wbxx_hal_cortex.o
 .debug_abbrev  0x0000000000002796      0x27c ./Drivers/STM32WBxx_HAL_Driver/stm32wbxx_hal_dma.o
 .debug_abbrev  0x0000000000002a12      0x1ef ./Drivers/STM32WBxx_HAL_Driver/stm32wbxx_hal_gpio.o
 .debug_abbrev  0x0000000000002c01      0x3d5 ./Drivers/STM32WBxx_HAL_Driver/stm32wbxx_hal_pcd.o
 .debug_abbrev  0x0000000000002fd6      0x29e ./Drivers/STM32WBxx_HAL_Driver/stm32wbxx_hal_pcd_ex.o
 .debug_abbrev  0x0000000000003274      0x236 ./Drivers/STM32WBxx_HAL_Driver/stm32wbxx_hal_pwr.o
 .debug_abbrev  0x00000000000034aa      0x373 ./Drivers/STM32WBxx_HAL_Driver/stm32wbxx_hal_pwr_ex.o
 .debug_abbrev  0x000000000000381d      0x426 ./Drivers/STM32WBxx_HAL_Driver/stm32wbxx_hal_rcc.o
 .debug_abbrev  0x0000000000003c43      0x4fc ./Drivers/STM32WBxx_HAL_Driver/stm32wbxx_hal_rcc_ex.o
 .debug_abbrev  0x000000000000413f      0x392 ./Drivers/STM32WBxx_HAL_Driver/stm32wbxx_hal_sai.o
 .debug_abbrev  0x00000000000044d1      0x340 ./Drivers/STM32WBxx_HAL_Driver/stm32wbxx_hal_spi.o
 .debug_abbrev  0x0000000000004811      0x2e2 ./Drivers/STM32WBxx_HAL_Driver/stm32wbxx_ll_usb.o
 .debug_abbrev  0x0000000000004af3      0x47a ./Middlewares/ST/STM32_USB_Device_Library/Class/AUDIO/usbd_audio_in.o
 .debug_abbrev  0x0000000000004f6d      0x3af ./Middlewares/ST/STM32_USB_Device_Library/Core/usbd_core.o
 .debug_abbrev  0x000000000000531c      0x39e ./Middlewares/ST/STM32_USB_Device_Library/Core/usbd_ctlreq.o
 .debug_abbrev  0x00000000000056ba      0x1b5 ./Middlewares/ST/STM32_USB_Device_Library/Core/usbd_ioreq.o

.debug_aranges  0x0000000000000000     0x1530
 .debug_aranges
                0x0000000000000000       0x28 ./Application/SW4STM32/startup_stm32wb55xx_cm4.o
 .debug_aranges
                0x0000000000000028       0xb0 ./Application/SW4STM32/syscalls.o
 .debug_aranges
                0x00000000000000d8       0x50 ./Application/User/audio_application.o
 .debug_aranges
                0x0000000000000128       0x20 ./Application/User/cube_hal_wb.o
 .debug_aranges
                0x0000000000000148       0x20 ./Application/User/main.o
 .debug_aranges
                0x0000000000000168       0x50 ./Application/User/nucleo_wb55_bus.c.o
 .debug_aranges
                0x00000000000001b8       0x40 ./Application/User/stm32xx_it.o
 .debug_aranges
                0x00000000000001f8       0x48 ./Application/User/usbd_audio_if.o
 .debug_aranges
                0x0000000000000240      0x108 ./Application/User/usbd_conf.o
 .debug_aranges
                0x0000000000000348       0x50 ./Application/User/usbd_desc.o
 .debug_aranges
                0x0000000000000398       0xc0 ./Drivers/BSP/Components/ad1974.o
 .debug_aranges
                0x0000000000000458      0x1d0 ./Drivers/BSP/Components/ad1974_reg.o
 .debug_aranges
                0x0000000000000628      0x108 ./Drivers/BSP/X-NUCLEO-AMICAM1/amicam1_audio.o
 .debug_aranges
                0x0000000000000730       0x28 ./Drivers/CMSIS/system_stm32wbxx.o
 .debug_aranges
                0x0000000000000758      0x150 ./Drivers/STM32WBxx_HAL_Driver/stm32wbxx_hal.o
 .debug_aranges
                0x00000000000008a8       0xa0 ./Drivers/STM32WBxx_HAL_Driver/stm32wbxx_hal_cortex.o
 .debug_aranges
                0x0000000000000948       0x88 ./Drivers/STM32WBxx_HAL_Driver/stm32wbxx_hal_dma.o
 .debug_aranges
                0x00000000000009d0       0x60 ./Drivers/STM32WBxx_HAL_Driver/stm32wbxx_hal_gpio.o
 .debug_aranges
                0x0000000000000a30       0xc8 ./Drivers/STM32WBxx_HAL_Driver/stm32wbxx_hal_pcd.o
 .debug_aranges
                0x0000000000000af8       0x50 ./Drivers/STM32WBxx_HAL_Driver/stm32wbxx_hal_pcd_ex.o
 .debug_aranges
                0x0000000000000b48       0x98 ./Drivers/STM32WBxx_HAL_Driver/stm32wbxx_hal_pwr.o
 .debug_aranges
                0x0000000000000be0      0x1b0 ./Drivers/STM32WBxx_HAL_Driver/stm32wbxx_hal_pwr_ex.o
 .debug_aranges
                0x0000000000000d90       0xc0 ./Drivers/STM32WBxx_HAL_Driver/stm32wbxx_hal_rcc.o
 .debug_aranges
                0x0000000000000e50      0x150 ./Drivers/STM32WBxx_HAL_Driver/stm32wbxx_hal_rcc_ex.o
 .debug_aranges
                0x0000000000000fa0      0x148 ./Drivers/STM32WBxx_HAL_Driver/stm32wbxx_hal_sai.o
 .debug_aranges