/home/petar/seminar/x-cube-memsmic1/Projects/STM32F401RE-Nucleo/Demonstration/CCA02M2/Microphones_Streaming/Src/audio_application.c:69:6:CCA02M2_AUDIO_IN_HalfTransfer_CallBack	8	static
/home/petar/seminar/x-cube-memsmic1/Projects/STM32F401RE-Nucleo/Demonstration/CCA02M2/Microphones_Streaming/Src/audio_application.c:80:6:CCA02M2_AUDIO_IN_TransferComplete_CallBack	8	static
/home/petar/seminar/x-cube-memsmic1/Projects/STM32F401RE-Nucleo/Demonstration/CCA02M2/Microphones_Streaming/Src/audio_application.c:95:6:AudioProcess	8	static
/home/petar/seminar/x-cube-memsmic1/Projects/STM32F401RE-Nucleo/Demonstration/CCA02M2/Microphones_Streaming/Src/audio_application.c:112:6:Init_Acquisition_Peripherals	8	static
/home/petar/seminar/x-cube-memsmic1/Projects/STM32F401RE-Nucleo/Demonstration/CCA02M2/Microphones_Streaming/Src/audio_application.c:134:6:Start_Acquisition	8	static
/home/petar/seminar/x-cube-memsmic1/Projects/STM32F401RE-Nucleo/Demonstration/CCA02M2/Microphones_Streaming/Src/audio_application.c:144:6:Error_Handler	0	static
