/home/petar/seminar/x-cube-memsmic1/Projects/STM32F401RE-Nucleo/Demonstration/CCA02M2/Microphones_Streaming/Src/usbd_conf_f4.c:36:6:HAL_PCD_MspInit	48	static
/home/petar/seminar/x-cube-memsmic1/Projects/STM32F401RE-Nucleo/Demonstration/CCA02M2/Microphones_Streaming/Src/usbd_conf_f4.c:70:6:HAL_PCD_MspDeInit	0	static
/home/petar/seminar/x-cube-memsmic1/Projects/STM32F401RE-Nucleo/Demonstration/CCA02M2/Microphones_Streaming/Src/usbd_conf_f4.c:89:6:HAL_PCD_SetupStageCallback	0	static
/home/petar/seminar/x-cube-memsmic1/Projects/STM32F401RE-Nucleo/Demonstration/CCA02M2/Microphones_Streaming/Src/usbd_conf_f4.c:99:6:HAL_PCD_DataOutStageCallback	0	static
/home/petar/seminar/x-cube-memsmic1/Projects/STM32F401RE-Nucleo/Demonstration/CCA02M2/Microphones_Streaming/Src/usbd_conf_f4.c:109:6:HAL_PCD_DataInStageCallback	0	static
/home/petar/seminar/x-cube-memsmic1/Projects/STM32F401RE-Nucleo/Demonstration/CCA02M2/Microphones_Streaming/Src/usbd_conf_f4.c:119:6:HAL_PCD_SOFCallback	0	static
/home/petar/seminar/x-cube-memsmic1/Projects/STM32F401RE-Nucleo/Demonstration/CCA02M2/Microphones_Streaming/Src/usbd_conf_f4.c:129:6:HAL_PCD_ResetCallback	8	static
/home/petar/seminar/x-cube-memsmic1/Projects/STM32F401RE-Nucleo/Demonstration/CCA02M2/Microphones_Streaming/Src/usbd_conf_f4.c:159:6:HAL_PCD_SuspendCallback	0	static
/home/petar/seminar/x-cube-memsmic1/Projects/STM32F401RE-Nucleo/Demonstration/CCA02M2/Microphones_Streaming/Src/usbd_conf_f4.c:169:6:HAL_PCD_ResumeCallback	0	static
/home/petar/seminar/x-cube-memsmic1/Projects/STM32F401RE-Nucleo/Demonstration/CCA02M2/Microphones_Streaming/Src/usbd_conf_f4.c:179:6:HAL_PCD_ISOOUTIncompleteCallback	0	static
/home/petar/seminar/x-cube-memsmic1/Projects/STM32F401RE-Nucleo/Demonstration/CCA02M2/Microphones_Streaming/Src/usbd_conf_f4.c:189:6:HAL_PCD_ISOINIncompleteCallback	0	static
/home/petar/seminar/x-cube-memsmic1/Projects/STM32F401RE-Nucleo/Demonstration/CCA02M2/Microphones_Streaming/Src/usbd_conf_f4.c:199:6:HAL_PCD_ConnectCallback	0	static
/home/petar/seminar/x-cube-memsmic1/Projects/STM32F401RE-Nucleo/Demonstration/CCA02M2/Microphones_Streaming/Src/usbd_conf_f4.c:209:6:HAL_PCD_DisconnectCallback	0	static
/home/petar/seminar/x-cube-memsmic1/Projects/STM32F401RE-Nucleo/Demonstration/CCA02M2/Microphones_Streaming/Src/usbd_conf_f4.c:223:21:USBD_LL_Init	16	static
/home/petar/seminar/x-cube-memsmic1/Projects/STM32F401RE-Nucleo/Demonstration/CCA02M2/Microphones_Streaming/Src/usbd_conf_f4.c:259:21:USBD_LL_DeInit	8	static
/home/petar/seminar/x-cube-memsmic1/Projects/STM32F401RE-Nucleo/Demonstration/CCA02M2/Microphones_Streaming/Src/usbd_conf_f4.c:271:21:USBD_LL_Start	8	static
/home/petar/seminar/x-cube-memsmic1/Projects/STM32F401RE-Nucleo/Demonstration/CCA02M2/Microphones_Streaming/Src/usbd_conf_f4.c:283:21:USBD_LL_Stop	8	static
/home/petar/seminar/x-cube-memsmic1/Projects/STM32F401RE-Nucleo/Demonstration/CCA02M2/Microphones_Streaming/Src/usbd_conf_f4.c:298:21:USBD_LL_OpenEP	8	static
/home/petar/seminar/x-cube-memsmic1/Projects/STM32F401RE-Nucleo/Demonstration/CCA02M2/Microphones_Streaming/Src/usbd_conf_f4.c:315:21:USBD_LL_CloseEP	8	static
/home/petar/seminar/x-cube-memsmic1/Projects/STM32F401RE-Nucleo/Demonstration/CCA02M2/Microphones_Streaming/Src/usbd_conf_f4.c:328:21:USBD_LL_FlushEP	8	static
/home/petar/seminar/x-cube-memsmic1/Projects/STM32F401RE-Nucleo/Demonstration/CCA02M2/Microphones_Streaming/Src/usbd_conf_f4.c:341:21:USBD_LL_StallEP	8	static
/home/petar/seminar/x-cube-memsmic1/Projects/STM32F401RE-Nucleo/Demonstration/CCA02M2/Microphones_Streaming/Src/usbd_conf_f4.c:354:21:USBD_LL_ClearStallEP	8	static
/home/petar/seminar/x-cube-memsmic1/Projects/STM32F401RE-Nucleo/Demonstration/CCA02M2/Microphones_Streaming/Src/usbd_conf_f4.c:367:9:USBD_LL_IsStallEP	0	static
/home/petar/seminar/x-cube-memsmic1/Projects/STM32F401RE-Nucleo/Demonstration/CCA02M2/Microphones_Streaming/Src/usbd_conf_f4.c:387:21:USBD_LL_SetUSBAddress	8	static
/home/petar/seminar/x-cube-memsmic1/Projects/STM32F401RE-Nucleo/Demonstration/CCA02M2/Microphones_Streaming/Src/usbd_conf_f4.c:402:21:USBD_LL_Transmit	8	static
/home/petar/seminar/x-cube-memsmic1/Projects/STM32F401RE-Nucleo/Demonstration/CCA02M2/Microphones_Streaming/Src/usbd_conf_f4.c:417:21:USBD_LL_PrepareReceive	8	static
/home/petar/seminar/x-cube-memsmic1/Projects/STM32F401RE-Nucleo/Demonstration/CCA02M2/Microphones_Streaming/Src/usbd_conf_f4.c:430:10:USBD_LL_GetRxDataSize	0	static
/home/petar/seminar/x-cube-memsmic1/Projects/STM32F401RE-Nucleo/Demonstration/CCA02M2/Microphones_Streaming/Src/usbd_conf_f4.c:441:7:USBD_LL_Delay	0	static
