/home/petar/seminar/x-cube-memsmic1/Middlewares/ST/STM32_USB_Device_Library/Class/AUDIO/Src/usbd_audio_in.c:318:18:USBD_AUDIO_GetCfgDesc	0	static
/home/petar/seminar/x-cube-memsmic1/Middlewares/ST/STM32_USB_Device_Library/Class/AUDIO/Src/usbd_audio_in.c:395:17:USBD_AUDIO_EP0_RxReady	8	static
/home/petar/seminar/x-cube-memsmic1/Middlewares/ST/STM32_USB_Device_Library/Class/AUDIO/Src/usbd_audio_in.c:420:17:USBD_AUDIO_EP0_TxReady	0	static
/home/petar/seminar/x-cube-memsmic1/Middlewares/ST/STM32_USB_Device_Library/Class/AUDIO/Src/usbd_audio_in.c:466:17:USBD_AUDIO_DataOut	0	static
/home/petar/seminar/x-cube-memsmic1/Middlewares/ST/STM32_USB_Device_Library/Class/AUDIO/Src/usbd_audio_in.c:478:18:USBD_AUDIO_GetDeviceQualifierDesc	0	static
/home/petar/seminar/x-cube-memsmic1/Middlewares/ST/STM32_USB_Device_Library/Class/AUDIO/Src/usbd_audio_in.c:331:16:USBD_AUDIO_DataIn	32	static
/home/petar/seminar/x-cube-memsmic1/Middlewares/ST/STM32_USB_Device_Library/Class/AUDIO/Src/usbd_audio_in.c:232:17:USBD_AUDIO_Setup	24	static
/home/petar/seminar/x-cube-memsmic1/Middlewares/ST/STM32_USB_Device_Library/Class/AUDIO/Src/usbd_audio_in.c:211:17:USBD_AUDIO_DeInit	8	static
/home/petar/seminar/x-cube-memsmic1/Middlewares/ST/STM32_USB_Device_Library/Class/AUDIO/Src/usbd_audio_in.c:169:17:USBD_AUDIO_Init	24	static
/home/petar/seminar/x-cube-memsmic1/Middlewares/ST/STM32_USB_Device_Library/Class/AUDIO/Src/usbd_audio_in.c:444:17:USBD_AUDIO_IsoINIncomplete	0	static
/home/petar/seminar/x-cube-memsmic1/Middlewares/ST/STM32_USB_Device_Library/Class/AUDIO/Src/usbd_audio_in.c:431:17:USBD_AUDIO_SOF	0	static
/home/petar/seminar/x-cube-memsmic1/Middlewares/ST/STM32_USB_Device_Library/Class/AUDIO/Src/usbd_audio_in.c:455:17:USBD_AUDIO_IsoOutIncomplete	0	static
/home/petar/seminar/x-cube-memsmic1/Middlewares/ST/STM32_USB_Device_Library/Class/AUDIO/Src/usbd_audio_in.c:606:10:USBD_AUDIO_Data_Transfer	24	static
/home/petar/seminar/x-cube-memsmic1/Middlewares/ST/STM32_USB_Device_Library/Class/AUDIO/Src/usbd_audio_in.c:667:10:USBD_AUDIO_RegisterInterface	0	static
/home/petar/seminar/x-cube-memsmic1/Middlewares/ST/STM32_USB_Device_Library/Class/AUDIO/Src/usbd_audio_in.c:684:6:USBD_AUDIO_Init_Microphone_Descriptor	280	static
