../../../../../../../../Drivers/STM32WBxx_HAL_Driver/Inc/stm32wbxx_ll_adc.h:5451:22:LL_ADC_SetChannelSamplingTime	12	static
../../../../../../../../Drivers/STM32WBxx_HAL_Driver/Inc/stm32wbxx_ll_adc.h:7015:26:LL_ADC_INJ_IsConversionOngoing	0	static
/home/petar/seminar/x-cube-memsmic1/Drivers/STM32WBxx_HAL_Driver/Src/stm32wbxx_hal_adc_ex.c:125:19:HAL_ADCEx_Calibration_Start	24	static
/home/petar/seminar/x-cube-memsmic1/Drivers/STM32WBxx_HAL_Driver/Src/stm32wbxx_hal_adc_ex.c:234:10:HAL_ADCEx_Calibration_GetValue	0	static
/home/petar/seminar/x-cube-memsmic1/Drivers/STM32WBxx_HAL_Driver/Src/stm32wbxx_hal_adc_ex.c:264:19:HAL_ADCEx_Calibration_SetValue	24	static
/home/petar/seminar/x-cube-memsmic1/Drivers/STM32WBxx_HAL_Driver/Src/stm32wbxx_hal_adc_ex.c:338:19:HAL_ADCEx_InjectedStart	8	static
/home/petar/seminar/x-cube-memsmic1/Drivers/STM32WBxx_HAL_Driver/Src/stm32wbxx_hal_adc_ex.c:439:19:HAL_ADCEx_InjectedStop	8	static
/home/petar/seminar/x-cube-memsmic1/Drivers/STM32WBxx_HAL_Driver/Src/stm32wbxx_hal_adc_ex.c:494:19:HAL_ADCEx_InjectedPollForConversion	24	static
/home/petar/seminar/x-cube-memsmic1/Drivers/STM32WBxx_HAL_Driver/Src/stm32wbxx_hal_adc_ex.c:607:19:HAL_ADCEx_InjectedStart_IT	8	static
/home/petar/seminar/x-cube-memsmic1/Drivers/STM32WBxx_HAL_Driver/Src/stm32wbxx_hal_adc_ex.c:731:19:HAL_ADCEx_InjectedStop_IT	8	static
/home/petar/seminar/x-cube-memsmic1/Drivers/STM32WBxx_HAL_Driver/Src/stm32wbxx_hal_adc_ex.c:814:10:HAL_ADCEx_InjectedGetValue	0	static
/home/petar/seminar/x-cube-memsmic1/Drivers/STM32WBxx_HAL_Driver/Src/stm32wbxx_hal_adc_ex.c:849:13:HAL_ADCEx_InjectedConvCpltCallback	0	static
/home/petar/seminar/x-cube-memsmic1/Drivers/STM32WBxx_HAL_Driver/Src/stm32wbxx_hal_adc_ex.c:868:13:HAL_ADCEx_InjectedQueueOverflowCallback	0	static
/home/petar/seminar/x-cube-memsmic1/Drivers/STM32WBxx_HAL_Driver/Src/stm32wbxx_hal_adc_ex.c:884:13:HAL_ADCEx_LevelOutOfWindow2Callback	0	static
/home/petar/seminar/x-cube-memsmic1/Drivers/STM32WBxx_HAL_Driver/Src/stm32wbxx_hal_adc_ex.c:899:13:HAL_ADCEx_LevelOutOfWindow3Callback	0	static
/home/petar/seminar/x-cube-memsmic1/Drivers/STM32WBxx_HAL_Driver/Src/stm32wbxx_hal_adc_ex.c:915:13:HAL_ADCEx_EndOfSamplingCallback	0	static
/home/petar/seminar/x-cube-memsmic1/Drivers/STM32WBxx_HAL_Driver/Src/stm32wbxx_hal_adc_ex.c:935:19:HAL_ADCEx_RegularStop	8	static
/home/petar/seminar/x-cube-memsmic1/Drivers/STM32WBxx_HAL_Driver/Src/stm32wbxx_hal_adc_ex.c:993:19:HAL_ADCEx_RegularStop_IT	8	static
/home/petar/seminar/x-cube-memsmic1/Drivers/STM32WBxx_HAL_Driver/Src/stm32wbxx_hal_adc_ex.c:1050:19:HAL_ADCEx_RegularStop_DMA	16	static
/home/petar/seminar/x-cube-memsmic1/Drivers/STM32WBxx_HAL_Driver/Src/stm32wbxx_hal_adc_ex.c:1182:19:HAL_ADCEx_InjectedConfigChannel	32	static,ignoring_inline_asm
/home/petar/seminar/x-cube-memsmic1/Drivers/STM32WBxx_HAL_Driver/Src/stm32wbxx_hal_adc_ex.c:1608:19:HAL_ADCEx_EnableInjectedQueue	8	static
/home/petar/seminar/x-cube-memsmic1/Drivers/STM32WBxx_HAL_Driver/Src/stm32wbxx_hal_adc_ex.c:1649:19:HAL_ADCEx_DisableInjectedQueue	8	static
/home/petar/seminar/x-cube-memsmic1/Drivers/STM32WBxx_HAL_Driver/Src/stm32wbxx_hal_adc_ex.c:1687:19:HAL_ADCEx_DisableVoltageRegulator	0	static
/home/petar/seminar/x-cube-memsmic1/Drivers/STM32WBxx_HAL_Driver/Src/stm32wbxx_hal_adc_ex.c:1727:19:HAL_ADCEx_EnterADCDeepPowerDownMode	0	static
