/home/petar/seminar/x-cube-memsmic1/Projects/STM32WB55RG-Nucleo/Demonstration/CCA02M2/Microphones_Streaming/Src/usbd_conf.c:49:6:HAL_PCD_MspInit	48	static
/home/petar/seminar/x-cube-memsmic1/Projects/STM32WB55RG-Nucleo/Demonstration/CCA02M2/Microphones_Streaming/Src/usbd_conf.c:101:6:HAL_PCD_MspDeInit	0	static
/home/petar/seminar/x-cube-memsmic1/Projects/STM32WB55RG-Nucleo/Demonstration/CCA02M2/Microphones_Streaming/Src/usbd_conf.c:116:6:HAL_PCD_SetupStageCallback	0	static
/home/petar/seminar/x-cube-memsmic1/Projects/STM32WB55RG-Nucleo/Demonstration/CCA02M2/Microphones_Streaming/Src/usbd_conf.c:127:6:HAL_PCD_DataOutStageCallback	0	static
/home/petar/seminar/x-cube-memsmic1/Projects/STM32WB55RG-Nucleo/Demonstration/CCA02M2/Microphones_Streaming/Src/usbd_conf.c:138:6:HAL_PCD_DataInStageCallback	0	static
/home/petar/seminar/x-cube-memsmic1/Projects/STM32WB55RG-Nucleo/Demonstration/CCA02M2/Microphones_Streaming/Src/usbd_conf.c:148:6:HAL_PCD_SOFCallback	0	static
/home/petar/seminar/x-cube-memsmic1/Projects/STM32WB55RG-Nucleo/Demonstration/CCA02M2/Microphones_Streaming/Src/usbd_conf.c:158:6:HAL_PCD_ResetCallback	8	static
/home/petar/seminar/x-cube-memsmic1/Projects/STM32WB55RG-Nucleo/Demonstration/CCA02M2/Microphones_Streaming/Src/usbd_conf.c:172:6:HAL_PCD_SuspendCallback	8	static
/home/petar/seminar/x-cube-memsmic1/Projects/STM32WB55RG-Nucleo/Demonstration/CCA02M2/Microphones_Streaming/Src/usbd_conf.c:189:6:HAL_PCD_ResumeCallback	128	static
/home/petar/seminar/x-cube-memsmic1/Projects/STM32WB55RG-Nucleo/Demonstration/CCA02M2/Microphones_Streaming/Src/usbd_conf.c:207:6:HAL_PCD_ISOOUTIncompleteCallback	0	static
/home/petar/seminar/x-cube-memsmic1/Projects/STM32WB55RG-Nucleo/Demonstration/CCA02M2/Microphones_Streaming/Src/usbd_conf.c:218:6:HAL_PCD_ISOINIncompleteCallback	0	static
/home/petar/seminar/x-cube-memsmic1/Projects/STM32WB55RG-Nucleo/Demonstration/CCA02M2/Microphones_Streaming/Src/usbd_conf.c:228:6:HAL_PCD_ConnectCallback	0	static
/home/petar/seminar/x-cube-memsmic1/Projects/STM32WB55RG-Nucleo/Demonstration/CCA02M2/Microphones_Streaming/Src/usbd_conf.c:238:6:HAL_PCD_DisconnectCallback	0	static
/home/petar/seminar/x-cube-memsmic1/Projects/STM32WB55RG-Nucleo/Demonstration/CCA02M2/Microphones_Streaming/Src/usbd_conf.c:252:20:USBD_LL_Init	16	static
/home/petar/seminar/x-cube-memsmic1/Projects/STM32WB55RG-Nucleo/Demonstration/CCA02M2/Microphones_Streaming/Src/usbd_conf.c:283:20:USBD_LL_DeInit	8	static
/home/petar/seminar/x-cube-memsmic1/Projects/STM32WB55RG-Nucleo/Demonstration/CCA02M2/Microphones_Streaming/Src/usbd_conf.c:294:20:USBD_LL_Start	8	static
/home/petar/seminar/x-cube-memsmic1/Projects/STM32WB55RG-Nucleo/Demonstration/CCA02M2/Microphones_Streaming/Src/usbd_conf.c:305:20:USBD_LL_Stop	8	static
/home/petar/seminar/x-cube-memsmic1/Projects/STM32WB55RG-Nucleo/Demonstration/CCA02M2/Microphones_Streaming/Src/usbd_conf.c:319:20:USBD_LL_OpenEP	8	static
/home/petar/seminar/x-cube-memsmic1/Projects/STM32WB55RG-Nucleo/Demonstration/CCA02M2/Microphones_Streaming/Src/usbd_conf.c:334:20:USBD_LL_CloseEP	8	static
/home/petar/seminar/x-cube-memsmic1/Projects/STM32WB55RG-Nucleo/Demonstration/CCA02M2/Microphones_Streaming/Src/usbd_conf.c:346:20:USBD_LL_FlushEP	8	static
/home/petar/seminar/x-cube-memsmic1/Projects/STM32WB55RG-Nucleo/Demonstration/CCA02M2/Microphones_Streaming/Src/usbd_conf.c:358:20:USBD_LL_StallEP	8	static
/home/petar/seminar/x-cube-memsmic1/Projects/STM32WB55RG-Nucleo/Demonstration/CCA02M2/Microphones_Streaming/Src/usbd_conf.c:370:20:USBD_LL_ClearStallEP	8	static
/home/petar/seminar/x-cube-memsmic1/Projects/STM32WB55RG-Nucleo/Demonstration/CCA02M2/Microphones_Streaming/Src/usbd_conf.c:383:9:USBD_LL_IsStallEP	0	static
/home/petar/seminar/x-cube-memsmic1/Projects/STM32WB55RG-Nucleo/Demonstration/CCA02M2/Microphones_Streaming/Src/usbd_conf.c:403:20:USBD_LL_SetUSBAddress	8	static
/home/petar/seminar/x-cube-memsmic1/Projects/STM32WB55RG-Nucleo/Demonstration/CCA02M2/Microphones_Streaming/Src/usbd_conf.c:418:20:USBD_LL_Transmit	8	static
/home/petar/seminar/x-cube-memsmic1/Projects/STM32WB55RG-Nucleo/Demonstration/CCA02M2/Microphones_Streaming/Src/usbd_conf.c:434:20:USBD_LL_PrepareReceive	8	static
/home/petar/seminar/x-cube-memsmic1/Projects/STM32WB55RG-Nucleo/Demonstration/CCA02M2/Microphones_Streaming/Src/usbd_conf.c:448:10:USBD_LL_GetRxDataSize	0	static
/home/petar/seminar/x-cube-memsmic1/Projects/STM32WB55RG-Nucleo/Demonstration/CCA02M2/Microphones_Streaming/Src/usbd_conf.c:506:6:USBD_LL_Delay	0	static
/home/petar/seminar/x-cube-memsmic1/Projects/STM32WB55RG-Nucleo/Demonstration/CCA02M2/Microphones_Streaming/Src/usbd_conf.c:516:7:USBD_static_malloc	0	static
/home/petar/seminar/x-cube-memsmic1/Projects/STM32WB55RG-Nucleo/Demonstration/CCA02M2/Microphones_Streaming/Src/usbd_conf.c:527:6:USBD_static_free	0	static
