../../../../../../../../Drivers/STM32WBxx_HAL_Driver/Inc/stm32wbxx_ll_bus.h:364:22:LL_AHB1_GRP1_EnableClock	8	static
/home/petar/seminar/x-cube-memsmic1/Drivers/BSP/CCA02M2/cca02m2_audio.c:542:16:CCA02M2_AUDIO_IN_DeInit	0	static
/home/petar/seminar/x-cube-memsmic1/Drivers/BSP/CCA02M2/cca02m2_audio.c:862:26:MX_SAI_ClockConfig	88	static
/home/petar/seminar/x-cube-memsmic1/Drivers/BSP/CCA02M2/cca02m2_audio.c:1069:16:CCA02M2_AUDIO_IN_PDMToPCM_Init	48	static
/home/petar/seminar/x-cube-memsmic1/Drivers/BSP/CCA02M2/cca02m2_audio.c:237:16:CCA02M2_AUDIO_IN_Init	72	static
/home/petar/seminar/x-cube-memsmic1/Drivers/BSP/CCA02M2/cca02m2_audio.c:1195:16:CCA02M2_AUDIO_IN_PDMToPCM	80	static
/home/petar/seminar/x-cube-memsmic1/Drivers/BSP/CCA02M2/cca02m2_audio.c:1255:9:CCA02M2_AUDIO_IN_Record	8	static
/home/petar/seminar/x-cube-memsmic1/Drivers/BSP/CCA02M2/cca02m2_audio.c:1334:9:CCA02M2_AUDIO_IN_Stop	8	static
/home/petar/seminar/x-cube-memsmic1/Drivers/BSP/CCA02M2/cca02m2_audio.c:1398:9:CCA02M2_AUDIO_IN_Pause	8	static
/home/petar/seminar/x-cube-memsmic1/Drivers/BSP/CCA02M2/cca02m2_audio.c:1454:9:CCA02M2_AUDIO_IN_Resume	8	static
/home/petar/seminar/x-cube-memsmic1/Drivers/BSP/CCA02M2/cca02m2_audio.c:1512:9:CCA02M2_AUDIO_IN_RecordChannels	0	static
/home/petar/seminar/x-cube-memsmic1/Drivers/BSP/CCA02M2/cca02m2_audio.c:1578:9:CCA02M2_AUDIO_IN_StopChannels	0	static
/home/petar/seminar/x-cube-memsmic1/Drivers/BSP/CCA02M2/cca02m2_audio.c:1594:9:CCA02M2_AUDIO_IN_PauseChannels	0	static
/home/petar/seminar/x-cube-memsmic1/Drivers/BSP/CCA02M2/cca02m2_audio.c:1634:9:CCA02M2_AUDIO_IN_ResumeChannels	0	static
/home/petar/seminar/x-cube-memsmic1/Drivers/BSP/CCA02M2/cca02m2_audio.c:1676:9:CCA02M2_AUDIO_IN_RecordPDM	0	static
/home/petar/seminar/x-cube-memsmic1/Drivers/BSP/CCA02M2/cca02m2_audio.c:1711:9:CCA02M2_AUDIO_IN_SetDevice	32	static
/home/petar/seminar/x-cube-memsmic1/Drivers/BSP/CCA02M2/cca02m2_audio.c:1765:9:CCA02M2_AUDIO_IN_GetDevice	0	static
/home/petar/seminar/x-cube-memsmic1/Drivers/BSP/CCA02M2/cca02m2_audio.c:1785:9:CCA02M2_AUDIO_IN_SetSampleRate	32	static
/home/petar/seminar/x-cube-memsmic1/Drivers/BSP/CCA02M2/cca02m2_audio.c:1842:9:CCA02M2_AUDIO_IN_GetSampleRate	0	static
/home/petar/seminar/x-cube-memsmic1/Drivers/BSP/CCA02M2/cca02m2_audio.c:1863:9:CCA02M2_AUDIO_IN_SetBitsPerSample	32	static
/home/petar/seminar/x-cube-memsmic1/Drivers/BSP/CCA02M2/cca02m2_audio.c:1916:9:CCA02M2_AUDIO_IN_GetBitsPerSample	0	static
/home/petar/seminar/x-cube-memsmic1/Drivers/BSP/CCA02M2/cca02m2_audio.c:1936:9:CCA02M2_AUDIO_IN_SetChannelsNbr	0	static
/home/petar/seminar/x-cube-memsmic1/Drivers/BSP/CCA02M2/cca02m2_audio.c:1957:9:CCA02M2_AUDIO_IN_GetChannelsNbr	0	static
/home/petar/seminar/x-cube-memsmic1/Drivers/BSP/CCA02M2/cca02m2_audio.c:1977:9:CCA02M2_AUDIO_IN_SetVolume	32	static
/home/petar/seminar/x-cube-memsmic1/Drivers/BSP/CCA02M2/cca02m2_audio.c:2023:9:CCA02M2_AUDIO_IN_GetVolume	0	static
/home/petar/seminar/x-cube-memsmic1/Drivers/BSP/CCA02M2/cca02m2_audio.c:2044:9:CCA02M2_AUDIO_IN_GetState	0	static
/home/petar/seminar/x-cube-memsmic1/Drivers/BSP/CCA02M2/cca02m2_audio.c:2421:13:CCA02M2_AUDIO_IN_TransferComplete_CallBack	0	static
/home/petar/seminar/x-cube-memsmic1/Drivers/BSP/CCA02M2/cca02m2_audio.c:2173:6:HAL_SAI_RxCpltCallback	8	static
/home/petar/seminar/x-cube-memsmic1/Drivers/BSP/CCA02M2/cca02m2_audio.c:2435:13:CCA02M2_AUDIO_IN_HalfTransfer_CallBack	0	static
/home/petar/seminar/x-cube-memsmic1/Drivers/BSP/CCA02M2/cca02m2_audio.c:2227:6:HAL_SAI_RxHalfCpltCallback	8	static
/home/petar/seminar/x-cube-memsmic1/Drivers/BSP/CCA02M2/cca02m2_audio.c:2449:13:CCA02M2_AUDIO_IN_Error_CallBack	0	static
