Archive member included to satisfy reference by file (symbol)

../../../../../../../../Middlewares/ST/STM32_Audio/Addons/PDM/Lib/libPDMFilter_CM4_GCC_wc32.a(pdm_filter.o)
                              ./Drivers/BSP/X-NUCLEO-CCA02M2/cca02m2_audio.o (PDM_Filter_Init)
../../../../../../../../Middlewares/ST/STM32_Audio/Addons/PDM/Lib/libPDMFilter_CM4_GCC_wc32.a(stm32_crc_lock.o)
                              ../../../../../../../../Middlewares/ST/STM32_Audio/Addons/PDM/Lib/libPDMFilter_CM4_GCC_wc32.a(pdm_filter.o) (CRC_Lock)
../../../../../../../../Drivers/CMSIS/DSP/Lib/GCC/libarm_cortexM4lf_math.a(arm_fir_decimate_q15.o)
                              ./Drivers/BSP/X-NUCLEO-CCA02M2/cca02m2_audio.o (arm_fir_decimate_q15)
../../../../../../../../Drivers/CMSIS/DSP/Lib/GCC/libarm_cortexM4lf_math.a(arm_fir_decimate_init_q15.o)
                              ./Drivers/BSP/X-NUCLEO-CCA02M2/cca02m2_audio.o (arm_fir_decimate_init_q15)
/opt/st/stm32cubeide_1.10.1/plugins/com.st.stm32cube.ide.mcu.externaltools.gnu-tools-for-stm32.10.3-2021.10.linux64_1.0.0.202111181127/tools/bin/../lib/gcc/arm-none-eabi/10.3.1/../../../../arm-none-eabi/lib/thumb/v7e-m+fp/hard/libc_nano.a(lib_a-errno.o)
                              ./Application/SW4STM32/syscalls.o (__errno)
/opt/st/stm32cubeide_1.10.1/plugins/com.st.stm32cube.ide.mcu.externaltools.gnu-tools-for-stm32.10.3-2021.10.linux64_1.0.0.202111181127/tools/bin/../lib/gcc/arm-none-eabi/10.3.1/../../../../arm-none-eabi/lib/thumb/v7e-m+fp/hard/libc_nano.a(lib_a-exit.o)
                              /opt/st/stm32cubeide_1.10.1/plugins/com.st.stm32cube.ide.mcu.externaltools.gnu-tools-for-stm32.10.3-2021.10.linux64_1.0.0.202111181127/tools/bin/../lib/gcc/arm-none-eabi/10.3.1/../../../../arm-none-eabi/lib/thumb/v7e-m+fp/hard/crt0.o (exit)
/opt/st/stm32cubeide_1.10.1/plugins/com.st.stm32cube.ide.mcu.externaltools.gnu-tools-for-stm32.10.3-2021.10.linux64_1.0.0.202111181127/tools/bin/../lib/gcc/arm-none-eabi/10.3.1/../../../../arm-none-eabi/lib/thumb/v7e-m+fp/hard/libc_nano.a(lib_a-impure.o)
                              /opt/st/stm32cubeide_1.10.1/plugins/com.st.stm32cube.ide.mcu.externaltools.gnu-tools-for-stm32.10.3-2021.10.linux64_1.0.0.202111181127/tools/bin/../lib/gcc/arm-none-eabi/10.3.1/../../../../arm-none-eabi/lib/thumb/v7e-m+fp/hard/libc_nano.a(lib_a-exit.o) (_global_impure_ptr)
/opt/st/stm32cubeide_1.10.1/plugins/com.st.stm32cube.ide.mcu.externaltools.gnu-tools-for-stm32.10.3-2021.10.linux64_1.0.0.202111181127/tools/bin/../lib/gcc/arm-none-eabi/10.3.1/../../../../arm-none-eabi/lib/thumb/v7e-m+fp/hard/libc_nano.a(lib_a-init.o)
                              /opt/st/stm32cubeide_1.10.1/plugins/com.st.stm32cube.ide.mcu.externaltools.gnu-tools-for-stm32.10.3-2021.10.linux64_1.0.0.202111181127/tools/bin/../lib/gcc/arm-none-eabi/10.3.1/../../../../arm-none-eabi/lib/thumb/v7e-m+fp/hard/crt0.o (__libc_init_array)
/opt/st/stm32cubeide_1.10.1/plugins/com.st.stm32cube.ide.mcu.externaltools.gnu-tools-for-stm32.10.3-2021.10.linux64_1.0.0.202111181127/tools/bin/../lib/gcc/arm-none-eabi/10.3.1/../../../../arm-none-eabi/lib/thumb/v7e-m+fp/hard/libc_nano.a(lib_a-malloc.o)
                              ./Middlewares/ST/STM32_USB_Device_Library/Class/AUDIO/usbd_audio_in.o (malloc)
/opt/st/stm32cubeide_1.10.1/plugins/com.st.stm32cube.ide.mcu.externaltools.gnu-tools-for-stm32.10.3-2021.10.linux64_1.0.0.202111181127/tools/bin/../lib/gcc/arm-none-eabi/10.3.1/../../../../arm-none-eabi/lib/thumb/v7e-m+fp/hard/libc_nano.a(lib_a-memcpy-stub.o)
                              ./Middlewares/ST/STM32_USB_Device_Library/Class/AUDIO/usbd_audio_in.o (memcpy)
/opt/st/stm32cubeide_1.10.1/plugins/com.st.stm32cube.ide.mcu.externaltools.gnu-tools-for-stm32.10.3-2021.10.linux64_1.0.0.202111181127/tools/bin/../lib/gcc/arm-none-eabi/10.3.1/../../../../arm-none-eabi/lib/thumb/v7e-m+fp/hard/libc_nano.a(lib_a-memset.o)
                              /opt/st/stm32cubeide_1.10.1/plugins/com.st.stm32cube.ide.mcu.externaltools.gnu-tools-for-stm32.10.3-2021.10.linux64_1.0.0.202111181127/tools/bin/../lib/gcc/arm-none-eabi/10.3.1/../../../../arm-none-eabi/lib/thumb/v7e-m+fp/hard/crt0.o (memset)
/opt/st/stm32cubeide_1.10.1/plugins/com.st.stm32cube.ide.mcu.externaltools.gnu-tools-for-stm32.10.3-2021.10.linux64_1.0.0.202111181127/tools/bin/../lib/gcc/arm-none-eabi/10.3.1/../../../../arm-none-eabi/lib/thumb/v7e-m+fp/hard/libc_nano.a(lib_a-nano-freer.o)
                              /opt/st/stm32cubeide_1.10.1/plugins/com.st.stm32cube.ide.mcu.externaltools.gnu-tools-for-stm32.10.3-2021.10.linux64_1.0.0.202111181127/tools/bin/../lib/gcc/arm-none-eabi/10.3.1/../../../../arm-none-eabi/lib/thumb/v7e-m+fp/hard/libc_nano.a(lib_a-malloc.o) (_free_r)
/opt/st/stm32cubeide_1.10.1/plugins/com.st.stm32cube.ide.mcu.externaltools.gnu-tools-for-stm32.10.3-2021.10.linux64_1.0.0.202111181127/tools/bin/../lib/gcc/arm-none-eabi/10.3.1/../../../../arm-none-eabi/lib/thumb/v7e-m+fp/hard/libc_nano.a(lib_a-nano-mallocr.o)
[...]
Memory Configuration

Name             Origin             Length             Attributes
FLASH            0x0000000008000000 0x0000000000080000 xr
RAM1             0x0000000020000004 0x000000000002fc00 xrw
RAM_SHARED       0x0000000020030000 0x0000000000002800 xrw
*default*        0x0000000000000000 0xffffffffffffffff

Linker script and memory map

LOAD /opt/st/stm32cubeide_1.10.1/plugins/com.st.stm32cube.ide.mcu.externaltools.gnu-tools-for-stm32.10.3-2021.10.linux64_1.0.0.202111181127/tools/bin/../lib/gcc/arm-none-eabi/10.3.1/thumb/v7e-m+fp/hard/crti.o
LOAD /opt/st/stm32cubeide_1.10.1/plugins/com.st.stm32cube.ide.mcu.externaltools.gnu-tools-for-stm32.10.3-2021.10.linux64_1.0.0.202111181127/tools/bin/../lib/gcc/arm-none-eabi/10.3.1/thumb/v7e-m+fp/hard/crtbegin.o
LOAD /opt/st/stm32cubeide_1.10.1/plugins/com.st.stm32cube.ide.mcu.externaltools.gnu-tools-for-stm32.10.3-2021.10.linux64_1.0.0.202111181127/tools/bin/../lib/gcc/arm-none-eabi/10.3.1/../../../../arm-none-eabi/lib/thumb/v7e-m+fp/hard/crt0.o
LOAD ./Application/SW4STM32/startup_stm32wb55xx_cm4.o
LOAD ./Application/SW4STM32/syscalls.o
LOAD ./Application/User/audio_application.o
LOAD ./Application/User/cube_hal_wb.o
LOAD ./Application/User/main.o
LOAD ./Application/User/stm32xx_it.o
LOAD ./Application/User/usbd_audio_if.o
LOAD ./Application/User/usbd_conf.o
LOAD ./Application/User/usbd_desc.o
LOAD ./Drivers/BSP/P-NUCLEO-WB55.Nucleo/stm32wbxx_nucleo.o
LOAD ./Drivers/BSP/X-NUCLEO-CCA02M2/cca02m2_audio.o
LOAD ./Drivers/CMSIS/system_stm32wbxx.o
LOAD ./Drivers/STM32WBxx_HAL_Driver/stm32wbxx_hal.o
LOAD ./Drivers/STM32WBxx_HAL_Driver/stm32wbxx_hal_adc.o
LOAD ./Drivers/STM32WBxx_HAL_Driver/stm32wbxx_hal_adc_ex.o
LOAD ./Drivers/STM32WBxx_HAL_Driver/stm32wbxx_hal_cortex.o
LOAD ./Drivers/STM32WBxx_HAL_Driver/stm32wbxx_hal_dma.o
LOAD ./Drivers/STM32WBxx_HAL_Driver/stm32wbxx_hal_dma_ex.o
LOAD ./Drivers/STM32WBxx_HAL_Driver/stm32wbxx_hal_gpio.o
LOAD ./Drivers/STM32WBxx_HAL_Driver/stm32wbxx_hal_pcd.o
LOAD ./Drivers/STM32WBxx_HAL_Driver/stm32wbxx_hal_pcd_ex.o
LOAD ./Drivers/STM32WBxx_HAL_Driver/stm32wbxx_hal_pwr.o
LOAD ./Drivers/STM32WBxx_HAL_Driver/stm32wbxx_hal_pwr_ex.o
LOAD ./Drivers/STM32WBxx_HAL_Driver/stm32wbxx_hal_rcc.o
LOAD ./Drivers/STM32WBxx_HAL_Driver/stm32wbxx_hal_rcc_ex.o
LOAD ./Drivers/STM32WBxx_HAL_Driver/stm32wbxx_hal_rtc.o
LOAD ./Drivers/STM32WBxx_HAL_Driver/stm32wbxx_hal_rtc_ex.o
LOAD ./Drivers/STM32WBxx_HAL_Driver/stm32wbxx_hal_sai.o
LOAD ./Drivers/STM32WBxx_HAL_Driver/stm32wbxx_hal_sai_ex.o
LOAD ./Drivers/STM32WBxx_HAL_Driver/stm32wbxx_hal_spi.o
LOAD ./Drivers/STM32WBxx_HAL_Driver/stm32wbxx_hal_uart.o
LOAD ./Drivers/STM32WBxx_HAL_Driver/stm32wbxx_hal_uart_ex.o
LOAD ./Drivers/STM32WBxx_HAL_Driver/stm32wbxx_ll_usb.o
LOAD ./Middlewares/ST/STM32_USB_Device_Library/Class/AUDIO/usbd_audio_in.o
LOAD ./Middlewares/ST/STM32_USB_Device_Library/Core/usbd_core.o
LOAD ./Middlewares/ST/STM32_USB_Device_Library/Core/usbd_ctlreq.o
LOAD ./Middlewares/ST/STM32_USB_Device_Library/Core/usbd_ioreq.o
LOAD ../../../../../../../../Middlewares/ST/STM32_Audio/Addons/PDM/Lib/libPDMFilter_CM4_GCC_wc32.a
LOAD ../../../../../../../../Drivers/CMSIS/DSP/Lib/GCC/libarm_cortexM4lf_math.a
START GROUP
LOAD /opt/st/stm32cubeide_1.10.1/plugins/com.st.stm32cube.ide.mcu.externaltools.gnu-tools-for-stm32.10.3-2021.10.linux64_1.0.0.202111181127/tools/bin/../lib/gcc/arm-none-eabi/10.3.1/../../../../arm-none-eabi/lib/thumb/v7e-m+fp/hard/libc_nano.a
LOAD /opt/st/stm32cubeide_1.10.1/plugins/com.st.stm32cube.ide.mcu.externaltools.gnu-tools-for-stm32.10.3-2021.10.linux64_1.0.0.202111181127/tools/bin/../lib/gcc/arm-none-eabi/10.3.1/../../../../arm-none-eabi/lib/thumb/v7e-m+fp/hard/libm.a
END GROUP
START GROUP
LOAD /opt/st/stm32cubeide_1.10.1/plugins/com.st.stm32cube.ide.mcu.externaltools.gnu-tools-for-stm32.10.3-2021.10.linux64_1.0.0.202111181127/tools/bin/../lib/gcc/arm-none-eabi/10.3.1/thumb/v7e-m+fp/hard/libgcc.a
LOAD /opt/st/stm32cubeide_1.10.1/plugins/com.st.stm32cube.ide.mcu.externaltools.gnu-tools-for-stm32.10.3-2021.10.linux64_1.0.0.202111181127/tools/bin/../lib/gcc/arm-none-eabi/10.3.1/../../../../arm-none-eabi/lib/thumb/v7e-m+fp/hard/libc_nano.a
END GROUP
START GROUP
LOAD /opt/st/stm32cubeide_1.10.1/plugins/com.st.stm32cube.ide.mcu.externaltools.gnu-tools-for-stm32.10.3-2021.10.linux64_1.0.0.202111181127/tools/bin/../lib/gcc/arm-none-eabi/10.3.1/thumb/v7e-m+fp/hard/libgcc.a
LOAD /opt/st/stm32cubeide_1.10.1/plugins/com.st.stm32cube.ide.mcu.externaltools.gnu-tools-for-stm32.10.3-2021.10.linux64_1.0.0.202111181127/tools/bin/../lib/gcc/arm-none-eabi/10.3.1/../../../../arm-none-eabi/lib/thumb/v7e-m+fp/hard/libc_nano.a
LOAD /opt/st/stm32cubeide_1.10.1/plugins/com.st.stm32cube.ide.mcu.externaltools.gnu-tools-for-stm32.10.3-2021.10.linux64_1.0.0.202111181127/tools/bin/../lib/gcc/arm-none-eabi/10.3.1/../../../../arm-none-eabi/lib/thumb/v7e-m+fp/hard/libnosys.a
END GROUP
START GROUP
LOAD /opt/st/stm32cubeide_1.10.1/plugins/com.st.stm32cube.ide.mcu.externaltools.gnu-tools-for-stm32.10.3-2021.10.linux64_1.0.0.202111181127/tools/bin/../lib/gcc/arm-none-eabi/10.3.1/thumb/v7e-m+fp/hard/libgcc.a
LOAD /opt/st/stm32cubeide_1.10.1/plugins/com.st.stm32cube.ide.mcu.externaltools.gnu-tools-for-stm32.10.3-2021.10.linux64_1.0.0.202111181127/tools/bin/../lib/gcc/arm-none-eabi/10.3.1/../../../../arm-none-eabi/lib/thumb/v7e-m+fp/hard/libc_nano.a
LOAD /opt/st/stm32cubeide_1.10.1/plugins/com.st.stm32cube.ide.mcu.externaltools.gnu-tools-for-stm32.10.3-2021.10.linux64_1.0.0.202111181127/tools/bin/../lib/gcc/arm-none-eabi/10.3.1/../../../../arm-none-eabi/lib/thumb/v7e-m+fp/hard/libnosys.a
END GROUP
LOAD /opt/st/stm32cubeide_1.10.1/plugins/com.st.stm32cube.ide.mcu.externaltools.gnu-tools-for-stm32.10.3-2021.10.linux64_1.0.0.202111181127/tools/bin/../lib/gcc/arm-none-eabi/10.3.1/thumb/v7e-m+fp/hard/crtend.o
LOAD /opt/st/stm32cubeide_1.10.1/plugins/com.st.stm32cube.ide.mcu.externaltools.gnu-tools-for-stm32.10.3-2021.10.linux64_1.0.0.202111181127/tools/bin/../lib/gcc/arm-none-eabi/10.3.1/thumb/v7e-m+fp/hard/crtn.o
                0x0000000020030000                _estack = 0x20030000
                0x0000000000000400                _Min_Heap_Size = 0x400
                0x0000000000001000                _Min_Stack_Size = 0x1000

.isr_vector     0x0000000008000000      0x13c
                0x0000000008000000                . = ALIGN (0x4)
 *(.isr_vector)
 .isr_vector    0x0000000008000000      0x13c ./Application/SW4STM32/startup_stm32wb55xx_cm4.o
                0x0000000008000000                g_pfnVectors
                0x000000000800013c                . = ALIGN (0x4)

.text           0x000000000800013c     0x7e78
                0x000000000800013c                . = ALIGN (0x4)
 *(.text)
 .text          0x000000000800013c       0x40 /opt/st/stm32cubeide_1.10.1/plugins/com.st.stm32cube.ide.mcu.externaltools.gnu-tools-for-stm32.10.3-2021.10.linux64_1.0.0.202111181127/tools/bin/../lib/gcc/arm-none-eabi/10.3.1/thumb/v7e-m+fp/hard/crtbegin.o
 *(.text*)
 .text.Reset_Handler
                0x000000000800017c       0x50 ./Application/SW4STM32/startup_stm32wb55xx_cm4.o
                0x000000000800017c                Reset_Handler
 .text.Default_Handler
                0x00000000080001cc        0x2 ./Application/SW4STM32/startup_stm32wb55xx_cm4.o
                0x00000000080001cc                RTC_Alarm_IRQHandler
                0x00000000080001cc                EXTI2_IRQHandler
                0x00000000080001cc                TIM1_CC_IRQHandler
                0x00000000080001cc                TSC_IRQHandler
                0x00000000080001cc                USB_HP_IRQHandler
                0x00000000080001cc                EXTI3_IRQHandler
                0x00000000080001cc                LPTIM2_IRQHandler
                0x00000000080001cc                I2C3_ER_IRQHandler
                0x00000000080001cc                EXTI0_IRQHandler
                0x00000000080001cc                FPU_IRQHandler
                0x00000000080001cc                TIM1_UP_TIM16_IRQHandler
                0x00000000080001cc                UsageFault_Handler
                0x00000000080001cc                AES1_IRQHandler
                0x00000000080001cc                SPI1_IRQHandler
                0x00000000080001cc                PWR_SOTF_BLEACT_802ACT_RFPHASE_IRQHandler
                0x00000000080001cc                DMA2_Channel2_IRQHandler
                0x00000000080001cc                DMA1_Channel4_IRQHandler
                0x00000000080001cc                ADC1_IRQHandler
                0x00000000080001cc                PKA_IRQHandler
                0x00000000080001cc                DMA1_Channel7_IRQHandler
                0x00000000080001cc                LCD_IRQHandler
                0x00000000080001cc                IPCC_C1_TX_IRQHandler
                0x00000000080001cc                DMA2_Channel1_IRQHandler
                0x00000000080001cc                QUADSPI_IRQHandler
                0x00000000080001cc                I2C1_EV_IRQHandler
                0x00000000080001cc                DMAMUX1_OVR_IRQHandler
                0x00000000080001cc                DMA1_Channel6_IRQHandler
                0x00000000080001cc                DMA2_Channel4_IRQHandler
                0x00000000080001cc                RCC_IRQHandler
                0x00000000080001cc                Default_Handler
                0x00000000080001cc                DMA2_Channel7_IRQHandler
                0x00000000080001cc                EXTI15_10_IRQHandler
                0x00000000080001cc                IPCC_C1_RX_IRQHandler
                0x00000000080001cc                C2SEV_PWR_C2H_IRQHandler
                0x00000000080001cc                AES2_IRQHandler
                0x00000000080001cc                I2C3_EV_IRQHandler
                0x00000000080001cc                EXTI9_5_IRQHandler
                0x00000000080001cc                RTC_WKUP_IRQHandler
                0x00000000080001cc                PVD_PVM_IRQHandler
                0x00000000080001cc                SPI2_IRQHandler
                0x00000000080001cc                MemManage_Handler
                0x00000000080001cc                DMA2_Channel5_IRQHandler
                0x00000000080001cc                CRS_IRQHandler
                0x00000000080001cc                DMA1_Channel5_IRQHandler
                0x00000000080001cc                EXTI4_IRQHandler
                0x00000000080001cc                RNG_IRQHandler
                0x00000000080001cc                TIM1_TRG_COM_TIM17_IRQHandler
                0x00000000080001cc                TAMP_STAMP_LSECSS_IRQHandler
                0x00000000080001cc                DMA1_Channel3_IRQHandler
                0x00000000080001cc                COMP_IRQHandler
                0x00000000080001cc                HSEM_IRQHandler
                0x00000000080001cc                WWDG_IRQHandler
                0x00000000080001cc                LPUART1_IRQHandler
                0x00000000080001cc                DMA2_Channel6_IRQHandler
                0x00000000080001cc                TIM2_IRQHandler
                0x00000000080001cc                TIM1_BRK_IRQHandler
                0x00000000080001cc                EXTI1_IRQHandler
                0x00000000080001cc                DMA1_Channel2_IRQHandler
                0x00000000080001cc                FLASH_IRQHandler
                0x00000000080001cc                BusFault_Handler
                0x00000000080001cc                USART1_IRQHandler
                0x00000000080001cc                I2C1_ER_IRQHandler
                0x00000000080001cc                LPTIM1_IRQHandler
                0x00000000080001cc                SAI1_IRQHandler
                0x00000000080001cc                DMA2_Channel3_IRQHandler
 *fill*         0x00000000080001ce        0x2 
 .text._sbrk    0x00000000080001d0       0x34 ./Application/SW4STM32/syscalls.o
                0x00000000080001d0                _sbrk
 .text.AudioProcess
                0x0000000008000204       0x24 ./Application/User/audio_application.o
                0x0000000008000204                AudioProcess
 .text.CCA02M2_AUDIO_IN_TransferComplete_CallBack
                0x0000000008000228        0x4 ./Application/User/audio_application.o
                0x0000000008000228                CCA02M2_AUDIO_IN_TransferComplete_CallBack
 .text.CCA02M2_AUDIO_IN_HalfTransfer_CallBack
                0x000000000800022c        0x4 ./Application/User/audio_application.o
                0x000000000800022c                CCA02M2_AUDIO_IN_HalfTransfer_CallBack
 .text.Init_Acquisition_Peripherals
                0x0000000008000230       0x34 ./Application/User/audio_application.o
                0x0000000008000230                Init_Acquisition_Peripherals
 .text.Start_Acquisition
                0x0000000008000264       0x18 ./Application/User/audio_application.o
                0x0000000008000264                Start_Acquisition
 .text.SystemClock_Config
                0x000000000800027c       0xf0 ./Application/User/cube_hal_wb.o
                0x000000000800027c                SystemClock_Config
 .text.startup.main
                0x000000000800036c       0x58 ./Application/User/main.o
                0x000000000800036c                main
 .text.NMI_Handler
                0x00000000080003c4        0x2 ./Application/User/stm32xx_it.o
                0x00000000080003c4                NMI_Handler
 .text.HardFault_Handler
                0x00000000080003c6        0x2 ./Application/User/stm32xx_it.o
                0x00000000080003c6                HardFault_Handler
 .text.SVC_Handler
                0x00000000080003c8        0x2 ./Application/User/stm32xx_it.o
                0x00000000080003c8                SVC_Handler
 .text.DebugMon_Handler
                0x00000000080003ca        0x2 ./Application/User/stm32xx_it.o
                0x00000000080003ca                DebugMon_Handler
 .text.PendSV_Handler
                0x00000000080003cc        0x2 ./Application/User/stm32xx_it.o
                0x00000000080003cc                PendSV_Handler
 .text.SysTick_Handler
                0x00000000080003ce        0x4 ./Application/User/stm32xx_it.o
                0x00000000080003ce                SysTick_Handler
 *fill*         0x00000000080003d2        0x2 
 .text.USB_LP_IRQHandler
                0x00000000080003d4        0xc ./Application/User/stm32xx_it.o
                0x00000000080003d4                USB_LP_IRQHandler
 .text.DMA1_Channel1_IRQHandler
                0x00000000080003e0       0x10 ./Application/User/stm32xx_it.o
                0x00000000080003e0                DMA1_Channel1_IRQHandler
 .text.Audio_Init
                0x00000000080003f0        0x4 ./Application/User/usbd_audio_if.o
 .text.Audio_DeInit
                0x00000000080003f4        0x4 ./Application/User/usbd_audio_if.o
 .text.Audio_Record
                0x00000000080003f8        0x4 ./Application/User/usbd_audio_if.o
 .text.Audio_MuteCtl
                0x00000000080003fc        0x4 ./Application/User/usbd_audio_if.o
 .text.Audio_VolumeCtl
                0x0000000008000400       0x40 ./Application/User/usbd_audio_if.o
 .text.Audio_CommandMgr
                0x0000000008000440        0x4 ./Application/User/usbd_audio_if.o
 .text.Audio_Stop
                0x0000000008000444        0x4 ./Application/User/usbd_audio_if.o
 .text.Audio_Pause
                0x0000000008000448        0x4 ./Application/User/usbd_audio_if.o
 .text.Audio_Resume
                0x000000000800044c        0x4 ./Application/User/usbd_audio_if.o
 .text.Send_Audio_to_USB
                0x0000000008000450       0x10 ./Application/User/usbd_audio_if.o
                0x0000000008000450                Send_Audio_to_USB
 .text.HAL_PCD_MspInit
                0x0000000008000460       0x84 ./Application/User/usbd_conf.o
                0x0000000008000460                HAL_PCD_MspInit
 .text.HAL_PCD_SetupStageCallback
                0x00000000080004e4        0xc ./Application/User/usbd_conf.o
                0x00000000080004e4                HAL_PCD_SetupStageCallback
 .text.HAL_PCD_DataOutStageCallback
                0x00000000080004f0       0x12 ./Application/User/usbd_conf.o
                0x00000000080004f0                HAL_PCD_DataOutStageCallback
 .text.HAL_PCD_DataInStageCallback
                0x0000000008000502       0x10 ./Application/User/usbd_conf.o
                0x0000000008000502                HAL_PCD_DataInStageCallback
 .text.HAL_PCD_SOFCallback
                0x0000000008000512        0x8 ./Application/User/usbd_conf.o
                0x0000000008000512                HAL_PCD_SOFCallback
 .text.HAL_PCD_ResetCallback
                0x000000000800051a       0x1a ./Application/User/usbd_conf.o
                0x000000000800051a                HAL_PCD_ResetCallback
 .text.HAL_PCD_SuspendCallback
                0x0000000008000534       0x1e ./Application/User/usbd_conf.o
                0x0000000008000534                HAL_PCD_SuspendCallback
 *fill*         0x0000000008000552        0x2 
 .text.HAL_PCD_ResumeCallback
                0x0000000008000554       0x9c ./Application/User/usbd_conf.o
                0x0000000008000554                HAL_PCD_ResumeCallback
 .text.USBD_LL_Init
                0x00000000080005f0       0x64 ./Application/User/usbd_conf.o
                0x00000000080005f0                USBD_LL_Init
 .text.USBD_LL_Start
                0x0000000008000654        0xe ./Application/User/usbd_conf.o
                0x0000000008000654                USBD_LL_Start
 .text.USBD_LL_OpenEP
                0x0000000008000662       0x14 ./Application/User/usbd_conf.o
                0x0000000008000662                USBD_LL_OpenEP
 .text.USBD_LL_CloseEP
                0x0000000008000676        0xe ./Application/User/usbd_conf.o
                0x0000000008000676                USBD_LL_CloseEP
 .text.USBD_LL_FlushEP
                0x0000000008000684        0xe ./Application/User/usbd_conf.o
                0x0000000008000684                USBD_LL_FlushEP
 .text.USBD_LL_StallEP
                0x0000000008000692        0xe ./Application/User/usbd_conf.o
                0x0000000008000692                USBD_LL_StallEP
 .text.USBD_LL_ClearStallEP
                0x00000000080006a0        0xe ./Application/User/usbd_conf.o
                0x00000000080006a0                USBD_LL_ClearStallEP
 .text.USBD_LL_IsStallEP
                0x00000000080006ae       0x26 ./Application/User/usbd_conf.o
                0x00000000080006ae                USBD_LL_IsStallEP
 .text.USBD_LL_SetUSBAddress
                0x00000000080006d4        0xe ./Application/User/usbd_conf.o
                0x00000000080006d4                USBD_LL_SetUSBAddress
 .text.USBD_LL_Transmit
                0x00000000080006e2        0xe ./Application/User/usbd_conf.o
                0x00000000080006e2                USBD_LL_Transmit
 .text.USBD_LL_PrepareReceive
                0x00000000080006f0        0xe ./Application/User/usbd_conf.o
                0x00000000080006f0                USBD_LL_PrepareReceive
 *fill*         0x00000000080006fe        0x2 
 .text.USBD_AUDIO_DeviceDescriptor
                0x0000000008000700        0xc ./Application/User/usbd_desc.o
                0x0000000008000700                USBD_AUDIO_DeviceDescriptor
 .text.USBD_AUDIO_LangIDStrDescriptor
                0x000000000800070c        0xc ./Application/User/usbd_desc.o
                0x000000000800070c                USBD_AUDIO_LangIDStrDescriptor
 .text.USBD_AUDIO_ManufacturerStrDescriptor
                0x0000000008000718       0x1c ./Application/User/usbd_desc.o
                0x0000000008000718                USBD_AUDIO_ManufacturerStrDescriptor
 .text.USBD_AUDIO_ProductStrDescriptor
                0x0000000008000734       0x24 ./Application/User/usbd_desc.o
                0x0000000008000734                USBD_AUDIO_ProductStrDescriptor
 .text.USBD_AUDIO_SerialStrDescriptor
                0x0000000008000758       0x24 ./Application/User/usbd_desc.o
                0x0000000008000758                USBD_AUDIO_SerialStrDescriptor
 .text.USBD_AUDIO_ConfigStrDescriptor
                0x000000000800077c       0x1c ./Application/User/usbd_desc.o
                0x000000000800077c                USBD_AUDIO_ConfigStrDescriptor
 .text.USBD_AUDIO_InterfaceStrDescriptor
                0x0000000008000798       0x1c ./Application/User/usbd_desc.o
                0x0000000008000798                USBD_AUDIO_InterfaceStrDescriptor
 .text.LL_AHB1_GRP1_EnableClock
                0x00000000080007b4       0x18 ./Drivers/BSP/X-NUCLEO-CCA02M2/cca02m2_audio.o
 .text.MX_SAI_ClockConfig
                0x00000000080007cc       0x42 ./Drivers/BSP/X-NUCLEO-CCA02M2/cca02m2_audio.o
                0x00000000080007cc                MX_SAI_ClockConfig
 *fill*         0x000000000800080e        0x2 
 .text.CCA02M2_AUDIO_IN_PDMToPCM_Init
                0x0000000008000810      0x110 ./Drivers/BSP/X-NUCLEO-CCA02M2/cca02m2_audio.o
                0x0000000008000810                CCA02M2_AUDIO_IN_PDMToPCM_Init
 .text.CCA02M2_AUDIO_IN_Init
                0x0000000008000920      0x294 ./Drivers/BSP/X-NUCLEO-CCA02M2/cca02m2_audio.o
                0x0000000008000920                CCA02M2_AUDIO_IN_Init
 .text.CCA02M2_AUDIO_IN_PDMToPCM
                0x0000000008000bb4       0xa8 ./Drivers/BSP/X-NUCLEO-CCA02M2/cca02m2_audio.o
                0x0000000008000bb4                CCA02M2_AUDIO_IN_PDMToPCM
 .text.CCA02M2_AUDIO_IN_Record
                0x0000000008000c5c       0x44 ./Drivers/BSP/X-NUCLEO-CCA02M2/cca02m2_audio.o
                0x0000000008000c5c                CCA02M2_AUDIO_IN_Record
 .text.CCA02M2_AUDIO_IN_SetVolume
                0x0000000008000ca0       0x60 ./Drivers/BSP/X-NUCLEO-CCA02M2/cca02m2_audio.o
                0x0000000008000ca0                CCA02M2_AUDIO_IN_SetVolume
 .text.HAL_SAI_RxCpltCallback
                0x0000000008000d00       0x90 ./Drivers/BSP/X-NUCLEO-CCA02M2/cca02m2_audio.o
                0x0000000008000d00                HAL_SAI_RxCpltCallback
 .text.HAL_SAI_RxHalfCpltCallback
                0x0000000008000d90       0x80 ./Drivers/BSP/X-NUCLEO-CCA02M2/cca02m2_audio.o
                0x0000000008000d90                HAL_SAI_RxHalfCpltCallback
 .text.SystemInit
                0x0000000008000e10       0x68 ./Drivers/CMSIS/system_stm32wbxx.o
                0x0000000008000e10                SystemInit
 .text.HAL_MspInit
                0x0000000008000e78        0x2 ./Drivers/STM32WBxx_HAL_Driver/stm32wbxx_hal.o
                0x0000000008000e78                HAL_MspInit
 *fill*         0x0000000008000e7a        0x2 
 .text.HAL_InitTick
                0x0000000008000e7c       0x44 ./Drivers/STM32WBxx_HAL_Driver/stm32wbxx_hal.o
                0x0000000008000e7c                HAL_InitTick
 .text.HAL_Init
                0x0000000008000ec0       0x1e ./Drivers/STM32WBxx_HAL_Driver/stm32wbxx_hal.o
                0x0000000008000ec0                HAL_Init
 *fill*         0x0000000008000ede        0x2 
 .text.HAL_IncTick
                0x0000000008000ee0       0x18 ./Drivers/STM32WBxx_HAL_Driver/stm32wbxx_hal.o
                0x0000000008000ee0                HAL_IncTick
 .text.HAL_GetTick
                0x0000000008000ef8        0xc ./Drivers/STM32WBxx_HAL_Driver/stm32wbxx_hal.o
                0x0000000008000ef8                HAL_GetTick
 .text.HAL_GetTickPrio
                0x0000000008000f04        0xc ./Drivers/STM32WBxx_HAL_Driver/stm32wbxx_hal.o
                0x0000000008000f04                HAL_GetTickPrio
 .text.HAL_NVIC_SetPriorityGrouping
                0x0000000008000f10       0x24 ./Drivers/STM32WBxx_HAL_Driver/stm32wbxx_hal_cortex.o
                0x0000000008000f10                HAL_NVIC_SetPriorityGrouping
 .text.HAL_NVIC_SetPriority
                0x0000000008000f34       0x64 ./Drivers/STM32WBxx_HAL_Driver/stm32wbxx_hal_cortex.o
                0x0000000008000f34                HAL_NVIC_SetPriority
 .text.HAL_NVIC_EnableIRQ
                0x0000000008000f98       0x1c ./Drivers/STM32WBxx_HAL_Driver/stm32wbxx_hal_cortex.o
                0x0000000008000f98                HAL_NVIC_EnableIRQ
 .text.HAL_SYSTICK_Config
                0x0000000008000fb4       0x28 ./Drivers/STM32WBxx_HAL_Driver/stm32wbxx_hal_cortex.o
                0x0000000008000fb4                HAL_SYSTICK_Config
 .text.HAL_SYSTICK_CLKSourceConfig
                0x0000000008000fdc       0x16 ./Drivers/STM32WBxx_HAL_Driver/stm32wbxx_hal_cortex.o
                0x0000000008000fdc                HAL_SYSTICK_CLKSourceConfig
 .text.DMA_SetConfig
                0x0000000008000ff2       0x34 ./Drivers/STM32WBxx_HAL_Driver/stm32wbxx_hal_dma.o
 *fill*         0x0000000008001026        0x2 
 .text.DMA_CalcDMAMUXChannelBaseAndMask
                0x0000000008001028       0x48 ./Drivers/STM32WBxx_HAL_Driver/stm32wbxx_hal_dma.o
 .text.HAL_DMA_Init
                0x0000000008001070       0xe8 ./Drivers/STM32WBxx_HAL_Driver/stm32wbxx_hal_dma.o
                0x0000000008001070                HAL_DMA_Init
 .text.HAL_DMA_DeInit
                0x0000000008001158       0xb0 ./Drivers/STM32WBxx_HAL_Driver/stm32wbxx_hal_dma.o
                0x0000000008001158                HAL_DMA_DeInit
 .text.HAL_DMA_Start_IT
                0x0000000008001208       0x84 ./Drivers/STM32WBxx_HAL_Driver/stm32wbxx_hal_dma.o
                0x0000000008001208                HAL_DMA_Start_IT
 .text.HAL_DMA_IRQHandler
                0x000000000800128c       0x94 ./Drivers/STM32WBxx_HAL_Driver/stm32wbxx_hal_dma.o
                0x000000000800128c                HAL_DMA_IRQHandler
 .text.HAL_GPIO_Init
                0x0000000008001320      0x16c ./Drivers/STM32WBxx_HAL_Driver/stm32wbxx_hal_gpio.o
                0x0000000008001320                HAL_GPIO_Init
 .text.HAL_PCD_Init
                0x000000000800148c       0xc2 ./Drivers/STM32WBxx_HAL_Driver/stm32wbxx_hal_pcd.o
                0x000000000800148c                HAL_PCD_Init
 .text.HAL_PCD_Start
                0x000000000800154e       0x2a ./Drivers/STM32WBxx_HAL_Driver/stm32wbxx_hal_pcd.o
                0x000000000800154e                HAL_PCD_Start
 .text.HAL_PCD_SetAddress
                0x0000000008001578       0x28 ./Drivers/STM32WBxx_HAL_Driver/stm32wbxx_hal_pcd.o
                0x0000000008001578                HAL_PCD_SetAddress
 .text.HAL_PCD_IRQHandler
                0x00000000080015a0      0x9e8 ./Drivers/STM32WBxx_HAL_Driver/stm32wbxx_hal_pcd.o
                0x00000000080015a0                HAL_PCD_IRQHandler
 .text.HAL_PCD_EP_Open
                0x0000000008001f88       0x6c ./Drivers/STM32WBxx_HAL_Driver/stm32wbxx_hal_pcd.o
                0x0000000008001f88                HAL_PCD_EP_Open
 .text.HAL_PCD_EP_Close
                0x0000000008001ff4       0x5a ./Drivers/STM32WBxx_HAL_Driver/stm32wbxx_hal_pcd.o
                0x0000000008001ff4                HAL_PCD_EP_Close
 .text.HAL_PCD_EP_Receive
                0x000000000800204e       0x2c ./Drivers/STM32WBxx_HAL_Driver/stm32wbxx_hal_pcd.o
                0x000000000800204e                HAL_PCD_EP_Receive
 .text.HAL_PCD_EP_Transmit
                0x000000000800207a       0x3e ./Drivers/STM32WBxx_HAL_Driver/stm32wbxx_hal_pcd.o
                0x000000000800207a                HAL_PCD_EP_Transmit
 .text.HAL_PCD_EP_SetStall
                0x00000000080020b8       0x64 ./Drivers/STM32WBxx_HAL_Driver/stm32wbxx_hal_pcd.o
                0x00000000080020b8                HAL_PCD_EP_SetStall
 .text.HAL_PCD_EP_ClrStall
                0x000000000800211c       0x6c ./Drivers/STM32WBxx_HAL_Driver/stm32wbxx_hal_pcd.o
                0x000000000800211c                HAL_PCD_EP_ClrStall
 .text.HAL_PCD_EP_Flush
                0x0000000008002188        0x4 ./Drivers/STM32WBxx_HAL_Driver/stm32wbxx_hal_pcd.o
                0x0000000008002188                HAL_PCD_EP_Flush
 .text.HAL_PCDEx_PMAConfig
                0x000000000800218c       0x38 ./Drivers/STM32WBxx_HAL_Driver/stm32wbxx_hal_pcd_ex.o
                0x000000000800218c                HAL_PCDEx_PMAConfig
 .text.HAL_PCDEx_ActivateLPM
                0x00000000080021c4       0x2e ./Drivers/STM32WBxx_HAL_Driver/stm32wbxx_hal_pcd_ex.o
                0x00000000080021c4                HAL_PCDEx_ActivateLPM
 .text.HAL_PCDEx_LPM_Callback
                0x00000000080021f2        0x2 ./Drivers/STM32WBxx_HAL_Driver/stm32wbxx_hal_pcd_ex.o
                0x00000000080021f2                HAL_PCDEx_LPM_Callback
 .text.HAL_PWR_EnableBkUpAccess
                0x00000000080021f4       0x10 ./Drivers/STM32WBxx_HAL_Driver/stm32wbxx_hal_pwr.o
                0x00000000080021f4                HAL_PWR_EnableBkUpAccess
 .text.HAL_PWR_EnterSTOPMode
                0x0000000008002204       0x12 ./Drivers/STM32WBxx_HAL_Driver/stm32wbxx_hal_pwr.o
                0x0000000008002204                HAL_PWR_EnterSTOPMode
 *fill*         0x0000000008002216        0x2 
 .text.HAL_PWREx_GetVoltageRange
                0x0000000008002218       0x10 ./Drivers/STM32WBxx_HAL_Driver/stm32wbxx_hal_pwr_ex.o
                0x0000000008002218                HAL_PWREx_GetVoltageRange
 .text.HAL_PWREx_EnableVddUSB
                0x0000000008002228       0x10 ./Drivers/STM32WBxx_HAL_Driver/stm32wbxx_hal_pwr_ex.o
                0x0000000008002228                HAL_PWREx_EnableVddUSB
 .text.HAL_PWREx_EnterSTOP0Mode
                0x0000000008002238       0x34 ./Drivers/STM32WBxx_HAL_Driver/stm32wbxx_hal_pwr_ex.o
                0x0000000008002238                HAL_PWREx_EnterSTOP0Mode
 .text.HAL_PWREx_EnterSTOP1Mode
                0x000000000800226c       0x38 ./Drivers/STM32WBxx_HAL_Driver/stm32wbxx_hal_pwr_ex.o
                0x000000000800226c                HAL_PWREx_EnterSTOP1Mode
 .text.LL_RCC_LSI1_IsReady
                0x00000000080022a4        0xe ./Drivers/STM32WBxx_HAL_Driver/stm32wbxx_hal_rcc.o
 .text.LL_RCC_MSI_IsReady
                0x00000000080022b2        0xc ./Drivers/STM32WBxx_HAL_Driver/stm32wbxx_hal_rcc.o
 .text.LL_RCC_MSI_SetRange
                0x00000000080022be       0x10 ./Drivers/STM32WBxx_HAL_Driver/stm32wbxx_hal_rcc.o
 .text.LL_RCC_MSI_SetCalibTrimming
                0x00000000080022ce       0x12 ./Drivers/STM32WBxx_HAL_Driver/stm32wbxx_hal_rcc.o
 .text.RCC_SetFlashLatencyFromMSIRange
                0x00000000080022e0       0xe8 ./Drivers/STM32WBxx_HAL_Driver/stm32wbxx_hal_rcc.o
 .text.HAL_RCC_GetSysClockFreq
                0x00000000080023c8       0xa4 ./Drivers/STM32WBxx_HAL_Driver/stm32wbxx_hal_rcc.o
                0x00000000080023c8                HAL_RCC_GetSysClockFreq
 .text.HAL_RCC_GetHCLKFreq
                0x000000000800246c       0x20 ./Drivers/STM32WBxx_HAL_Driver/stm32wbxx_hal_rcc.o
                0x000000000800246c                HAL_RCC_GetHCLKFreq
 .text.HAL_RCC_OscConfig
                0x000000000800248c      0x590 ./Drivers/STM32WBxx_HAL_Driver/stm32wbxx_hal_rcc.o
                0x000000000800248c                HAL_RCC_OscConfig
 .text.HAL_RCC_ClockConfig
                0x0000000008002a1c      0x200 ./Drivers/STM32WBxx_HAL_Driver/stm32wbxx_hal_rcc.o
                0x0000000008002a1c                HAL_RCC_ClockConfig
 .text.LL_RCC_HSE_IsEnabledDiv2
                0x0000000008002c1c        0xc ./Drivers/STM32WBxx_HAL_Driver/stm32wbxx_hal_rcc_ex.o
 .text.LL_RCC_HSI_IsReady
                0x0000000008002c28        0xc ./Drivers/STM32WBxx_HAL_Driver/stm32wbxx_hal_rcc_ex.o
 .text.LL_RCC_LSE_IsReady
                0x0000000008002c34        0xe ./Drivers/STM32WBxx_HAL_Driver/stm32wbxx_hal_rcc_ex.o
 .text.LL_RCC_LSI1_IsReady
                0x0000000008002c42        0xe ./Drivers/STM32WBxx_HAL_Driver/stm32wbxx_hal_rcc_ex.o
 .text.LL_RCC_LSI2_IsReady
                0x0000000008002c50        0xe ./Drivers/STM32WBxx_HAL_Driver/stm32wbxx_hal_rcc_ex.o
 .text.LL_RCC_MSI_GetRange
                0x0000000008002c5e       0x12 ./Drivers/STM32WBxx_HAL_Driver/stm32wbxx_hal_rcc_ex.o
 .text.LL_RCC_SetI2CClockSource
                0x0000000008002c70       0x20 ./Drivers/STM32WBxx_HAL_Driver/stm32wbxx_hal_rcc_ex.o
 .text.LL_RCC_PLL_IsReady
                0x0000000008002c90        0xc ./Drivers/STM32WBxx_HAL_Driver/stm32wbxx_hal_rcc_ex.o
 .text.LL_RCC_PLLSAI1_Enable
                0x0000000008002c9c        0xe ./Drivers/STM32WBxx_HAL_Driver/stm32wbxx_hal_rcc_ex.o
 .text.LL_RCC_PLLSAI1_Disable
                0x0000000008002caa        0xe ./Drivers/STM32WBxx_HAL_Driver/stm32wbxx_hal_rcc_ex.o
 .text.LL_RCC_PLLSAI1_IsReady
                0x0000000008002cb8        0xc ./Drivers/STM32WBxx_HAL_Driver/stm32wbxx_hal_rcc_ex.o
 .text.RCC_PLL_GetFreqDomain_Q
                0x0000000008002cc4       0x68 ./Drivers/STM32WBxx_HAL_Driver/stm32wbxx_hal_rcc_ex.o
 .text.RCC_PLL_GetFreqDomain_P
                0x0000000008002d2c       0x68 ./Drivers/STM32WBxx_HAL_Driver/stm32wbxx_hal_rcc_ex.o
 .text.RCC_PLLSAI1_GetFreqDomain_Q
                0x0000000008002d94       0x68 ./Drivers/STM32WBxx_HAL_Driver/stm32wbxx_hal_rcc_ex.o
 .text.HAL_RCCEx_PeriphCLKConfig
                0x0000000008002dfc      0x38a ./Drivers/STM32WBxx_HAL_Driver/stm32wbxx_hal_rcc_ex.o
                0x0000000008002dfc                HAL_RCCEx_PeriphCLKConfig
 .text.HAL_RCCEx_GetRngCLKSource
                0x0000000008003186       0x1c ./Drivers/STM32WBxx_HAL_Driver/stm32wbxx_hal_rcc_ex.o
                0x0000000008003186                HAL_RCCEx_GetRngCLKSource
 .text.HAL_RCCEx_GetPeriphCLKConfig
                0x00000000080031a2       0xcc ./Drivers/STM32WBxx_HAL_Driver/stm32wbxx_hal_rcc_ex.o
                0x00000000080031a2                HAL_RCCEx_GetPeriphCLKConfig
 *fill*         0x000000000800326e        0x2 
 .text.HAL_RCCEx_GetPeriphCLKFreq
                0x0000000008003270      0x490 ./Drivers/STM32WBxx_HAL_Driver/stm32wbxx_hal_rcc_ex.o
                0x0000000008003270                HAL_RCCEx_GetPeriphCLKFreq
 .text.SAI_InterruptFlag
                0x0000000008003700       0x2c ./Drivers/STM32WBxx_HAL_Driver/stm32wbxx_hal_sai.o
 .text.SAI_Disable
                0x000000000800372c       0x40 ./Drivers/STM32WBxx_HAL_Driver/stm32wbxx_hal_sai.o
 .text.HAL_SAI_MspInit
                0x000000000800376c        0x2 ./Drivers/STM32WBxx_HAL_Driver/stm32wbxx_hal_sai.o
                0x000000000800376c                HAL_SAI_MspInit
 *fill*         0x000000000800376e        0x2 
 .text.HAL_SAI_Init
                0x0000000008003770      0x1dc ./Drivers/STM32WBxx_HAL_Driver/stm32wbxx_hal_sai.o
                0x0000000008003770                HAL_SAI_Init
 .text.HAL_SAI_Receive_DMA
                0x000000000800394c       0xa8 ./Drivers/STM32WBxx_HAL_Driver/stm32wbxx_hal_sai.o
                0x000000000800394c                HAL_SAI_Receive_DMA
 .text.SAI_DMARxCplt
                0x00000000080039f4       0x36 ./Drivers/STM32WBxx_HAL_Driver/stm32wbxx_hal_sai.o
 .text.SAI_DMARxHalfCplt
                0x0000000008003a2a        0xa ./Drivers/STM32WBxx_HAL_Driver/stm32wbxx_hal_sai.o
 .text.HAL_SAI_ErrorCallback
                0x0000000008003a34        0x2 ./Drivers/STM32WBxx_HAL_Driver/stm32wbxx_hal_sai.o
                0x0000000008003a34                HAL_SAI_ErrorCallback
 .text.SAI_DMAError
                0x0000000008003a36       0x34 ./Drivers/STM32WBxx_HAL_Driver/stm32wbxx_hal_sai.o
 .text.HAL_SAI_GetState
                0x0000000008003a6a        0x6 ./Drivers/STM32WBxx_HAL_Driver/stm32wbxx_hal_sai.o
                0x0000000008003a6a                HAL_SAI_GetState
 .text.USB_EnableGlobalInt
                0x0000000008003a70       0x12 ./Drivers/STM32WBxx_HAL_Driver/stm32wbxx_ll_usb.o
                0x0000000008003a70                USB_EnableGlobalInt
 .text.USB_DisableGlobalInt
                0x0000000008003a82       0x14 ./Drivers/STM32WBxx_HAL_Driver/stm32wbxx_ll_usb.o
                0x0000000008003a82                USB_DisableGlobalInt
 .text.USB_DevInit
                0x0000000008003a96       0x28 ./Drivers/STM32WBxx_HAL_Driver/stm32wbxx_ll_usb.o
                0x0000000008003a96                USB_DevInit
 *fill*         0x0000000008003abe        0x2 
 .text.USB_ActivateEndpoint
                0x0000000008003ac0      0x2bc ./Drivers/STM32WBxx_HAL_Driver/stm32wbxx_ll_usb.o
                0x0000000008003ac0                USB_ActivateEndpoint
 .text.USB_DeactivateEndpoint
                0x0000000008003d7c      0x1a2 ./Drivers/STM32WBxx_HAL_Driver/stm32wbxx_ll_usb.o
                0x0000000008003d7c                USB_DeactivateEndpoint
 .text.USB_EPSetStall
                0x0000000008003f1e       0x40 ./Drivers/STM32WBxx_HAL_Driver/stm32wbxx_ll_usb.o
                0x0000000008003f1e                USB_EPSetStall
 .text.USB_EPClearStall
                0x0000000008003f5e       0x92 ./Drivers/STM32WBxx_HAL_Driver/stm32wbxx_ll_usb.o
                0x0000000008003f5e                USB_EPClearStall
 .text.USB_SetDevAddress
                0x0000000008003ff0        0xc ./Drivers/STM32WBxx_HAL_Driver/stm32wbxx_ll_usb.o
                0x0000000008003ff0                USB_SetDevAddress
 .text.USB_DevConnect
                0x0000000008003ffc       0x16 ./Drivers/STM32WBxx_HAL_Driver/stm32wbxx_ll_usb.o
                0x0000000008003ffc                USB_DevConnect
 .text.USB_ReadInterrupts
                0x0000000008004012        0x8 ./Drivers/STM32WBxx_HAL_Driver/stm32wbxx_ll_usb.o
                0x0000000008004012                USB_ReadInterrupts
 .text.USB_WritePMA
                0x000000000800401a       0x1e ./Drivers/STM32WBxx_HAL_Driver/stm32wbxx_ll_usb.o
                0x000000000800401a                USB_WritePMA
 .text.USB_EPStartXfer
                0x0000000008004038      0x43c ./Drivers/STM32WBxx_HAL_Driver/stm32wbxx_ll_usb.o
                0x0000000008004038                USB_EPStartXfer
 .text.USB_ReadPMA
                0x0000000008004474       0x36 ./Drivers/STM32WBxx_HAL_Driver/stm32wbxx_ll_usb.o
                0x0000000008004474                USB_ReadPMA
 *fill*         0x00000000080044aa        0x2 
 .text.USBD_AUDIO_GetCfgDesc
                0x00000000080044ac        0xc ./Middlewares/ST/STM32_USB_Device_Library/Class/AUDIO/usbd_audio_in.o
 .text.USBD_AUDIO_EP0_RxReady
                0x00000000080044b8       0x40 ./Middlewares/ST/STM32_USB_Device_Library/Class/AUDIO/usbd_audio_in.o
 .text.USBD_AUDIO_EP0_TxReady
                0x00000000080044f8        0x4 ./Middlewares/ST/STM32_USB_Device_Library/Class/AUDIO/usbd_audio_in.o
 .text.USBD_AUDIO_DataOut
                0x00000000080044fc        0x4 ./Middlewares/ST/STM32_USB_Device_Library/Class/AUDIO/usbd_audio_in.o
 .text.USBD_AUDIO_GetDeviceQualifierDesc
                0x0000000008004500        0xc ./Middlewares/ST/STM32_USB_Device_Library/Class/AUDIO/usbd_audio_in.o
 .text.USBD_AUDIO_DataIn
                0x000000000800450c       0xd4 ./Middlewares/ST/STM32_USB_Device_Library/Class/AUDIO/usbd_audio_in.o
 .text.USBD_AUDIO_DeInit
                0x00000000080045e0       0x34 ./Middlewares/ST/STM32_USB_Device_Library/Class/AUDIO/usbd_audio_in.o
 .text.USBD_AUDIO_Init
                0x0000000008004614       0x84 ./Middlewares/ST/STM32_USB_Device_Library/Class/AUDIO/usbd_audio_in.o
 .text.USBD_AUDIO_IsoINIncomplete
                0x0000000008004698        0x4 ./Middlewares/ST/STM32_USB_Device_Library/Class/AUDIO/usbd_audio_in.o
 .text.USBD_AUDIO_Setup
                0x000000000800469c       0xf0 ./Middlewares/ST/STM32_USB_Device_Library/Class/AUDIO/usbd_audio_in.o
 .text.USBD_AUDIO_IsoOutIncomplete
                0x000000000800478c        0x4 ./Middlewares/ST/STM32_USB_Device_Library/Class/AUDIO/usbd_audio_in.o
 .text.USBD_AUDIO_SOF
                0x0000000008004790        0x4 ./Middlewares/ST/STM32_USB_Device_Library/Class/AUDIO/usbd_audio_in.o
 .text.USBD_AUDIO_Data_Transfer
                0x0000000008004794       0xe8 ./Middlewares/ST/STM32_USB_Device_Library/Class/AUDIO/usbd_audio_in.o
                0x0000000008004794                USBD_AUDIO_Data_Transfer
 .text.USBD_AUDIO_RegisterInterface
                0x000000000800487c        0xa ./Middlewares/ST/STM32_USB_Device_Library/Class/AUDIO/usbd_audio_in.o
                0x000000000800487c                USBD_AUDIO_RegisterInterface
 *fill*         0x0000000008004886        0x2 
 .text.USBD_AUDIO_Init_Microphone_Descriptor
                0x0000000008004888      0x348 ./Middlewares/ST/STM32_USB_Device_Library/Class/AUDIO/usbd_audio_in.o
                0x0000000008004888                USBD_AUDIO_Init_Microphone_Descriptor
 .text.USBD_Init
                0x0000000008004bd0       0x26 ./Middlewares/ST/STM32_USB_Device_Library/Core/usbd_core.o
                0x0000000008004bd0                USBD_Init
 .text.USBD_RegisterClass
                0x0000000008004bf6       0x32 ./Middlewares/ST/STM32_USB_Device_Library/Core/usbd_core.o
                0x0000000008004bf6                USBD_RegisterClass
 .text.USBD_Start
                0x0000000008004c28        0x4 ./Middlewares/ST/STM32_USB_Device_Library/Core/usbd_core.o
                0x0000000008004c28                USBD_Start
 .text.USBD_SetClassConfig
                0x0000000008004c2c        0xe ./Middlewares/ST/STM32_USB_Device_Library/Core/usbd_core.o
                0x0000000008004c2c                USBD_SetClassConfig
 .text.USBD_ClrClassConfig
                0x0000000008004c3a       0x12 ./Middlewares/ST/STM32_USB_Device_Library/Core/usbd_core.o
                0x0000000008004c3a                USBD_ClrClassConfig
 .text.USBD_LL_SetupStage
                0x0000000008004c4c       0x60 ./Middlewares/ST/STM32_USB_Device_Library/Core/usbd_core.o
                0x0000000008004c4c                USBD_LL_SetupStage
 .text.USBD_LL_DataOutStage
                0x0000000008004cac       0x6a ./Middlewares/ST/STM32_USB_Device_Library/Core/usbd_core.o
                0x0000000008004cac                USBD_LL_DataOutStage
 .text.USBD_LL_DataInStage
                0x0000000008004d16       0xae ./Middlewares/ST/STM32_USB_Device_Library/Core/usbd_core.o
                0x0000000008004d16                USBD_LL_DataInStage
 .text.USBD_LL_Reset
                0x0000000008004dc4       0x5e ./Middlewares/ST/STM32_USB_Device_Library/Core/usbd_core.o
                0x0000000008004dc4                USBD_LL_Reset
 .text.USBD_LL_SetSpeed
                0x0000000008004e22        0x6 ./Middlewares/ST/STM32_USB_Device_Library/Core/usbd_core.o
                0x0000000008004e22                USBD_LL_SetSpeed
 .text.USBD_LL_Suspend
                0x0000000008004e28       0x14 ./Middlewares/ST/STM32_USB_Device_Library/Core/usbd_core.o
                0x0000000008004e28                USBD_LL_Suspend
 .text.USBD_LL_Resume
                0x0000000008004e3c       0x16 ./Middlewares/ST/STM32_USB_Device_Library/Core/usbd_core.o
                0x0000000008004e3c                USBD_LL_Resume
 .text.USBD_LL_SOF
                0x0000000008004e52       0x1a ./Middlewares/ST/STM32_USB_Device_Library/Core/usbd_core.o
                0x0000000008004e52                USBD_LL_SOF
 .text.USBD_CoreFindIF
                0x0000000008004e6c        0x4 ./Middlewares/ST/STM32_USB_Device_Library/Core/usbd_core.o
                0x0000000008004e6c                USBD_CoreFindIF
 .text.USBD_CoreFindEP
                0x0000000008004e70        0x4 ./Middlewares/ST/STM32_USB_Device_Library/Core/usbd_core.o
                0x0000000008004e70                USBD_CoreFindEP
 .text.USBD_CtlError.constprop.0
                0x0000000008004e74       0x16 ./Middlewares/ST/STM32_USB_Device_Library/Core/usbd_ctlreq.o
 *fill*         0x0000000008004e8a        0x2 
 .text.USBD_StdDevReq
                0x0000000008004e8c      0x2ac ./Middlewares/ST/STM32_USB_Device_Library/Core/usbd_ctlreq.o
                0x0000000008004e8c                USBD_StdDevReq
 .text.USBD_StdItfReq
                0x0000000008005138       0x5e ./Middlewares/ST/STM32_USB_Device_Library/Core/usbd_ctlreq.o
                0x0000000008005138                USBD_StdItfReq
 .text.USBD_StdEPReq
                0x0000000008005196      0x13c ./Middlewares/ST/STM32_USB_Device_Library/Core/usbd_ctlreq.o
                0x0000000008005196                USBD_StdEPReq
 .text.USBD_ParseSetupRequest
                0x00000000080052d2       0x16 ./Middlewares/ST/STM32_USB_Device_Library/Core/usbd_ctlreq.o
                0x00000000080052d2                USBD_ParseSetupRequest
 .text.USBD_CtlError
                0x00000000080052e8       0x16 ./Middlewares/ST/STM32_USB_Device_Library/Core/usbd_ctlreq.o
                0x00000000080052e8                USBD_CtlError
 .text.USBD_GetString
                0x00000000080052fe       0x38 ./Middlewares/ST/STM32_USB_Device_Library/Core/usbd_ctlreq.o
                0x00000000080052fe                USBD_GetString
 .text.USBD_CtlSendData
                0x0000000008005336       0x1a ./Middlewares/ST/STM32_USB_Device_Library/Core/usbd_ioreq.o
                0x0000000008005336                USBD_CtlSendData
 .text.USBD_CtlContinueSendData
                0x0000000008005350       0x10 ./Middlewares/ST/STM32_USB_Device_Library/Core/usbd_ioreq.o
                0x0000000008005350                USBD_CtlContinueSendData
 .text.USBD_CtlPrepareRx
                0x0000000008005360       0x1a ./Middlewares/ST/STM32_USB_Device_Library/Core/usbd_ioreq.o
                0x0000000008005360                USBD_CtlPrepareRx
 .text.USBD_CtlContinueRx
                0x000000000800537a       0x10 ./Middlewares/ST/STM32_USB_Device_Library/Core/usbd_ioreq.o
                0x000000000800537a                USBD_CtlContinueRx
 .text.USBD_CtlSendStatus
                0x000000000800538a       0x16 ./Middlewares/ST/STM32_USB_Device_Library/Core/usbd_ioreq.o
                0x000000000800538a                USBD_CtlSendStatus
 .text.USBD_CtlReceiveStatus
                0x00000000080053a0       0x16 ./Middlewares/ST/STM32_USB_Device_Library/Core/usbd_ioreq.o
                0x00000000080053a0                USBD_CtlReceiveStatus
 *fill*         0x00000000080053b6        0x2 
 .text.D16_GENERIC
                0x00000000080053b8      0x120 ../../../../../../../../Middlewares/ST/STM32_Audio/Addons/PDM/Lib/libPDMFilter_CM4_GCC_wc32.a(pdm_filter.o)
 .text.D24_GENERIC
                0x00000000080054d8      0x190 ../../../../../../../../Middlewares/ST/STM32_Audio/Addons/PDM/Lib/libPDMFilter_CM4_GCC_wc32.a(pdm_filter.o)
 .text.D32_GENERIC
                0x0000000008005668      0x198 ../../../../../../../../Middlewares/ST/STM32_Audio/Addons/PDM/Lib/libPDMFilter_CM4_GCC_wc32.a(pdm_filter.o)
 .text.D48_GENERIC
                0x0000000008005800      0x1ec ../../../../../../../../Middlewares/ST/STM32_Audio/Addons/PDM/Lib/libPDMFilter_CM4_GCC_wc32.a(pdm_filter.o)
 .text.D64_GENERIC
                0x00000000080059ec      0x220 ../../../../../../../../Middlewares/ST/STM32_Audio/Addons/PDM/Lib/libPDMFilter_CM4_GCC_wc32.a(pdm_filter.o)
 .text.D80_GENERIC
                0x0000000008005c0c      0x2a0 ../../../../../../../../Middlewares/ST/STM32_Audio/Addons/PDM/Lib/libPDMFilter_CM4_GCC_wc32.a(pdm_filter.o)
 .text.D128_GENERIC
                0x0000000008005eac      0x3f0 ../../../../../../../../Middlewares/ST/STM32_Audio/Addons/PDM/Lib/libPDMFilter_CM4_GCC_wc32.a(pdm_filter.o)
 .text.D16_1CH_HTONS_VOL_HP
                0x000000000800629c       0xe4 ../../../../../../../../Middlewares/ST/STM32_Audio/Addons/PDM/Lib/libPDMFilter_CM4_GCC_wc32.a(pdm_filter.o)
 .text.D24_1CH_HTONS_VOL_HP
                0x0000000008006380      0x138 ../../../../../../../../Middlewares/ST/STM32_Audio/Addons/PDM/Lib/libPDMFilter_CM4_GCC_wc32.a(pdm_filter.o)
 .text.D32_1CH_HTONS_VOL_HP
                0x00000000080064b8      0x144 ../../../../../../../../Middlewares/ST/STM32_Audio/Addons/PDM/Lib/libPDMFilter_CM4_GCC_wc32.a(pdm_filter.o)
 .text.D48_1CH_HTONS_VOL_HP
                0x00000000080065fc      0x16c ../../../../../../../../Middlewares/ST/STM32_Audio/Addons/PDM/Lib/libPDMFilter_CM4_GCC_wc32.a(pdm_filter.o)
 .text.D64_1CH_HTONS_VOL_HP
                0x0000000008006768      0x1b8 ../../../../../../../../Middlewares/ST/STM32_Audio/Addons/PDM/Lib/libPDMFilter_CM4_GCC_wc32.a(pdm_filter.o)
 .text.D80_1CH_HTONS_VOL_HP
                0x0000000008006920      0x214 ../../../../../../../../Middlewares/ST/STM32_Audio/Addons/PDM/Lib/libPDMFilter_CM4_GCC_wc32.a(pdm_filter.o)
 .text.D128_1CH_HTONS_VOL_HP
                0x0000000008006b34      0x324 ../../../../../../../../Middlewares/ST/STM32_Audio/Addons/PDM/Lib/libPDMFilter_CM4_GCC_wc32.a(pdm_filter.o)
 .text.PDM_Filter_Init
                0x0000000008006e58      0x114 ../../../../../../../../Middlewares/ST/STM32_Audio/Addons/PDM/Lib/libPDMFilter_CM4_GCC_wc32.a(pdm_filter.o)
                0x0000000008006e58                PDM_Filter_Init
 .text.PDM_Filter_setConfig
                0x0000000008006f6c      0x1e4 ../../../../../../../../Middlewares/ST/STM32_Audio/Addons/PDM/Lib/libPDMFilter_CM4_GCC_wc32.a(pdm_filter.o)
                0x0000000008006f6c                PDM_Filter_setConfig
 .text.PDM_Filter
                0x0000000008007150       0x38 ../../../../../../../../Middlewares/ST/STM32_Audio/Addons/PDM/Lib/libPDMFilter_CM4_GCC_wc32.a(pdm_filter.o)
                0x0000000008007150                PDM_Filter
 .text.CRC_Lock
                0x0000000008007188       0x7c ../../../../../../../../Middlewares/ST/STM32_Audio/Addons/PDM/Lib/libPDMFilter_CM4_GCC_wc32.a(stm32_crc_lock.o)
                0x0000000008007188                CRC_Lock
 .text.arm_fir_decimate_q15
                0x0000000008007204      0x2d8 ../../../../../../../../Drivers/CMSIS/DSP/Lib/GCC/libarm_cortexM4lf_math.a(arm_fir_decimate_q15.o)
                0x0000000008007204                arm_fir_decimate_q15
 .text.arm_fir_decimate_init_q15
                0x00000000080074dc       0x38 ../../../../../../../../Drivers/CMSIS/DSP/Lib/GCC/libarm_cortexM4lf_math.a(arm_fir_decimate_init_q15.o)
                0x00000000080074dc                arm_fir_decimate_init_q15
 .text.__errno  0x0000000008007514        0xc /opt/st/stm32cubeide_1.10.1/plugins/com.st.stm32cube.ide.mcu.externaltools.gnu-tools-for-stm32.10.3-2021.10.linux64_1.0.0.202111181127/tools/bin/../lib/gcc/arm-none-eabi/10.3.1/../../../../arm-none-eabi/lib/thumb/v7e-m+fp/hard/libc_nano.a(lib_a-errno.o)
                0x0000000008007514                __errno
 .text.__libc_init_array
                0x0000000008007520       0x48 /opt/st/stm32cubeide_1.10.1/plugins/com.st.stm32cube.ide.mcu.externaltools.gnu-tools-for-stm32.10.3-2021.10.linux64_1.0.0.202111181127/tools/bin/../lib/gcc/arm-none-eabi/10.3.1/../../../../arm-none-eabi/lib/thumb/v7e-m+fp/hard/libc_nano.a(lib_a-init.o)
                0x0000000008007520                __libc_init_array
 .text.malloc   0x0000000008007568       0x10 /opt/st/stm32cubeide_1.10.1/plugins/com.st.stm32cube.ide.mcu.externaltools.gnu-tools-for-stm32.10.3-2021.10.linux64_1.0.0.202111181127/tools/bin/../lib/gcc/arm-none-eabi/10.3.1/../../../../arm-none-eabi/lib/thumb/v7e-m+fp/hard/libc_nano.a(lib_a-malloc.o)
                0x0000000008007568                malloc
 .text.free     0x0000000008007578       0x10 /opt/st/stm32cubeide_1.10.1/plugins/com.st.stm32cube.ide.mcu.externaltools.gnu-tools-for-stm32.10.3-2021.10.linux64_1.0.0.202111181127/tools/bin/../lib/gcc/arm-none-eabi/10.3.1/../../../../arm-none-eabi/lib/thumb/v7e-m+fp/hard/libc_nano.a(lib_a-malloc.o)
                0x0000000008007578                free
 .text.memcpy   0x0000000008007588       0x1c /opt/st/stm32cubeide_1.10.1/plugins/com.st.stm32cube.ide.mcu.externaltools.gnu-tools-for-stm32.10.3-2021.10.linux64_1.0.0.202111181127/tools/bin/../lib/gcc/arm-none-eabi/10.3.1/../../../../arm-none-eabi/lib/thumb/v7e-m+fp/hard/libc_nano.a(lib_a-memcpy-stub.o)
                0x0000000008007588                memcpy
 .text.memset   0x00000000080075a4       0x10 /opt/st/stm32cubeide_1.10.1/plugins/com.st.stm32cube.ide.mcu.externaltools.gnu-tools-for-stm32.10.3-2021.10.linux64_1.0.0.202111181127/tools/bin/../lib/gcc/arm-none-eabi/10.3.1/../../../../arm-none-eabi/lib/thumb/v7e-m+fp/hard/libc_nano.a(lib_a-memset.o)
                0x00000000080075a4                memset
 .text._free_r  0x00000000080075b4       0x98 /opt/st/stm32cubeide_1.10.1/plugins/com.st.stm32cube.ide.mcu.externaltools.gnu-tools-for-stm32.10.3-2021.10.linux64_1.0.0.202111181127/tools/bin/../lib/gcc/arm-none-eabi/10.3.1/../../../../arm-none-eabi/lib/thumb/v7e-m+fp/hard/libc_nano.a(lib_a-nano-freer.o)
                0x00000000080075b4                _free_r
 .text.sbrk_aligned
                0x000000000800764c       0x40 /opt/st/stm32cubeide_1.10.1/plugins/com.st.stm32cube.ide.mcu.externaltools.gnu-tools-for-stm32.10.3-2021.10.linux64_1.0.0.202111181127/tools/bin/../lib/gcc/arm-none-eabi/10.3.1/../../../../arm-none-eabi/lib/thumb/v7e-m+fp/hard/libc_nano.a(lib_a-nano-mallocr.o)
 .text._malloc_r
                0x000000000800768c       0xe8 /opt/st/stm32cubeide_1.10.1/plugins/com.st.stm32cube.ide.mcu.externaltools.gnu-tools-for-stm32.10.3-2021.10.linux64_1.0.0.202111181127/tools/bin/../lib/gcc/arm-none-eabi/10.3.1/../../../../arm-none-eabi/lib/thumb/v7e-m+fp/hard/libc_nano.a(lib_a-nano-mallocr.o)
                0x000000000800768c                _malloc_r
 .text._sbrk_r  0x0000000008007774       0x20 /opt/st/stm32cubeide_1.10.1/plugins/com.st.stm32cube.ide.mcu.externaltools.gnu-tools-for-stm32.10.3-2021.10.linux64_1.0.0.202111181127/tools/bin/../lib/gcc/arm-none-eabi/10.3.1/../../../../arm-none-eabi/lib/thumb/v7e-m+fp/hard/libc_nano.a(lib_a-sbrkr.o)
                0x0000000008007774                _sbrk_r
 .text.__malloc_lock
                0x0000000008007794        0xc /opt/st/stm32cubeide_1.10.1/plugins/com.st.stm32cube.ide.mcu.externaltools.gnu-tools-for-stm32.10.3-2021.10.linux64_1.0.0.202111181127/tools/bin/../lib/gcc/arm-none-eabi/10.3.1/../../../../arm-none-eabi/lib/thumb/v7e-m+fp/hard/libc_nano.a(lib_a-mlock.o)
                0x0000000008007794                __malloc_lock
 .text.__malloc_unlock
                0x00000000080077a0        0xc /opt/st/stm32cubeide_1.10.1/plugins/com.st.stm32cube.ide.mcu.externaltools.gnu-tools-for-stm32.10.3-2021.10.linux64_1.0.0.202111181127/tools/bin/../lib/gcc/arm-none-eabi/10.3.1/../../../../arm-none-eabi/lib/thumb/v7e-m+fp/hard/libc_nano.a(lib_a-mlock.o)
                0x00000000080077a0                __malloc_unlock
 .text.__retarget_lock_acquire_recursive
                0x00000000080077ac        0x2 /opt/st/stm32cubeide_1.10.1/plugins/com.st.stm32cube.ide.mcu.externaltools.gnu-tools-for-stm32.10.3-2021.10.linux64_1.0.0.202111181127/tools/bin/../lib/gcc/arm-none-eabi/10.3.1/../../../../arm-none-eabi/lib/thumb/v7e-m+fp/hard/libc_nano.a(lib_a-lock.o)
                0x00000000080077ac                __retarget_lock_acquire_recursive
 .text.__retarget_lock_release_recursive
                0x00000000080077ae        0x2 /opt/st/stm32cubeide_1.10.1/plugins/com.st.stm32cube.ide.mcu.externaltools.gnu-tools-for-stm32.10.3-2021.10.linux64_1.0.0.202111181127/tools/bin/../lib/gcc/arm-none-eabi/10.3.1/../../../../arm-none-eabi/lib/thumb/v7e-m+fp/hard/libc_nano.a(lib_a-lock.o)
                0x00000000080077ae                __retarget_lock_release_recursive
 .text.roundf   0x00000000080077b0       0x48 /opt/st/stm32cubeide_1.10.1/plugins/com.st.stm32cube.ide.mcu.externaltools.gnu-tools-for-stm32.10.3-2021.10.linux64_1.0.0.202111181127/tools/bin/../lib/gcc/arm-none-eabi/10.3.1/../../../../arm-none-eabi/lib/thumb/v7e-m+fp/hard/libm.a(lib_a-sf_round.o)
                0x00000000080077b0                roundf
 .text.powf     0x00000000080077f8       0xae /opt/st/stm32cubeide_1.10.1/plugins/com.st.stm32cube.ide.mcu.externaltools.gnu-tools-for-stm32.10.3-2021.10.linux64_1.0.0.202111181127/tools/bin/../lib/gcc/arm-none-eabi/10.3.1/../../../../arm-none-eabi/lib/thumb/v7e-m+fp/hard/libm.a(lib_a-wf_pow.o)
                0x00000000080077f8                powf
 *fill*         0x00000000080078a6        0x2 
 .text.__ieee754_powf
                0x00000000080078a8      0x59c /opt/st/stm32cubeide_1.10.1/plugins/com.st.stm32cube.ide.mcu.externaltools.gnu-tools-for-stm32.10.3-2021.10.linux64_1.0.0.202111181127/tools/bin/../lib/gcc/arm-none-eabi/10.3.1/../../../../arm-none-eabi/lib/thumb/v7e-m+fp/hard/libm.a(lib_a-ef_pow.o)
                0x00000000080078a8                __ieee754_powf
 .text.__ieee754_sqrtf
                0x0000000008007e44        0x6 /opt/st/stm32cubeide_1.10.1/plugins/com.st.stm32cube.ide.mcu.externaltools.gnu-tools-for-stm32.10.3-2021.10.linux64_1.0.0.202111181127/tools/bin/../lib/gcc/arm-none-eabi/10.3.1/../../../../arm-none-eabi/lib/thumb/v7e-m+fp/hard/libm.a(lib_a-ef_sqrt.o)
                0x0000000008007e44                __ieee754_sqrtf
 .text.with_errnof
                0x0000000008007e4a       0x16 /opt/st/stm32cubeide_1.10.1/plugins/com.st.stm32cube.ide.mcu.externaltools.gnu-tools-for-stm32.10.3-2021.10.linux64_1.0.0.202111181127/tools/bin/../lib/gcc/arm-none-eabi/10.3.1/../../../../arm-none-eabi/lib/thumb/v7e-m+fp/hard/libm.a(lib_a-math_errf.o)
 .text.xflowf   0x0000000008007e60       0x16 /opt/st/stm32cubeide_1.10.1/plugins/com.st.stm32cube.ide.mcu.externaltools.gnu-tools-for-stm32.10.3-2021.10.linux64_1.0.0.202111181127/tools/bin/../lib/gcc/arm-none-eabi/10.3.1/../../../../arm-none-eabi/lib/thumb/v7e-m+fp/hard/libm.a(lib_a-math_errf.o)
 *fill*         0x0000000008007e76        0x2 
 .text.__math_uflowf
                0x0000000008007e78        0xc /opt/st/stm32cubeide_1.10.1/plugins/com.st.stm32cube.ide.mcu.externaltools.gnu-tools-for-stm32.10.3-2021.10.linux64_1.0.0.202111181127/tools/bin/../lib/gcc/arm-none-eabi/10.3.1/../../../../arm-none-eabi/lib/thumb/v7e-m+fp/hard/libm.a(lib_a-math_errf.o)
                0x0000000008007e78                __math_uflowf
 .text.__math_oflowf
                0x0000000008007e84        0xc /opt/st/stm32cubeide_1.10.1/plugins/com.st.stm32cube.ide.mcu.externaltools.gnu-tools-for-stm32.10.3-2021.10.linux64_1.0.0.202111181127/tools/bin/../lib/gcc/arm-none-eabi/10.3.1/../../../../arm-none-eabi/lib/thumb/v7e-m+fp/hard/libm.a(lib_a-math_errf.o)
                0x0000000008007e84                __math_oflowf
 .text.fabsf    0x0000000008007e90        0xe /opt/st/stm32cubeide_1.10.1/plugins/com.st.stm32cube.ide.mcu.externaltools.gnu-tools-for-stm32.10.3-2021.10.linux64_1.0.0.202111181127/tools/bin/../lib/gcc/arm-none-eabi/10.3.1/../../../../arm-none-eabi/lib/thumb/v7e-m+fp/hard/libm.a(lib_a-sf_fabs.o)
                0x0000000008007e90                fabsf
 .text.finitef  0x0000000008007e9e       0x1a /opt/st/stm32cubeide_1.10.1/plugins/com.st.stm32cube.ide.mcu.externaltools.gnu-tools-for-stm32.10.3-2021.10.linux64_1.0.0.202111181127/tools/bin/../lib/gcc/arm-none-eabi/10.3.1/../../../../arm-none-eabi/lib/thumb/v7e-m+fp/hard/libm.a(lib_a-sf_finite.o)
                0x0000000008007e9e                finitef
 .text.scalbnf  0x0000000008007eb8       0xe4 /opt/st/stm32cubeide_1.10.1/plugins/com.st.stm32cube.ide.mcu.externaltools.gnu-tools-for-stm32.10.3-2021.10.linux64_1.0.0.202111181127/tools/bin/../lib/gcc/arm-none-eabi/10.3.1/../../../../arm-none-eabi/lib/thumb/v7e-m+fp/hard/libm.a(lib_a-sf_scalbn.o)
                0x0000000008007eb8                scalbnf
 *(.glue_7)
 .glue_7        0x0000000008007f9c        0x0 linker stubs
 *(.glue_7t)
 .glue_7t       0x0000000008007f9c        0x0 linker stubs
 *(.eh_frame)
 .eh_frame      0x0000000008007f9c        0x0 /opt/st/stm32cubeide_1.10.1/plugins/com.st.stm32cube.ide.mcu.externaltools.gnu-tools-for-stm32.10.3-2021.10.linux64_1.0.0.202111181127/tools/bin/../lib/gcc/arm-none-eabi/10.3.1/thumb/v7e-m+fp/hard/crtbegin.o
 *(.init)
 .init          0x0000000008007f9c        0x4 /opt/st/stm32cubeide_1.10.1/plugins/com.st.stm32cube.ide.mcu.externaltools.gnu-tools-for-stm32.10.3-2021.10.linux64_1.0.0.202111181127/tools/bin/../lib/gcc/arm-none-eabi/10.3.1/thumb/v7e-m+fp/hard/crti.o
                0x0000000008007f9c                _init
 .init          0x0000000008007fa0        0x8 /opt/st/stm32cubeide_1.10.1/plugins/com.st.stm32cube.ide.mcu.externaltools.gnu-tools-for-stm32.10.3-2021.10.linux64_1.0.0.202111181127/tools/bin/../lib/gcc/arm-none-eabi/10.3.1/thumb/v7e-m+fp/hard/crtn.o
 *(.fini)
 .fini          0x0000000008007fa8        0x4 /opt/st/stm32cubeide_1.10.1/plugins/com.st.stm32cube.ide.mcu.externaltools.gnu-tools-for-stm32.10.3-2021.10.linux64_1.0.0.202111181127/tools/bin/../lib/gcc/arm-none-eabi/10.3.1/thumb/v7e-m+fp/hard/crti.o
                0x0000000008007fa8                _fini
 .fini          0x0000000008007fac        0x8 /opt/st/stm32cubeide_1.10.1/plugins/com.st.stm32cube.ide.mcu.externaltools.gnu-tools-for-stm32.10.3-2021.10.linux64_1.0.0.202111181127/tools/bin/../lib/gcc/arm-none-eabi/10.3.1/thumb/v7e-m+fp/hard/crtn.o
                0x0000000008007fb4                . = ALIGN (0x4)
                0x0000000008007fb4                _etext = .

.vfp11_veneer   0x0000000008007fb4        0x0
 .vfp11_veneer  0x0000000008007fb4        0x0 linker stubs

.v4_bx          0x0000000008007fb4        0x0
 .v4_bx         0x0000000008007fb4        0x0 linker stubs

.iplt           0x0000000008007fb4        0x0
 .iplt          0x0000000008007fb4        0x0 /opt/st/stm32cubeide_1.10.1/plugins/com.st.stm32cube.ide.mcu.externaltools.gnu-tools-for-stm32.10.3-2021.10.linux64_1.0.0.202111181127/tools/bin/../lib/gcc/arm-none-eabi/10.3.1/thumb/v7e-m+fp/hard/crtbegin.o

.rodata         0x0000000008007fb4      0x380
                0x0000000008007fb4                . = ALIGN (0x4)
 *(.rodata)
 .rodata        0x0000000008007fb4       0x82 ./Application/User/usbd_audio_if.o
                0x0000000008007fb4                vol_table
 .rodata        0x0000000008008036      0x102 ./Drivers/BSP/X-NUCLEO-CCA02M2/cca02m2_audio.o
 .rodata        0x0000000008008138      0x100 ./Drivers/CMSIS/system_stm32wbxx.o
                0x0000000008008138                MSIRangeTable
                0x0000000008008178                AHBPrescTable
                0x00000000080081b8                SmpsPrescalerTable
                0x0000000008008218                APBPrescTable
 .rodata        0x0000000008008238       0x20 ./Drivers/STM32WBxx_HAL_Driver/stm32wbxx_hal_rcc.o
 .rodata        0x0000000008008258       0x38 ../../../../../../../../Middlewares/ST/STM32_Audio/Addons/PDM/Lib/libPDMFilter_CM4_GCC_wc32.a(pdm_filter.o)
 *(.rodata*)
 .rodata.str1.1
                0x0000000008008290       0x8c ./Application/User/usbd_desc.o
 .rodata.bp     0x000000000800831c        0x8 /opt/st/stm32cubeide_1.10.1/plugins/com.st.stm32cube.ide.mcu.externaltools.gnu-tools-for-stm32.10.3-2021.10.linux64_1.0.0.202111181127/tools/bin/../lib/gcc/arm-none-eabi/10.3.1/../../../../arm-none-eabi/lib/thumb/v7e-m+fp/hard/libm.a(lib_a-ef_pow.o)
 .rodata.dp_h   0x0000000008008324        0x8 /opt/st/stm32cubeide_1.10.1/plugins/com.st.stm32cube.ide.mcu.externaltools.gnu-tools-for-stm32.10.3-2021.10.linux64_1.0.0.202111181127/tools/bin/../lib/gcc/arm-none-eabi/10.3.1/../../../../arm-none-eabi/lib/thumb/v7e-m+fp/hard/libm.a(lib_a-ef_pow.o)
 .rodata.dp_l   0x000000000800832c        0x8 /opt/st/stm32cubeide_1.10.1/plugins/com.st.stm32cube.ide.mcu.externaltools.gnu-tools-for-stm32.10.3-2021.10.linux64_1.0.0.202111181127/tools/bin/../lib/gcc/arm-none-eabi/10.3.1/../../../../arm-none-eabi/lib/thumb/v7e-m+fp/hard/libm.a(lib_a-ef_pow.o)
                0x0000000008008334                . = ALIGN (0x4)

.rel.dyn        0x0000000008008334        0x0
 .rel.iplt      0x0000000008008334        0x0 /opt/st/stm32cubeide_1.10.1/plugins/com.st.stm32cube.ide.mcu.externaltools.gnu-tools-for-stm32.10.3-2021.10.linux64_1.0.0.202111181127/tools/bin/../lib/gcc/arm-none-eabi/10.3.1/thumb/v7e-m+fp/hard/crtbegin.o

.ARM.extab
 *(.ARM.extab* .gnu.linkonce.armextab.*)

.ARM            0x0000000008008334        0x0
                0x0000000008008334                __exidx_start = .
 *(.ARM.exidx*)
                0x0000000008008334                __exidx_end = .

.preinit_array  0x0000000008008334        0x0
                0x0000000008008334                PROVIDE (__preinit_array_start = .)
 *(.preinit_array*)
                0x0000000008008334                PROVIDE (__preinit_array_end = .)

.init_array     0x0000000008008334        0x4
                0x0000000008008334                PROVIDE (__init_array_start = .)
 *(SORT_BY_NAME(.init_array.*))
 *(.init_array*)
 .init_array    0x0000000008008334        0x4 /opt/st/stm32cubeide_1.10.1/plugins/com.st.stm32cube.ide.mcu.externaltools.gnu-tools-for-stm32.10.3-2021.10.linux64_1.0.0.202111181127/tools/bin/../lib/gcc/arm-none-eabi/10.3.1/thumb/v7e-m+fp/hard/crtbegin.o
                0x0000000008008338                PROVIDE (__init_array_end = .)

.fini_array     0x0000000008008338        0x4
                [!provide]                        PROVIDE (__fini_array_start = .)
 *(SORT_BY_NAME(.fini_array.*))
 *(.fini_array*)
 .fini_array    0x0000000008008338        0x4 /opt/st/stm32cubeide_1.10.1/plugins/com.st.stm32cube.ide.mcu.externaltools.gnu-tools-for-stm32.10.3-2021.10.linux64_1.0.0.202111181127/tools/bin/../lib/gcc/arm-none-eabi/10.3.1/thumb/v7e-m+fp/hard/crtbegin.o
                [!provide]                        PROVIDE (__fini_array_end = .)
                0x000000000800833c                _sidata = LOADADDR (.data)

.data           0x0000000020000004      0x52c load address 0x000000000800833c
                0x0000000020000004                . = ALIGN (0x4)
                0x0000000020000004                _sdata = .
 *(.data)
 .data          0x0000000020000004       0x24 ./Application/User/usbd_audio_if.o
                0x0000000020000004                USBD_AUDIO_fops
 .data          0x0000000020000028       0x34 ./Application/User/usbd_desc.o
                0x0000000020000028                hUSBDDeviceDesc
                0x000000002000003c                USBD_LangIDDesc
                0x0000000020000040                AUDIO_Desc
 .data          0x000000002000005c       0x20 ./Drivers/BSP/X-NUCLEO-CCA02M2/cca02m2_audio.o
 .data          0x000000002000007c        0x4 ./Drivers/CMSIS/system_stm32wbxx.o
                0x000000002000007c                SystemCoreClock
 .data          0x0000000020000080        0x8 ./Drivers/STM32WBxx_HAL_Driver/stm32wbxx_hal.o
                0x0000000020000080                uwTickFreq
                0x0000000020000084                uwTickPrio
 .data          0x0000000020000088       0x44 ./Middlewares/ST/STM32_USB_Device_Library/Class/AUDIO/usbd_audio_in.o
                0x0000000020000094                USBD_AUDIO
 .data          0x00000000200000cc      0x400 ../../../../../../../../Middlewares/ST/STM32_Audio/Addons/PDM/Lib/libPDMFilter_CM4_GCC_wc32.a(pdm_filter.o)
 *(.data*)
 .data._impure_ptr
                0x00000000200004cc        0x4 /opt/st/stm32cubeide_1.10.1/plugins/com.st.stm32cube.ide.mcu.externaltools.gnu-tools-for-stm32.10.3-2021.10.linux64_1.0.0.202111181127/tools/bin/../lib/gcc/arm-none-eabi/10.3.1/../../../../arm-none-eabi/lib/thumb/v7e-m+fp/hard/libc_nano.a(lib_a-impure.o)
                0x00000000200004cc                _impure_ptr
 .data.impure_data
                0x00000000200004d0       0x60 /opt/st/stm32cubeide_1.10.1/plugins/com.st.stm32cube.ide.mcu.externaltools.gnu-tools-for-stm32.10.3-2021.10.linux64_1.0.0.202111181127/tools/bin/../lib/gcc/arm-none-eabi/10.3.1/../../../../arm-none-eabi/lib/thumb/v7e-m+fp/hard/libc_nano.a(lib_a-impure.o)
                0x0000000020000530                . = ALIGN (0x4)
                0x0000000020000530                _edata = .

.igot.plt       0x0000000020000530        0x0 load address 0x0000000008008868
 .igot.plt      0x0000000020000530        0x0 /opt/st/stm32cubeide_1.10.1/plugins/com.st.stm32cube.ide.mcu.externaltools.gnu-tools-for-stm32.10.3-2021.10.linux64_1.0.0.202111181127/tools/bin/../lib/gcc/arm-none-eabi/10.3.1/thumb/v7e-m+fp/hard/crtbegin.o
                0x0000000020000530                . = ALIGN (0x4)

.bss            0x0000000020000530     0x2104 load address 0x0000000008008868
                0x0000000020000530                _sbss = .
                0x0000000020000530                __bss_start__ = _sbss
 *(.bss)
 .bss           0x0000000020000530       0x1c /opt/st/stm32cubeide_1.10.1/plugins/com.st.stm32cube.ide.mcu.externaltools.gnu-tools-for-stm32.10.3-2021.10.linux64_1.0.0.202111181127/tools/bin/../lib/gcc/arm-none-eabi/10.3.1/thumb/v7e-m+fp/hard/crtbegin.o
 .bss           0x000000002000054c        0x8 ./Application/SW4STM32/syscalls.o
                0x0000000020000550                __env
 .bss           0x0000000020000554      0x6d4 ./Application/User/audio_application.o
                0x0000000020000554                PCM_Buffer
                0x0000000020000614                PDM_Buffer
                0x0000000020000c14                MicParams
 .bss           0x0000000020000c28      0x2dc ./Application/User/main.o
                0x0000000020000c28                hUSBDDevice
 .bss           0x0000000020000f04      0x310 ./Application/User/usbd_conf.o
                0x0000000020000f04                remotewakeupon
                0x0000000020000f08                hpcd
                0x0000000020001210                HID_Buffer
 .bss           0x0000000020001214      0x100 ./Application/User/usbd_desc.o
                0x0000000020001214                USBD_StrDesc
 .bss           0x0000000020001314     0x10ac ./Drivers/BSP/X-NUCLEO-CCA02M2/cca02m2_audio.o
                0x0000000020001314                AudioInCtx
                0x00000000200016b0                hAudioInSai
 .bss           0x00000000200023c0        0x4 ./Drivers/STM32WBxx_HAL_Driver/stm32wbxx_hal.o
                0x00000000200023c0                uwTick
 .bss           0x00000000200023c4      0x25c ./Middlewares/ST/STM32_USB_Device_Library/Class/AUDIO/usbd_audio_in.o
 .bss           0x0000000020002620        0x1 ./Middlewares/ST/STM32_USB_Device_Library/Core/usbd_ctlreq.o
 .bss           0x0000000020002621        0x1 ../../../../../../../../Middlewares/ST/STM32_Audio/Addons/PDM/Lib/libPDMFilter_CM4_GCC_wc32.a(pdm_filter.o)
 *(.bss*)
 *fill*         0x0000000020002622        0x2 
 .bss.__malloc_free_list
                0x0000000020002624        0x4 /opt/st/stm32cubeide_1.10.1/plugins/com.st.stm32cube.ide.mcu.externaltools.gnu-tools-for-stm32.10.3-2021.10.linux64_1.0.0.202111181127/tools/bin/../lib/gcc/arm-none-eabi/10.3.1/../../../../arm-none-eabi/lib/thumb/v7e-m+fp/hard/libc_nano.a(lib_a-nano-mallocr.o)
                0x0000000020002624                __malloc_free_list
 .bss.__malloc_sbrk_start
                0x0000000020002628        0x4 /opt/st/stm32cubeide_1.10.1/plugins/com.st.stm32cube.ide.mcu.externaltools.gnu-tools-for-stm32.10.3-2021.10.linux64_1.0.0.202111181127/tools/bin/../lib/gcc/arm-none-eabi/10.3.1/../../../../arm-none-eabi/lib/thumb/v7e-m+fp/hard/libc_nano.a(lib_a-nano-mallocr.o)
                0x0000000020002628                __malloc_sbrk_start
 .bss.errno     0x000000002000262c        0x4 /opt/st/stm32cubeide_1.10.1/plugins/com.st.stm32cube.ide.mcu.externaltools.gnu-tools-for-stm32.10.3-2021.10.linux64_1.0.0.202111181127/tools/bin/../lib/gcc/arm-none-eabi/10.3.1/../../../../arm-none-eabi/lib/thumb/v7e-m+fp/hard/libc_nano.a(lib_a-reent.o)
                0x000000002000262c                errno
 .bss.__lock___malloc_recursive_mutex
                0x0000000020002630        0x1 /opt/st/stm32cubeide_1.10.1/plugins/com.st.stm32cube.ide.mcu.externaltools.gnu-tools-for-stm32.10.3-2021.10.linux64_1.0.0.202111181127/tools/bin/../lib/gcc/arm-none-eabi/10.3.1/../../../../arm-none-eabi/lib/thumb/v7e-m+fp/hard/libc_nano.a(lib_a-lock.o)
                0x0000000020002630                __lock___malloc_recursive_mutex
 *(COMMON)
                0x0000000020002634                . = ALIGN (0x4)
 *fill*         0x0000000020002631        0x3 
                0x0000000020002634                _ebss = .
                0x0000000020002634                __bss_end__ = _ebss

._user_heap_stack
                0x0000000020002634     0x1404 load address 0x0000000008008868
                0x0000000020002638                . = ALIGN (0x8)
 *fill*         0x0000000020002634        0x4 
                0x0000000020002638                PROVIDE (end = .)
                [!provide]                        PROVIDE (_end = .)
                0x0000000020002a38                . = (. + _Min_Heap_Size)
 *fill*         0x0000000020002638      0x400 
                0x0000000020003a38                . = (. + _Min_Stack_Size)
 *fill*         0x0000000020002a38     0x1000 
                0x0000000020003a38                . = ALIGN (0x8)

/DISCARD/
 libc.a(*)
 libm.a(*)
 libgcc.a(*)

.ARM.attributes
                0x0000000000000000       0x30
 *(.ARM.attributes)
 .ARM.attributes
                0x0000000000000000       0x1e /opt/st/stm32cubeide_1.10.1/plugins/com.st.stm32cube.ide.mcu.externaltools.gnu-tools-for-stm32.10.3-2021.10.linux64_1.0.0.202111181127/tools/bin/../lib/gcc/arm-none-eabi/10.3.1/thumb/v7e-m+fp/hard/crti.o
 .ARM.attributes
                0x000000000000001e       0x34 /opt/st/stm32cubeide_1.10.1/plugins/com.st.stm32cube.ide.mcu.externaltools.gnu-tools-for-stm32.10.3-2021.10.linux64_1.0.0.202111181127/tools/bin/../lib/gcc/arm-none-eabi/10.3.1/thumb/v7e-m+fp/hard/crtbegin.o
 .ARM.attributes
                0x0000000000000052       0x21 ./Application/SW4STM32/startup_stm32wb55xx_cm4.o
 .ARM.attributes
                0x0000000000000073       0x34 ./Application/SW4STM32/syscalls.o
 .ARM.attributes
                0x00000000000000a7       0x34 ./Application/User/audio_application.o
 .ARM.attributes
                0x00000000000000db       0x34 ./Application/User/cube_hal_wb.o
 .ARM.attributes
                0x000000000000010f       0x34 ./Application/User/main.o
 .ARM.attributes
                0x0000000000000143       0x34 ./Application/User/stm32xx_it.o
 .ARM.attributes
                0x0000000000000177       0x34 ./Application/User/usbd_audio_if.o
 .ARM.attributes
                0x00000000000001ab       0x34 ./Application/User/usbd_conf.o
 .ARM.attributes
                0x00000000000001df       0x34 ./Application/User/usbd_desc.o
 .ARM.attributes
                0x0000000000000213       0x34 ./Drivers/BSP/X-NUCLEO-CCA02M2/cca02m2_audio.o
 .ARM.attributes
                0x0000000000000247       0x34 ./Drivers/CMSIS/system_stm32wbxx.o
 .ARM.attributes
                0x000000000000027b       0x34 ./Drivers/STM32WBxx_HAL_Driver/stm32wbxx_hal.o
 .ARM.attributes
                0x00000000000002af       0x34 ./Drivers/STM32WBxx_HAL_Driver/stm32wbxx_hal_cortex.o
 .ARM.attributes
                0x00000000000002e3       0x34 ./Drivers/STM32WBxx_HAL_Driver/stm32wbxx_hal_dma.o
 .ARM.attributes
                0x0000000000000317       0x34 ./Drivers/STM32WBxx_HAL_Driver/stm32wbxx_hal_gpio.o
 .ARM.attributes
                0x000000000000034b       0x34 ./Drivers/STM32WBxx_HAL_Driver/stm32wbxx_hal_pcd.o
 .ARM.attributes
                0x000000000000037f       0x34 ./Drivers/STM32WBxx_HAL_Driver/stm32wbxx_hal_pcd_ex.o
 .ARM.attributes
                0x00000000000003b3       0x34 ./Drivers/STM32WBxx_HAL_Driver/stm32wbxx_hal_pwr.o
 .ARM.attributes
                0x00000000000003e7       0x34 ./Drivers/STM32WBxx_HAL_Driver/stm32wbxx_hal_pwr_ex.o
 .ARM.attributes
                0x000000000000041b       0x34 ./Drivers/STM32WBxx_HAL_Driver/stm32wbxx_hal_rcc.o
 .ARM.attributes
                0x000000000000044f       0x34 ./Drivers/STM32WBxx_HAL_Driver/stm32wbxx_hal_rcc_ex.o
 .ARM.attributes
                0x0000000000000483       0x34 ./Drivers/STM32WBxx_HAL_Driver/stm32wbxx_hal_sai.o
 .ARM.attributes
                0x00000000000004b7       0x34 ./Drivers/STM32WBxx_HAL_Driver/stm32wbxx_ll_usb.o
 .ARM.attributes
                0x00000000000004eb       0x34 ./Middlewares/ST/STM32_USB_Device_Library/Class/AUDIO/usbd_audio_in.o
 .ARM.attributes
                0x000000000000051f       0x34 ./Middlewares/ST/STM32_USB_Device_Library/Core/usbd_core.o
 .ARM.attributes
                0x0000000000000553       0x34 ./Middlewares/ST/STM32_USB_Device_Library/Core/usbd_ctlreq.o
 .ARM.attributes
                0x0000000000000587       0x34 ./Middlewares/ST/STM32_USB_Device_Library/Core/usbd_ioreq.o
 .ARM.attributes
                0x00000000000005bb       0x39 ../../../../../../../../Middlewares/ST/STM32_Audio/Addons/PDM/Lib/libPDMFilter_CM4_GCC_wc32.a(pdm_filter.o)
 .ARM.attributes
                0x00000000000005f4       0x39 ../../../../../../../../Middlewares/ST/STM32_Audio/Addons/PDM/Lib/libPDMFilter_CM4_GCC_wc32.a(stm32_crc_lock.o)
 .ARM.attributes
                0x000000000000062d       0x34 ../../../../../../../../Drivers/CMSIS/DSP/Lib/GCC/libarm_cortexM4lf_math.a(arm_fir_decimate_q15.o)
 .ARM.attributes
                0x0000000000000661       0x34 ../../../../../../../../Drivers/CMSIS/DSP/Lib/GCC/libarm_cortexM4lf_math.a(arm_fir_decimate_init_q15.o)
 .ARM.attributes
                0x0000000000000695       0x34 /opt/st/stm32cubeide_1.10.1/plugins/com.st.stm32cube.ide.mcu.externaltools.gnu-tools-for-stm32.10.3-2021.10.linux64_1.0.0.202111181127/tools/bin/../lib/gcc/arm-none-eabi/10.3.1/../../../../arm-none-eabi/lib/thumb/v7e-m+fp/hard/libc_nano.a(lib_a-errno.o)
 .ARM.attributes
                0x00000000000006c9       0x34 /opt/st/stm32cubeide_1.10.1/plugins/com.st.stm32cube.ide.mcu.externaltools.gnu-tools-for-stm32.10.3-2021.10.linux64_1.0.0.202111181127/tools/bin/../lib/gcc/arm-none-eabi/10.3.1/../../../../arm-none-eabi/lib/thumb/v7e-m+fp/hard/libc_nano.a(lib_a-impure.o)
 .ARM.attributes
                0x00000000000006fd       0x34 /opt/st/stm32cubeide_1.10.1/plugins/com.st.stm32cube.ide.mcu.externaltools.gnu-tools-for-stm32.10.3-2021.10.linux64_1.0.0.202111181127/tools/bin/../lib/gcc/arm-none-eabi/10.3.1/../../../../arm-none-eabi/lib/thumb/v7e-m+fp/hard/libc_nano.a(lib_a-init.o)
 .ARM.attributes
                0x0000000000000731       0x34 /opt/st/stm32cubeide_1.10.1/plugins/com.st.stm32cube.ide.mcu.externaltools.gnu-tools-for-stm32.10.3-2021.10.linux64_1.0.0.202111181127/tools/bin/../lib/gcc/arm-none-eabi/10.3.1/../../../../arm-none-eabi/lib/thumb/v7e-m+fp/hard/libc_nano.a(lib_a-malloc.o)
 .ARM.attributes
                0x0000000000000765       0x34 /opt/st/stm32cubeide_1.10.1/plugins/com.st.stm32cube.ide.mcu.externaltools.gnu-tools-for-stm32.10.3-2021.10.linux64_1.0.0.202111181127/tools/bin/../lib/gcc/arm-none-eabi/10.3.1/../../../../arm-none-eabi/lib/thumb/v7e-m+fp/hard/libc_nano.a(lib_a-memcpy-stub.o)
 .ARM.attributes
                0x0000000000000799       0x34 /opt/st/stm32cubeide_1.10.1/plugins/com.st.stm32cube.ide.mcu.externaltools.gnu-tools-for-stm32.10.3-2021.10.linux64_1.0.0.202111181127/tools/bin/../lib/gcc/arm-none-eabi/10.3.1/../../../../arm-none-eabi/lib/thumb/v7e-m+fp/hard/libc_nano.a(lib_a-memset.o)
 .ARM.attributes
                0x00000000000007cd       0x34 /opt/st/stm32cubeide_1.10.1/plugins/com.st.stm32cube.ide.mcu.externaltools.gnu-tools-for-stm32.10.3-2021.10.linux64_1.0.0.202111181127/tools/bin/../lib/gcc/arm-none-eabi/10.3.1/../../../../arm-none-eabi/lib/thumb/v7e-m+fp/hard/libc_nano.a(lib_a-nano-freer.o)
 .ARM.attributes
                0x0000000000000801       0x34 /opt/st/stm32cubeide_1.10.1/plugins/com.st.stm32cube.ide.mcu.externaltools.gnu-tools-for-stm32.10.3-2021.10.linux64_1.0.0.202111181127/tools/bin/../lib/gcc/arm-none-eabi/10.3.1/../../../../arm-none-eabi/lib/thumb/v7e-m+fp/hard/libc_nano.a(lib_a-nano-mallocr.o)
 .ARM.attributes
                0x0000000000000835       0x34 /opt/st/stm32cubeide_1.10.1/plugins/com.st.stm32cube.ide.mcu.externaltools.gnu-tools-for-stm32.10.3-2021.10.linux64_1.0.0.202111181127/tools/bin/../lib/gcc/arm-none-eabi/10.3.1/../../../../arm-none-eabi/lib/thumb/v7e-m+fp/hard/libc_nano.a(lib_a-sbrkr.o)
 .ARM.attributes
                0x0000000000000869       0x34 /opt/st/stm32cubeide_1.10.1/plugins/com.st.stm32cube.ide.mcu.externaltools.gnu-tools-for-stm32.10.3-2021.10.linux64_1.0.0.202111181127/tools/bin/../lib/gcc/arm-none-eabi/10.3.1/../../../../arm-none-eabi/lib/thumb/v7e-m+fp/hard/libc_nano.a(lib_a-mlock.o)
 .ARM.attributes
                0x000000000000089d       0x34 /opt/st/stm32cubeide_1.10.1/plugins/com.st.stm32cube.ide.mcu.externaltools.gnu-tools-for-stm32.10.3-2021.10.linux64_1.0.0.202111181127/tools/bin/../lib/gcc/arm-none-eabi/10.3.1/../../../../arm-none-eabi/lib/thumb/v7e-m+fp/hard/libc_nano.a(lib_a-reent.o)
 .ARM.attributes
                0x00000000000008d1       0x34 /opt/st/stm32cubeide_1.10.1/plugins/com.st.stm32cube.ide.mcu.externaltools.gnu-tools-for-stm32.10.3-2021.10.linux64_1.0.0.202111181127/tools/bin/../lib/gcc/arm-none-eabi/10.3.1/../../../../arm-none-eabi/lib/thumb/v7e-m+fp/hard/libc_nano.a(lib_a-lock.o)
 .ARM.attributes
                0x0000000000000905       0x34 /opt/st/stm32cubeide_1.10.1/plugins/com.st.stm32cube.ide.mcu.externaltools.gnu-tools-for-stm32.10.3-2021.10.linux64_1.0.0.202111181127/tools/bin/../lib/gcc/arm-none-eabi/10.3.1/../../../../arm-none-eabi/lib/thumb/v7e-m+fp/hard/libm.a(lib_a-sf_round.o)
 .ARM.attributes
                0x0000000000000939       0x34 /opt/st/stm32cubeide_1.10.1/plugins/com.st.stm32cube.ide.mcu.externaltools.gnu-tools-for-stm32.10.3-2021.10.linux64_1.0.0.202111181127/tools/bin/../lib/gcc/arm-none-eabi/10.3.1/../../../../arm-none-eabi/lib/thumb/v7e-m+fp/hard/libm.a(lib_a-wf_pow.o)
 .ARM.attributes
                0x000000000000096d       0x34 /opt/st/stm32cubeide_1.10.1/plugins/com.st.stm32cube.ide.mcu.externaltools.gnu-tools-for-stm32.10.3-2021.10.linux64_1.0.0.202111181127/tools/bin/../lib/gcc/arm-none-eabi/10.3.1/../../../../arm-none-eabi/lib/thumb/v7e-m+fp/hard/libm.a(lib_a-ef_pow.o)
 .ARM.attributes
                0x00000000000009a1       0x34 /opt/st/stm32cubeide_1.10.1/plugins/com.st.stm32cube.ide.mcu.externaltools.gnu-tools-for-stm32.10.3-2021.10.linux64_1.0.0.202111181127/tools/bin/../lib/gcc/arm-none-eabi/10.3.1/../../../../arm-none-eabi/lib/thumb/v7e-m+fp/hard/libm.a(lib_a-ef_sqrt.o)
 .ARM.attributes
                0x00000000000009d5       0x34 /opt/st/stm32cubeide_1.10.1/plugins/com.st.stm32cube.ide.mcu.externaltools.gnu-tools-for-stm32.10.3-2021.10.linux64_1.0.0.202111181127/tools/bin/../lib/gcc/arm-none-eabi/10.3.1/../../../../arm-none-eabi/lib/thumb/v7e-m+fp/hard/libm.a(lib_a-math_errf.o)
 .ARM.attributes
                0x0000000000000a09       0x34 /opt/st/stm32cubeide_1.10.1/plugins/com.st.stm32cube.ide.mcu.externaltools.gnu-tools-for-stm32.10.3-2021.10.linux64_1.0.0.202111181127/tools/bin/../lib/gcc/arm-none-eabi/10.3.1/../../../../arm-none-eabi/lib/thumb/v7e-m+fp/hard/libm.a(lib_a-sf_fabs.o)
 .ARM.attributes
                0x0000000000000a3d       0x34 /opt/st/stm32cubeide_1.10.1/plugins/com.st.stm32cube.ide.mcu.externaltools.gnu-tools-for-stm32.10.3-2021.10.linux64_1.0.0.202111181127/tools/bin/../lib/gcc/arm-none-eabi/10.3.1/../../../../arm-none-eabi/lib/thumb/v7e-m+fp/hard/libm.a(lib_a-sf_finite.o)
 .ARM.attributes
                0x0000000000000a71       0x34 /opt/st/stm32cubeide_1.10.1/plugins/com.st.stm32cube.ide.mcu.externaltools.gnu-tools-for-stm32.10.3-2021.10.linux64_1.0.0.202111181127/tools/bin/../lib/gcc/arm-none-eabi/10.3.1/../../../../arm-none-eabi/lib/thumb/v7e-m+fp/hard/libm.a(lib_a-sf_scalbn.o)
 .ARM.attributes
                0x0000000000000aa5       0x1e /opt/st/stm32cubeide_1.10.1/plugins/com.st.stm32cube.ide.mcu.externaltools.gnu-tools-for-stm32.10.3-2021.10.linux64_1.0.0.202111181127/tools/bin/../lib/gcc/arm-none-eabi/10.3.1/thumb/v7e-m+fp/hard/crtn.o

MAPPING_TABLE
 *(MAPPING_TABLE)

MB_MEM1
 *(MB_MEM1)

MB_MEM2
 *(MB_MEM2)
OUTPUT(STM32WB55-MEMSMIC1.elf elf32-littlearm)
LOAD linker stubs
LOAD /opt/st/stm32cubeide_1.10.1/plugins/com.st.stm32cube.ide.mcu.externaltools.gnu-tools-for-stm32.10.3-2021.10.linux64_1.0.0.202111181127/tools/bin/../lib/gcc/arm-none-eabi/10.3.1/../../../../arm-none-eabi/lib/thumb/v7e-m+fp/hard/libc.a
LOAD /opt/st/stm32cubeide_1.10.1/plugins/com.st.stm32cube.ide.mcu.externaltools.gnu-tools-for-stm32.10.3-2021.10.linux64_1.0.0.202111181127/tools/bin/../lib/gcc/arm-none-eabi/10.3.1/../../../../arm-none-eabi/lib/thumb/v7e-m+fp/hard/libm.a
LOAD /opt/st/stm32cubeide_1.10.1/plugins/com.st.stm32cube.ide.mcu.externaltools.gnu-tools-for-stm32.10.3-2021.10.linux64_1.0.0.202111181127/tools/bin/../lib/gcc/arm-none-eabi/10.3.1/thumb/v7e-m+fp/hard/libgcc.a

.debug_line     0x0000000000000000    0x22947
 .debug_line    0x0000000000000000       0xf4 ./Application/SW4STM32/startup_stm32wb55xx_cm4.o
 .debug_line    0x00000000000000f4      0x946 ./Application/SW4STM32/syscalls.o
 .debug_line    0x0000000000000a3a     0x1107 ./Application/User/audio_application.o
 .debug_line    0x0000000000001b41     0x1105 ./Application/User/cube_hal_wb.o
 .debug_line    0x0000000000002c46     0x1025 ./Application/User/main.o
 .debug_line    0x0000000000003c6b     0x1069 ./Application/User/stm32xx_it.o
 .debug_line    0x0000000000004cd4     0x10ee ./Application/User/usbd_audio_if.o
 .debug_line    0x0000000000005dc2     0x134b ./Application/User/usbd_conf.o
 .debug_line    0x000000000000710d      0xf6f ./Application/User/usbd_desc.o
 .debug_line    0x000000000000807c     0x1c0a ./Drivers/BSP/X-NUCLEO-CCA02M2/cca02m2_audio.o
 .debug_line    0x0000000000009c86      0xcb3 ./Drivers/CMSIS/system_stm32wbxx.o
 .debug_line    0x000000000000a939     0x132c ./Drivers/STM32WBxx_HAL_Driver/stm32wbxx_hal.o
 .debug_line    0x000000000000bc65     0x10d5 ./Drivers/STM32WBxx_HAL_Driver/stm32wbxx_hal_cortex.o
 .debug_line    0x000000000000cd3a     0x152e ./Drivers/STM32WBxx_HAL_Driver/stm32wbxx_hal_dma.o
 .debug_line    0x000000000000e268     0x108e ./Drivers/STM32WBxx_HAL_Driver/stm32wbxx_hal_gpio.o
 .debug_line    0x000000000000f2f6     0x1ba3 ./Drivers/STM32WBxx_HAL_Driver/stm32wbxx_hal_pcd.o
 .debug_line    0x0000000000010e99      0xd68 ./Drivers/STM32WBxx_HAL_Driver/stm32wbxx_hal_pcd_ex.o
 .debug_line    0x0000000000011c01      0xde2 ./Drivers/STM32WBxx_HAL_Driver/stm32wbxx_hal_pwr.o
 .debug_line    0x00000000000129e3     0x1584 ./Drivers/STM32WBxx_HAL_Driver/stm32wbxx_hal_pwr_ex.o
 .debug_line    0x0000000000013f67     0x2213 ./Drivers/STM32WBxx_HAL_Driver/stm32wbxx_hal_rcc.o
 .debug_line    0x000000000001617a     0x2533 ./Drivers/STM32WBxx_HAL_Driver/stm32wbxx_hal_rcc_ex.o
 .debug_line    0x00000000000186ad     0x25b9 ./Drivers/STM32WBxx_HAL_Driver/stm32wbxx_hal_sai.o
 .debug_line    0x000000000001ac66     0x1eae ./Drivers/STM32WBxx_HAL_Driver/stm32wbxx_ll_usb.o
 .debug_line    0x000000000001cb14     0x1909 ./Middlewares/ST/STM32_USB_Device_Library/Class/AUDIO/usbd_audio_in.o
 .debug_line    0x000000000001e41d     0x1577 ./Middlewares/ST/STM32_USB_Device_Library/Core/usbd_core.o
 .debug_line    0x000000000001f994     0x15f6 ./Middlewares/ST/STM32_USB_Device_Library/Core/usbd_ctlreq.o
 .debug_line    0x0000000000020f8a      0xf41 ./Middlewares/ST/STM32_USB_Device_Library/Core/usbd_ioreq.o
 .debug_line    0x0000000000021ecb      0x7ca ../../../../../../../../Drivers/CMSIS/DSP/Lib/GCC/libarm_cortexM4lf_math.a(arm_fir_decimate_q15.o)
 .debug_line    0x0000000000022695      0x2b2 ../../../../../../../../Drivers/CMSIS/DSP/Lib/GCC/libarm_cortexM4lf_math.a(arm_fir_decimate_init_q15.o)

.debug_info     0x0000000000000000    0x1eccb
 .debug_info    0x0000000000000000       0x22 ./Application/SW4STM32/startup_stm32wb55xx_cm4.o
 .debug_info    0x0000000000000022      0x872 ./Application/SW4STM32/syscalls.o
 .debug_info    0x0000000000000894      0x3b3 ./Application/User/audio_application.o
 .debug_info    0x0000000000000c47      0x957 ./Application/User/cube_hal_wb.o
 .debug_info    0x000000000000159e      0x8f5 ./Application/User/main.o
 .debug_info    0x0000000000001e93      0xdd1 ./Application/User/stm32xx_it.o
 .debug_info    0x0000000000002c64      0x91e ./Application/User/usbd_audio_if.o
 .debug_info    0x0000000000003582     0x23bd ./Application/User/usbd_conf.o
 .debug_info    0x000000000000593f      0x55f ./Application/User/usbd_desc.o
 .debug_info    0x0000000000005e9e     0x2544 ./Drivers/BSP/X-NUCLEO-CCA02M2/cca02m2_audio.o
 .debug_info    0x00000000000083e2      0x75f ./Drivers/CMSIS/system_stm32wbxx.o
 .debug_info    0x0000000000008b41     0x16a3 ./Drivers/STM32WBxx_HAL_Driver/stm32wbxx_hal.o
 .debug_info    0x000000000000a1e4      0xf94 ./Drivers/STM32WBxx_HAL_Driver/stm32wbxx_hal_cortex.o
 .debug_info    0x000000000000b178      0xa46 ./Drivers/STM32WBxx_HAL_Driver/stm32wbxx_hal_dma.o
 .debug_info    0x000000000000bbbe      0x789 ./Drivers/STM32WBxx_HAL_Driver/stm32wbxx_hal_gpio.o
 .debug_info    0x000000000000c347     0x1d68 ./Drivers/STM32WBxx_HAL_Driver/stm32wbxx_hal_pcd.o
 .debug_info    0x000000000000e0af      0x9ae ./Drivers/STM32WBxx_HAL_Driver/stm32wbxx_hal_pcd_ex.o
 .debug_info    0x000000000000ea5d      0xa40 ./Drivers/STM32WBxx_HAL_Driver/stm32wbxx_hal_pwr.o
 .debug_info    0x000000000000f49d     0x1468 ./Drivers/STM32WBxx_HAL_Driver/stm32wbxx_hal_pwr_ex.o
 .debug_info    0x0000000000010905     0x225f ./Drivers/STM32WBxx_HAL_Driver/stm32wbxx_hal_rcc.o
 .debug_info    0x0000000000012b64     0x2bd1 ./Drivers/STM32WBxx_HAL_Driver/stm32wbxx_hal_rcc_ex.o
 .debug_info    0x0000000000015735     0x1b19 ./Drivers/STM32WBxx_HAL_Driver/stm32wbxx_hal_sai.o
 .debug_info    0x000000000001724e     0x18f1 ./Drivers/STM32WBxx_HAL_Driver/stm32wbxx_ll_usb.o
 .debug_info    0x0000000000018b3f     0x13f9 ./Middlewares/ST/STM32_USB_Device_Library/Class/AUDIO/usbd_audio_in.o
 .debug_info    0x0000000000019f38     0x12aa ./Middlewares/ST/STM32_USB_Device_Library/Core/usbd_core.o
 .debug_info    0x000000000001b1e2     0x10bd ./Middlewares/ST/STM32_USB_Device_Library/Core/usbd_ctlreq.o
 .debug_info    0x000000000001c29f      0x90b ./Middlewares/ST/STM32_USB_Device_Library/Core/usbd_ioreq.o
 .debug_info    0x000000000001cbaa     0x14f3 ../../../../../../../../Drivers/CMSIS/DSP/Lib/GCC/libarm_cortexM4lf_math.a(arm_fir_decimate_q15.o)
 .debug_info    0x000000000001e09d      0xc2e ../../../../../../../../Drivers/CMSIS/DSP/Lib/GCC/libarm_cortexM4lf_math.a(arm_fir_decimate_init_q15.o)

.debug_abbrev   0x0000000000000000     0x52d8
 .debug_abbrev  0x0000000000000000       0x12 ./Application/SW4STM32/startup_stm32wb55xx_cm4.o
 .debug_abbrev  0x0000000000000012      0x23c ./Application/SW4STM32/syscalls.o
 .debug_abbrev  0x000000000000024e      0x1b7 ./Application/User/audio_application.o
 .debug_abbrev  0x0000000000000405      0x1ab ./Application/User/cube_hal_wb.o
 .debug_abbrev  0x00000000000005b0      0x1fc ./Application/User/main.o
 .debug_abbrev  0x00000000000007ac      0x1ed ./Application/User/stm32xx_it.o
 .debug_abbrev  0x0000000000000999      0x2b8 ./Application/User/usbd_audio_if.o
 .debug_abbrev  0x0000000000000c51      0x3ce ./Application/User/usbd_conf.o
 .debug_abbrev  0x000000000000101f      0x1e4 ./Application/User/usbd_desc.o
 .debug_abbrev  0x0000000000001203      0x479 ./Drivers/BSP/X-NUCLEO-CCA02M2/cca02m2_audio.o
 .debug_abbrev  0x000000000000167c      0x13c ./Drivers/CMSIS/system_stm32wbxx.o
 .debug_abbrev  0x00000000000017b8      0x43c ./Drivers/STM32WBxx_HAL_Driver/stm32wbxx_hal.o
 .debug_abbrev  0x0000000000001bf4      0x37f ./Drivers/STM32WBxx_HAL_Driver/stm32wbxx_hal_cortex.o
 .debug_abbrev  0x0000000000001f73      0x27c ./Drivers/STM32WBxx_HAL_Driver/stm32wbxx_hal_dma.o
 .debug_abbrev  0x00000000000021ef      0x1ef ./Drivers/STM32WBxx_HAL_Driver/stm32wbxx_hal_gpio.o
 .debug_abbrev  0x00000000000023de      0x3d5 ./Drivers/STM32WBxx_HAL_Driver/stm32wbxx_hal_pcd.o
 .debug_abbrev  0x00000000000027b3      0x29e ./Drivers/STM32WBxx_HAL_Driver/stm32wbxx_hal_pcd_ex.o
 .debug_abbrev  0x0000000000002a51      0x236 ./Drivers/STM32WBxx_HAL_Driver/stm32wbxx_hal_pwr.o
 .debug_abbrev  0x0000000000002c87      0x373 ./Drivers/STM32WBxx_HAL_Driver/stm32wbxx_hal_pwr_ex.o
 .debug_abbrev  0x0000000000002ffa      0x426 ./Drivers/STM32WBxx_HAL_Driver/stm32wbxx_hal_rcc.o
 .debug_abbrev  0x0000000000003420      0x4fc ./Drivers/STM32WBxx_HAL_Driver/stm32wbxx_hal_rcc_ex.o
 .debug_abbrev  0x000000000000391c      0x392 ./Drivers/STM32WBxx_HAL_Driver/stm32wbxx_hal_sai.o
 .debug_abbrev  0x0000000000003cae      0x2e2 ./Drivers/STM32WBxx_HAL_Driver/stm32wbxx_ll_usb.o
 .debug_abbrev  0x0000000000003f90      0x47a ./Middlewares/ST/STM32_USB_Device_Library/Class/AUDIO/usbd_audio_in.o
 .debug_abbrev  0x000000000000440a      0x3af ./Middlewares/ST/STM32_USB_Device_Library/Core/usbd_core.o
 .debug_abbrev  0x00000000000047b9      0x39e ./Middlewares/ST/STM32_USB_Device_Library/Core/usbd_ctlreq.o
 .debug_abbrev  0x0000000000004b57      0x1b5 ./Middlewares/ST/STM32_USB_Device_Library/Core/usbd_ioreq.o
 .debug_abbrev  0x0000000000004d0c      0x37c ../../../../../../../../Drivers/CMSIS/DSP/Lib/GCC/libarm_cortexM4lf_math.a(arm_fir_decimate_q15.o)
 .debug_abbrev  0x0000000000005088      0x250 ../../../../../../../../Drivers/CMSIS/DSP/Lib/GCC/libarm_cortexM4lf_math.a(arm_fir_decimate_init_q15.o)

.debug_aranges  0x0000000000000000     0x10b8
 .debug_aranges
                0x0000000000000000       0x28 ./Application/SW4STM32/startup_stm32wb55xx_cm4.o
 .debug_aranges
                0x0000000000000028       0xb0 ./Application/SW4STM32/syscalls.o
 .debug_aranges
                0x00000000000000d8       0x40 ./Application/User/audio_application.o
 .debug_aranges
                0x0000000000000118       0x20 ./Application/User/cube_hal_wb.o
 .debug_aranges
                0x0000000000000138       0x20 ./Application/User/main.o
 .debug_aranges
                0x0000000000000158       0x40 ./Application/User/stm32xx_it.o
 .debug_aranges
                0x0000000000000198       0x48 ./Application/User/usbd_audio_if.o
 .debug_aranges
                0x00000000000001e0      0x108 ./Application/User/usbd_conf.o
 .debug_aranges
                0x00000000000002e8       0x50 ./Application/User/usbd_desc.o
 .debug_aranges
                0x0000000000000338       0xf0 ./Drivers/BSP/X-NUCLEO-CCA02M2/cca02m2_audio.o
 .debug_aranges
                0x0000000000000428       0x28 ./Drivers/CMSIS/system_stm32wbxx.o
 .debug_aranges
                0x0000000000000450      0x150 ./Drivers/STM32WBxx_HAL_Driver/stm32wbxx_hal.o
 .debug_aranges
                0x00000000000005a0       0xa0 ./Drivers/STM32WBxx_HAL_Driver/stm32wbxx_hal_cortex.o
 .debug_aranges
                0x0000000000000640       0x88 ./Drivers/STM32WBxx_HAL_Driver/stm32wbxx_hal_dma.o
 .debug_aranges
                0x00000000000006c8       0x60 ./Drivers/STM32WBxx_HAL_Driver/stm32wbxx_hal_gpio.o
 .debug_aranges
                0x0000000000000728       0xc8 ./Drivers/STM32WBxx_HAL_Driver/stm32wbxx_hal_pcd.o
 .debug_aranges
                0x00000000000007f0       0x50 ./Drivers/STM32WBxx_HAL_Driver/stm32wbxx_hal_pcd_ex.o
 .debug_aranges
                0x0000000000000840       0x98 ./Drivers/STM32WBxx_HAL_Driver/stm32wbxx_hal_pwr.o
 .debug_aranges